../X-CUBE-AI/App/app_x-cube-ai.c:178:10:getCurrentMicros	24	static
../X-CUBE-AI/App/app_x-cube-ai.c:203:9:Switch_Led	8	static
../X-CUBE-AI/App/app_x-cube-ai.c:232:11:Set_arrOutData	16	static
../X-CUBE-AI/App/app_x-cube-ai.c:246:7:Led_State_As_String	16	static
../X-CUBE-AI/App/app_x-cube-ai.c:263:5:acquire_and_process_data	16	static
../X-CUBE-AI/App/app_x-cube-ai.c:281:5:post_process	120	static
../X-CUBE-AI/App/app_x-cube-ai.c:304:6:MX_X_CUBE_AI_Init	16	static
../X-CUBE-AI/App/app_x-cube-ai.c:311:6:MX_X_CUBE_AI_Process	72	static
