../Drivers/CMSIS/Include/core_cm7.h:2229:22:SCB_EnableICache	4	static,ignoring_inline_asm
../Drivers/CMSIS/Include/core_cm7.h:2281:22:SCB_EnableDCache	24	static,ignoring_inline_asm
../Core/Src/main.c:72:1:__io_putchar	16	static
../Core/Src/main.c:83:9:Switch_Led	24	static
../Core/Src/main.c:109:10:getCurrentMicros	24	static
../Core/Src/main.c:128:5:main	112	static
../Core/Src/main.c:266:6:SystemClock_Config	88	static
../Core/Src/main.c:320:6:MX_USART3_UART_Init	8	static
../Core/Src/main.c:355:13:MX_GPIO_Init	56	static
../Core/Src/main.c:459:6:MPU_Config	8	static
../Core/Src/main.c:474:6:Error_Handler	4	static,ignoring_inline_asm
