Archive member included to satisfy reference by file (symbol)

../Middlewares/ST/AI/Lib\NetworkRuntime1020_CM7_GCC.a(ai_platform.o)
                              ./X-CUBE-AI/App/network.o (ai_buffer_array_item_set_address)
../Middlewares/ST/AI/Lib\NetworkRuntime1020_CM7_GCC.a(ai_platform_interface.o)
                              ./X-CUBE-AI/App/network.o (ai_platform_get_weights_map)
../Middlewares/ST/AI/Lib\NetworkRuntime1020_CM7_GCC.a(core_common.o)
                              ../Middlewares/ST/AI/Lib\NetworkRuntime1020_CM7_GCC.a(ai_platform_interface.o) (core_init)
../Middlewares/ST/AI/Lib\NetworkRuntime1020_CM7_GCC.a(core_mem_manager.o)
                              ../Middlewares/ST/AI/Lib\NetworkRuntime1020_CM7_GCC.a(ai_platform_interface.o) (core_mem_alloc)
../Middlewares/ST/AI/Lib\NetworkRuntime1020_CM7_GCC.a(layers.o)
                              ../Middlewares/ST/AI/Lib\NetworkRuntime1020_CM7_GCC.a(ai_platform_interface.o) (ai_check_custom_types)
../Middlewares/ST/AI/Lib\NetworkRuntime1020_CM7_GCC.a(layers_conv2d_generic_float.o)
                              ./X-CUBE-AI/App/network.o (forward_dense)
../Middlewares/ST/AI/Lib\NetworkRuntime1020_CM7_GCC.a(layers_nl_generic_float.o)
                              ./X-CUBE-AI/App/network.o (forward_relu)
../Middlewares/ST/AI/Lib\NetworkRuntime1020_CM7_GCC.a(layers_conv2d_integer_scratch.o)
                              ../Middlewares/ST/AI/Lib\NetworkRuntime1020_CM7_GCC.a(layers.o) (get_dense_scratch_size_s8)
../Middlewares/ST/AI/Lib\NetworkRuntime1020_CM7_GCC.a(forward_lite_conv2d_if32of32wf32.o)
                              ../Middlewares/ST/AI/Lib\NetworkRuntime1020_CM7_GCC.a(layers_conv2d_generic_float.o) (forward_lite_conv2d_if32of32wf32)
../Middlewares/ST/AI/Lib\NetworkRuntime1020_CM7_GCC.a(lite_nl_softmax_if32of32.o)
                              ../Middlewares/ST/AI/Lib\NetworkRuntime1020_CM7_GCC.a(layers_nl_generic_float.o) (forward_lite_nl_softmax_if32of32_kernel)
../Middlewares/ST/AI/Lib\NetworkRuntime1020_CM7_GCC.a(lite_nl_relu_if32of32.o)
                              ../Middlewares/ST/AI/Lib\NetworkRuntime1020_CM7_GCC.a(layers_nl_generic_float.o) (forward_lite_nl_prelu_if32of32_kernel)
../Middlewares/ST/AI/Lib\NetworkRuntime1020_CM7_GCC.a(lite_dense_if32.o)
                              ../Middlewares/ST/AI/Lib\NetworkRuntime1020_CM7_GCC.a(layers_conv2d_generic_float.o) (lite_decompress_ilutof32)
../Middlewares/ST/AI/Lib\NetworkRuntime1020_CM7_GCC.a(lite_nl_generic_float.o)
                              ../Middlewares/ST/AI/Lib\NetworkRuntime1020_CM7_GCC.a(layers_nl_generic_float.o) (forward_lite_nl_softmax_if32of32)
../Middlewares/ST/AI/Lib\NetworkRuntime1020_CM7_GCC.a(st_int8_fill.o)
                              ../Middlewares/ST/AI/Lib\NetworkRuntime1020_CM7_GCC.a(ai_platform_interface.o) (st_int8_copy)
../Middlewares/ST/AI/Lib\NetworkRuntime1020_CM7_GCC.a(ai_math_helpers.o)
                              ../Middlewares/ST/AI/Lib\NetworkRuntime1020_CM7_GCC.a(layers_nl_generic_float.o) (ai_math_sqrt)
../Middlewares/ST/AI/Lib\NetworkRuntime1020_CM7_GCC.a(ai_datatypes_format.o)
                              ../Middlewares/ST/AI/Lib\NetworkRuntime1020_CM7_GCC.a(ai_platform_interface.o) (ai_array_to_buffer_fmt)
../Middlewares/ST/AI/Lib\NetworkRuntime1020_CM7_GCC.a(ai_datatypes_internal.o)
                              ../Middlewares/ST/AI/Lib\NetworkRuntime1020_CM7_GCC.a(ai_platform_interface.o) (ai_version_get)
../Middlewares/ST/AI/Lib\NetworkRuntime1020_CM7_GCC.a(ai_math_elementwise_mul_int8.o)
                              ../Middlewares/ST/AI/Lib\NetworkRuntime1020_CM7_GCC.a(ai_math_helpers.o) (ai_math_elementwise_mul_int8)
../Middlewares/ST/AI/Lib\NetworkRuntime1020_CM7_GCC.a(ai_math_elementwise_sum_int8.o)
                              ../Middlewares/ST/AI/Lib\NetworkRuntime1020_CM7_GCC.a(ai_math_helpers.o) (ai_math_elementwise_sum_int8)
../Middlewares/ST/AI/Lib\NetworkRuntime1020_CM7_GCC.a(st_align_factor.o)
                              ../Middlewares/ST/AI/Lib\NetworkRuntime1020_CM7_GCC.a(ai_math_helpers.o) (align_factor)
D:/STM32/STM32CubeIDE_1.19.0/STM32CubeIDE/plugins/com.st.stm32cube.ide.mcu.externaltools.gnu-tools-for-stm32.13.3.rel1.win32_1.0.0.202411081344/tools/bin/../lib/gcc/arm-none-eabi/13.3.1/../../../../arm-none-eabi/lib/thumb/v7e-m+dp/hard\libc_nano.a(libc_a-exit.o)
                              D:/STM32/STM32CubeIDE_1.19.0/STM32CubeIDE/plugins/com.st.stm32cube.ide.mcu.externaltools.gnu-tools-for-stm32.13.3.rel1.win32_1.0.0.202411081344/tools/bin/../lib/gcc/arm-none-eabi/13.3.1/../../../../arm-none-eabi/lib/thumb/v7e-m+dp/hard/crt0.o (exit)
D:/STM32/STM32CubeIDE_1.19.0/STM32CubeIDE/plugins/com.st.stm32cube.ide.mcu.externaltools.gnu-tools-for-stm32.13.3.rel1.win32_1.0.0.202411081344/tools/bin/../lib/gcc/arm-none-eabi/13.3.1/../../../../arm-none-eabi/lib/thumb/v7e-m+dp/hard\libc_nano.a(libc_a-malloc.o)
                              ../Middlewares/ST/AI/Lib\NetworkRuntime1020_CM7_GCC.a(core_mem_manager.o) (malloc)
[...]
Memory Configuration

Name             Origin             Length             Attributes
RAM              0x20000000         0x00080000         xrw
FLASH            0x08000000         0x00200000         xr
*default*        0x00000000         0xffffffff

Linker script and memory map

LOAD D:/STM32/STM32CubeIDE_1.19.0/STM32CubeIDE/plugins/com.st.stm32cube.ide.mcu.externaltools.gnu-tools-for-stm32.13.3.rel1.win32_1.0.0.202411081344/tools/bin/../lib/gcc/arm-none-eabi/13.3.1/thumb/v7e-m+dp/hard/crti.o
LOAD D:/STM32/STM32CubeIDE_1.19.0/STM32CubeIDE/plugins/com.st.stm32cube.ide.mcu.externaltools.gnu-tools-for-stm32.13.3.rel1.win32_1.0.0.202411081344/tools/bin/../lib/gcc/arm-none-eabi/13.3.1/thumb/v7e-m+dp/hard/crtbegin.o
LOAD D:/STM32/STM32CubeIDE_1.19.0/STM32CubeIDE/plugins/com.st.stm32cube.ide.mcu.externaltools.gnu-tools-for-stm32.13.3.rel1.win32_1.0.0.202411081344/tools/bin/../lib/gcc/arm-none-eabi/13.3.1/../../../../arm-none-eabi/lib/thumb/v7e-m+dp/hard/crt0.o
LOAD ./Core/Src/main.o
LOAD ./Core/Src/stm32f7xx_hal_msp.o
LOAD ./Core/Src/stm32f7xx_it.o
LOAD ./Core/Src/sysmem.o
LOAD ./Core/Src/system_stm32f7xx.o
LOAD ./Core/Startup/startup_stm32f767zitx.o
LOAD ./Drivers/STM32F7xx_HAL_Driver/Src/stm32f7xx_hal.o
LOAD ./Drivers/STM32F7xx_HAL_Driver/Src/stm32f7xx_hal_cortex.o
LOAD ./Drivers/STM32F7xx_HAL_Driver/Src/stm32f7xx_hal_dma.o
LOAD ./Drivers/STM32F7xx_HAL_Driver/Src/stm32f7xx_hal_dma_ex.o
LOAD ./Drivers/STM32F7xx_HAL_Driver/Src/stm32f7xx_hal_exti.o
LOAD ./Drivers/STM32F7xx_HAL_Driver/Src/stm32f7xx_hal_flash.o
LOAD ./Drivers/STM32F7xx_HAL_Driver/Src/stm32f7xx_hal_flash_ex.o
LOAD ./Drivers/STM32F7xx_HAL_Driver/Src/stm32f7xx_hal_gpio.o
LOAD ./Drivers/STM32F7xx_HAL_Driver/Src/stm32f7xx_hal_i2c.o
LOAD ./Drivers/STM32F7xx_HAL_Driver/Src/stm32f7xx_hal_i2c_ex.o
LOAD ./Drivers/STM32F7xx_HAL_Driver/Src/stm32f7xx_hal_pwr.o
LOAD ./Drivers/STM32F7xx_HAL_Driver/Src/stm32f7xx_hal_pwr_ex.o
LOAD ./Drivers/STM32F7xx_HAL_Driver/Src/stm32f7xx_hal_rcc.o
LOAD ./Drivers/STM32F7xx_HAL_Driver/Src/stm32f7xx_hal_rcc_ex.o
LOAD ./Drivers/STM32F7xx_HAL_Driver/Src/stm32f7xx_hal_tim.o
LOAD ./Drivers/STM32F7xx_HAL_Driver/Src/stm32f7xx_hal_tim_ex.o
LOAD ./Drivers/STM32F7xx_HAL_Driver/Src/stm32f7xx_ll_dma.o
LOAD ./Drivers/STM32F7xx_HAL_Driver/Src/stm32f7xx_ll_exti.o
LOAD ./Drivers/STM32F7xx_HAL_Driver/Src/stm32f7xx_ll_gpio.o
LOAD ./Drivers/STM32F7xx_HAL_Driver/Src/stm32f7xx_ll_rcc.o
LOAD ./Drivers/STM32F7xx_HAL_Driver/Src/stm32f7xx_ll_usart.o
LOAD ./Drivers/STM32F7xx_HAL_Driver/Src/stm32f7xx_ll_utils.o
LOAD ./X-CUBE-AI/App/app_x-cube-ai.o
LOAD ./X-CUBE-AI/App/network.o
LOAD ./X-CUBE-AI/App/network_data.o
LOAD ./X-CUBE-AI/App/network_data_params.o
LOAD ../Middlewares/ST/AI/Lib\NetworkRuntime1020_CM7_GCC.a
START GROUP
LOAD D:/STM32/STM32CubeIDE_1.19.0/STM32CubeIDE/plugins/com.st.stm32cube.ide.mcu.externaltools.gnu-tools-for-stm32.13.3.rel1.win32_1.0.0.202411081344/tools/bin/../lib/gcc/arm-none-eabi/13.3.1/../../../../arm-none-eabi/lib/thumb/v7e-m+dp/hard\libc_nano.a
LOAD D:/STM32/STM32CubeIDE_1.19.0/STM32CubeIDE/plugins/com.st.stm32cube.ide.mcu.externaltools.gnu-tools-for-stm32.13.3.rel1.win32_1.0.0.202411081344/tools/bin/../lib/gcc/arm-none-eabi/13.3.1/../../../../arm-none-eabi/lib/thumb/v7e-m+dp/hard\libm.a
END GROUP
START GROUP
LOAD D:/STM32/STM32CubeIDE_1.19.0/STM32CubeIDE/plugins/com.st.stm32cube.ide.mcu.externaltools.gnu-tools-for-stm32.13.3.rel1.win32_1.0.0.202411081344/tools/bin/../lib/gcc/arm-none-eabi/13.3.1/thumb/v7e-m+dp/hard\libgcc.a
LOAD D:/STM32/STM32CubeIDE_1.19.0/STM32CubeIDE/plugins/com.st.stm32cube.ide.mcu.externaltools.gnu-tools-for-stm32.13.3.rel1.win32_1.0.0.202411081344/tools/bin/../lib/gcc/arm-none-eabi/13.3.1/../../../../arm-none-eabi/lib/thumb/v7e-m+dp/hard\libc_nano.a
END GROUP
START GROUP
LOAD D:/STM32/STM32CubeIDE_1.19.0/STM32CubeIDE/plugins/com.st.stm32cube.ide.mcu.externaltools.gnu-tools-for-stm32.13.3.rel1.win32_1.0.0.202411081344/tools/bin/../lib/gcc/arm-none-eabi/13.3.1/thumb/v7e-m+dp/hard\libgcc.a
LOAD D:/STM32/STM32CubeIDE_1.19.0/STM32CubeIDE/plugins/com.st.stm32cube.ide.mcu.externaltools.gnu-tools-for-stm32.13.3.rel1.win32_1.0.0.202411081344/tools/bin/../lib/gcc/arm-none-eabi/13.3.1/../../../../arm-none-eabi/lib/thumb/v7e-m+dp/hard\libc_nano.a
LOAD D:/STM32/STM32CubeIDE_1.19.0/STM32CubeIDE/plugins/com.st.stm32cube.ide.mcu.externaltools.gnu-tools-for-stm32.13.3.rel1.win32_1.0.0.202411081344/tools/bin/../lib/gcc/arm-none-eabi/13.3.1/../../../../arm-none-eabi/lib/thumb/v7e-m+dp/hard\libnosys.a
END GROUP
START GROUP
LOAD D:/STM32/STM32CubeIDE_1.19.0/STM32CubeIDE/plugins/com.st.stm32cube.ide.mcu.externaltools.gnu-tools-for-stm32.13.3.rel1.win32_1.0.0.202411081344/tools/bin/../lib/gcc/arm-none-eabi/13.3.1/thumb/v7e-m+dp/hard\libgcc.a
LOAD D:/STM32/STM32CubeIDE_1.19.0/STM32CubeIDE/plugins/com.st.stm32cube.ide.mcu.externaltools.gnu-tools-for-stm32.13.3.rel1.win32_1.0.0.202411081344/tools/bin/../lib/gcc/arm-none-eabi/13.3.1/../../../../arm-none-eabi/lib/thumb/v7e-m+dp/hard\libc_nano.a
LOAD D:/STM32/STM32CubeIDE_1.19.0/STM32CubeIDE/plugins/com.st.stm32cube.ide.mcu.externaltools.gnu-tools-for-stm32.13.3.rel1.win32_1.0.0.202411081344/tools/bin/../lib/gcc/arm-none-eabi/13.3.1/../../../../arm-none-eabi/lib/thumb/v7e-m+dp/hard\libnosys.a
END GROUP
LOAD D:/STM32/STM32CubeIDE_1.19.0/STM32CubeIDE/plugins/com.st.stm32cube.ide.mcu.externaltools.gnu-tools-for-stm32.13.3.rel1.win32_1.0.0.202411081344/tools/bin/../lib/gcc/arm-none-eabi/13.3.1/thumb/v7e-m+dp/hard/crtend.o
LOAD D:/STM32/STM32CubeIDE_1.19.0/STM32CubeIDE/plugins/com.st.stm32cube.ide.mcu.externaltools.gnu-tools-for-stm32.13.3.rel1.win32_1.0.0.202411081344/tools/bin/../lib/gcc/arm-none-eabi/13.3.1/thumb/v7e-m+dp/hard/crtn.o
                0x20080000                        _estack = (ORIGIN (RAM) + LENGTH (RAM))
                0x00000800                        _Min_Heap_Size = 0x800
                0x00000800                        _Min_Stack_Size = 0x800

.isr_vector     0x08000000      0x1f8
                0x08000000                        . = ALIGN (0x4)
 *(.isr_vector)
 .isr_vector    0x08000000      0x1f8 ./Core/Startup/startup_stm32f767zitx.o
                0x08000000                g_pfnVectors
                0x080001f8                        . = ALIGN (0x4)

.text           0x08000200     0x77e4
                0x08000200                        . = ALIGN (0x4)
 *(.text)
 .text          0x08000200       0x40 D:/STM32/STM32CubeIDE_1.19.0/STM32CubeIDE/plugins/com.st.stm32cube.ide.mcu.externaltools.gnu-tools-for-stm32.13.3.rel1.win32_1.0.0.202411081344/tools/bin/../lib/gcc/arm-none-eabi/13.3.1/thumb/v7e-m+dp/hard/crtbegin.o
 .text          0x08000240       0xa0 D:/STM32/STM32CubeIDE_1.19.0/STM32CubeIDE/plugins/com.st.stm32cube.ide.mcu.externaltools.gnu-tools-for-stm32.13.3.rel1.win32_1.0.0.202411081344/tools/bin/../lib/gcc/arm-none-eabi/13.3.1/../../../../arm-none-eabi/lib/thumb/v7e-m+dp/hard\libc_nano.a(libc_a-memchr.o)
                0x08000240                memchr
 .text          0x080002e0       0x10 D:/STM32/STM32CubeIDE_1.19.0/STM32CubeIDE/plugins/com.st.stm32cube.ide.mcu.externaltools.gnu-tools-for-stm32.13.3.rel1.win32_1.0.0.202411081344/tools/bin/../lib/gcc/arm-none-eabi/13.3.1/../../../../arm-none-eabi/lib/thumb/v7e-m+dp/hard\libc_nano.a(libc_a-strlen.o)
                0x080002e0                strlen
 .text          0x080002f0      0x378 D:/STM32/STM32CubeIDE_1.19.0/STM32CubeIDE/plugins/com.st.stm32cube.ide.mcu.externaltools.gnu-tools-for-stm32.13.3.rel1.win32_1.0.0.202411081344/tools/bin/../lib/gcc/arm-none-eabi/13.3.1/thumb/v7e-m+dp/hard\libgcc.a(_arm_addsubdf3.o)
                0x080002f0                __aeabi_drsub
                0x080002f8                __aeabi_dsub
                0x080002f8                __subdf3
                0x080002fc                __aeabi_dadd
                0x080002fc                __adddf3
                0x08000574                __floatunsidf
                0x08000574                __aeabi_ui2d
                0x08000594                __floatsidf
                0x08000594                __aeabi_i2d
                0x080005b8                __aeabi_f2d
                0x080005b8                __extendsfdf2
                0x080005fc                __floatundidf
                0x080005fc                __aeabi_ul2d
                0x0800060c                __floatdidf
                0x0800060c                __aeabi_l2d
 .text          0x08000668       0x30 D:/STM32/STM32CubeIDE_1.19.0/STM32CubeIDE/plugins/com.st.stm32cube.ide.mcu.externaltools.gnu-tools-for-stm32.13.3.rel1.win32_1.0.0.202411081344/tools/bin/../lib/gcc/arm-none-eabi/13.3.1/thumb/v7e-m+dp/hard\libgcc.a(_aeabi_uldivmod.o)
                0x08000668                __aeabi_uldivmod
 .text          0x08000698      0x2f8 D:/STM32/STM32CubeIDE_1.19.0/STM32CubeIDE/plugins/com.st.stm32cube.ide.mcu.externaltools.gnu-tools-for-stm32.13.3.rel1.win32_1.0.0.202411081344/tools/bin/../lib/gcc/arm-none-eabi/13.3.1/thumb/v7e-m+dp/hard\libgcc.a(_udivmoddi4.o)
                0x08000698                __udivmoddi4
 .text          0x08000990        0x4 D:/STM32/STM32CubeIDE_1.19.0/STM32CubeIDE/plugins/com.st.stm32cube.ide.mcu.externaltools.gnu-tools-for-stm32.13.3.rel1.win32_1.0.0.202411081344/tools/bin/../lib/gcc/arm-none-eabi/13.3.1/thumb/v7e-m+dp/hard\libgcc.a(_dvmd_tls.o)
                0x08000990                __aeabi_idiv0
                0x08000990                __aeabi_ldiv0
 *(.text*)
 .text.SystemClock_Config
                0x08000994       0xb4 ./Core/Src/main.o
                0x08000994                SystemClock_Config
 .text.startup.main
                0x08000a48      0x304 ./Core/Src/main.o
                0x08000a48                main
 .text._write   0x08000d4c       0x20 ./Core/Src/main.o
                0x08000d4c                _write
 .text.UART_CharReception_Callback
                0x08000d6c       0x30 ./Core/Src/main.o
                0x08000d6c                UART_CharReception_Callback
 .text.UART_Error_Callback
                0x08000d9c       0x64 ./Core/Src/main.o
                0x08000d9c                UART_Error_Callback
 .text.HAL_MspInit
                0x08000e00       0x30 ./Core/Src/stm32f7xx_hal_msp.o
                0x08000e00                HAL_MspInit
 .text.HAL_TIM_Base_MspInit
                0x08000e30       0x28 ./Core/Src/stm32f7xx_hal_msp.o
                0x08000e30                HAL_TIM_Base_MspInit
 .text.NMI_Handler
                0x08000e58        0x4 ./Core/Src/stm32f7xx_it.o
                0x08000e58                NMI_Handler
 .text.HardFault_Handler
                0x08000e5c        0x4 ./Core/Src/stm32f7xx_it.o
                0x08000e5c                HardFault_Handler
 .text.MemManage_Handler
                0x08000e60        0x4 ./Core/Src/stm32f7xx_it.o
                0x08000e60                MemManage_Handler
 .text.BusFault_Handler
                0x08000e64        0x4 ./Core/Src/stm32f7xx_it.o
                0x08000e64                BusFault_Handler
 .text.UsageFault_Handler
                0x08000e68        0x4 ./Core/Src/stm32f7xx_it.o
                0x08000e68                UsageFault_Handler
 .text.SVC_Handler
                0x08000e6c        0x4 ./Core/Src/stm32f7xx_it.o
                0x08000e6c                SVC_Handler
 .text.DebugMon_Handler
                0x08000e70        0x4 ./Core/Src/stm32f7xx_it.o
                0x08000e70                DebugMon_Handler
 .text.PendSV_Handler
                0x08000e74        0x4 ./Core/Src/stm32f7xx_it.o
                0x08000e74                PendSV_Handler
 .text.SysTick_Handler
                0x08000e78        0x4 ./Core/Src/stm32f7xx_it.o
                0x08000e78                SysTick_Handler
 .text.USART3_IRQHandler
                0x08000e7c       0x48 ./Core/Src/stm32f7xx_it.o
                0x08000e7c                USART3_IRQHandler
 .text._sbrk    0x08000ec4       0x48 ./Core/Src/sysmem.o
                0x08000ec4                _sbrk
 .text.SystemInit
                0x08000f0c       0x14 ./Core/Src/system_stm32f7xx.o
                0x08000f0c                SystemInit
 .text.Reset_Handler
                0x08000f20       0x50 ./Core/Startup/startup_stm32f767zitx.o
                0x08000f20                Reset_Handler
 .text.Default_Handler
                0x08000f70        0x2 ./Core/Startup/startup_stm32f767zitx.o
                0x08000f70                RTC_Alarm_IRQHandler
                0x08000f70                EXTI2_IRQHandler
                0x08000f70                TIM8_CC_IRQHandler
                0x08000f70                UART8_IRQHandler
                0x08000f70                SPI4_IRQHandler
                0x08000f70                TIM1_CC_IRQHandler
                0x08000f70                DMA2_Stream5_IRQHandler
                0x08000f70                JPEG_IRQHandler
                0x08000f70                DMA1_Stream5_IRQHandler
                0x08000f70                CAN3_RX1_IRQHandler
                0x08000f70                PVD_IRQHandler
                0x08000f70                TAMP_STAMP_IRQHandler
                0x08000f70                CAN2_RX1_IRQHandler
                0x08000f70                EXTI3_IRQHandler
                0x08000f70                TIM8_TRG_COM_TIM14_IRQHandler
                0x08000f70                DFSDM1_FLT1_IRQHandler
                0x08000f70                TIM1_UP_TIM10_IRQHandler
                0x08000f70                TIM8_UP_TIM13_IRQHandler
                0x08000f70                I2C3_ER_IRQHandler
                0x08000f70                DFSDM1_FLT2_IRQHandler
                0x08000f70                EXTI0_IRQHandler
                0x08000f70                I2C2_EV_IRQHandler
                0x08000f70                DMA1_Stream2_IRQHandler
                0x08000f70                CAN1_RX0_IRQHandler
                0x08000f70                FPU_IRQHandler
                0x08000f70                OTG_HS_WKUP_IRQHandler
                0x08000f70                CAN3_SCE_IRQHandler
                0x08000f70                LTDC_ER_IRQHandler
                0x08000f70                CAN2_SCE_IRQHandler
                0x08000f70                DMA2_Stream2_IRQHandler
                0x08000f70                SPI1_IRQHandler
                0x08000f70                TIM6_DAC_IRQHandler
                0x08000f70                TIM1_BRK_TIM9_IRQHandler
                0x08000f70                DCMI_IRQHandler
                0x08000f70                CAN2_RX0_IRQHandler
                0x08000f70                DMA2_Stream3_IRQHandler
                0x08000f70                SAI2_IRQHandler
                0x08000f70                DFSDM1_FLT3_IRQHandler
                0x08000f70                USART6_IRQHandler
                0x08000f70                CAN3_RX0_IRQHandler
                0x08000f70                CAN1_RX1_IRQHandler
                0x08000f70                UART5_IRQHandler
                0x08000f70                DMA2_Stream0_IRQHandler
                0x08000f70                TIM4_IRQHandler
                0x08000f70                QUADSPI_IRQHandler
                0x08000f70                I2C1_EV_IRQHandler
                0x08000f70                DMA1_Stream6_IRQHandler
                0x08000f70                DMA1_Stream1_IRQHandler
                0x08000f70                UART4_IRQHandler
                0x08000f70                TIM3_IRQHandler
                0x08000f70                RCC_IRQHandler
                0x08000f70                TIM8_BRK_TIM12_IRQHandler
                0x08000f70                Default_Handler
                0x08000f70                CEC_IRQHandler
                0x08000f70                EXTI15_10_IRQHandler
                0x08000f70                ADC_IRQHandler
                0x08000f70                DMA1_Stream7_IRQHandler
                0x08000f70                SPI5_IRQHandler
                0x08000f70                TIM7_IRQHandler
                0x08000f70                SDMMC1_IRQHandler
                0x08000f70                CAN2_TX_IRQHandler
                0x08000f70                TIM5_IRQHandler
                0x08000f70                DMA2_Stream7_IRQHandler
                0x08000f70                I2C3_EV_IRQHandler
                0x08000f70                EXTI9_5_IRQHandler
                0x08000f70                RTC_WKUP_IRQHandler
                0x08000f70                LTDC_IRQHandler
                0x08000f70                ETH_WKUP_IRQHandler
                0x08000f70                SPDIF_RX_IRQHandler
                0x08000f70                SPI2_IRQHandler
                0x08000f70                OTG_HS_EP1_IN_IRQHandler
                0x08000f70                DMA1_Stream0_IRQHandler
                0x08000f70                CAN1_TX_IRQHandler
                0x08000f70                EXTI4_IRQHandler
                0x08000f70                RNG_IRQHandler
                0x08000f70                ETH_IRQHandler
                0x08000f70                OTG_HS_EP1_OUT_IRQHandler
                0x08000f70                WWDG_IRQHandler
                0x08000f70                SPI6_IRQHandler
                0x08000f70                MDIOS_IRQHandler
                0x08000f70                I2C4_EV_IRQHandler
                0x08000f70                CAN3_TX_IRQHandler
                0x08000f70                TIM2_IRQHandler
                0x08000f70                OTG_FS_WKUP_IRQHandler
                0x08000f70                TIM1_TRG_COM_TIM11_IRQHandler
                0x08000f70                OTG_HS_IRQHandler
                0x08000f70                DMA2D_IRQHandler
                0x08000f70                EXTI1_IRQHandler
                0x08000f70                SDMMC2_IRQHandler
                0x08000f70                UART7_IRQHandler
                0x08000f70                USART2_IRQHandler
                0x08000f70                DFSDM1_FLT0_IRQHandler
                0x08000f70                I2C2_ER_IRQHandler
                0x08000f70                DMA2_Stream1_IRQHandler
                0x08000f70                CAN1_SCE_IRQHandler
                0x08000f70                FLASH_IRQHandler
                0x08000f70                DMA2_Stream4_IRQHandler
                0x08000f70                USART1_IRQHandler
                0x08000f70                OTG_FS_IRQHandler
                0x08000f70                SPI3_IRQHandler
                0x08000f70                DMA1_Stream4_IRQHandler
                0x08000f70                I2C1_ER_IRQHandler
                0x08000f70                FMC_IRQHandler
                0x08000f70                LPTIM1_IRQHandler
                0x08000f70                I2C4_ER_IRQHandler
                0x08000f70                DMA2_Stream6_IRQHandler
                0x08000f70                SAI1_IRQHandler
                0x08000f70                DMA1_Stream3_IRQHandler
 *fill*         0x08000f72        0x2 
 .text.HAL_InitTick
                0x08000f74       0x48 ./Drivers/STM32F7xx_HAL_Driver/Src/stm32f7xx_hal.o
                0x08000f74                HAL_InitTick
 .text.HAL_Init
                0x08000fbc       0x18 ./Drivers/STM32F7xx_HAL_Driver/Src/stm32f7xx_hal.o
                0x08000fbc                HAL_Init
 .text.HAL_IncTick
                0x08000fd4       0x18 ./Drivers/STM32F7xx_HAL_Driver/Src/stm32f7xx_hal.o
                0x08000fd4                HAL_IncTick
 .text.HAL_GetTick
                0x08000fec        0xc ./Drivers/STM32F7xx_HAL_Driver/Src/stm32f7xx_hal.o
                0x08000fec                HAL_GetTick
 .text.HAL_Delay
                0x08000ff8       0x24 ./Drivers/STM32F7xx_HAL_Driver/Src/stm32f7xx_hal.o
                0x08000ff8                HAL_Delay
 .text.HAL_NVIC_SetPriorityGrouping
                0x0800101c       0x24 ./Drivers/STM32F7xx_HAL_Driver/Src/stm32f7xx_hal_cortex.o
                0x0800101c                HAL_NVIC_SetPriorityGrouping
 .text.HAL_NVIC_SetPriority
                0x08001040       0x78 ./Drivers/STM32F7xx_HAL_Driver/Src/stm32f7xx_hal_cortex.o
                0x08001040                HAL_NVIC_SetPriority
 .text.HAL_SYSTICK_Config
                0x080010b8       0x2c ./Drivers/STM32F7xx_HAL_Driver/Src/stm32f7xx_hal_cortex.o
                0x080010b8                HAL_SYSTICK_Config
 .text.HAL_GPIO_Init
                0x080010e4      0x408 ./Drivers/STM32F7xx_HAL_Driver/Src/stm32f7xx_hal_gpio.o
                0x080010e4                HAL_GPIO_Init
 .text.HAL_GPIO_WritePin
                0x080014ec        0x8 ./Drivers/STM32F7xx_HAL_Driver/Src/stm32f7xx_hal_gpio.o
                0x080014ec                HAL_GPIO_WritePin
 .text.HAL_GPIO_TogglePin
                0x080014f4       0x14 ./Drivers/STM32F7xx_HAL_Driver/Src/stm32f7xx_hal_gpio.o
                0x080014f4                HAL_GPIO_TogglePin
 .text.HAL_PWR_EnableBkUpAccess
                0x08001508       0x10 ./Drivers/STM32F7xx_HAL_Driver/Src/stm32f7xx_hal_pwr.o
                0x08001508                HAL_PWR_EnableBkUpAccess
 .text.HAL_PWREx_EnableOverDrive
                0x08001518       0x74 ./Drivers/STM32F7xx_HAL_Driver/Src/stm32f7xx_hal_pwr_ex.o
                0x08001518                HAL_PWREx_EnableOverDrive
 .text.HAL_RCC_OscConfig
                0x0800158c      0x3ec ./Drivers/STM32F7xx_HAL_Driver/Src/stm32f7xx_hal_rcc.o
                0x0800158c                HAL_RCC_OscConfig
 .text.HAL_RCC_ClockConfig
                0x08001978      0x1a8 ./Drivers/STM32F7xx_HAL_Driver/Src/stm32f7xx_hal_rcc.o
                0x08001978                HAL_RCC_ClockConfig
 .text.HAL_RCCEx_PeriphCLKConfig
                0x08001b20      0x574 ./Drivers/STM32F7xx_HAL_Driver/Src/stm32f7xx_hal_rcc_ex.o
                0x08001b20                HAL_RCCEx_PeriphCLKConfig
 .text.HAL_TIM_Base_Init
                0x08002094      0x14c ./Drivers/STM32F7xx_HAL_Driver/Src/stm32f7xx_hal_tim.o
                0x08002094                HAL_TIM_Base_Init
 .text.HAL_TIM_Base_Start
                0x080021e0       0x9c ./Drivers/STM32F7xx_HAL_Driver/Src/stm32f7xx_hal_tim.o
                0x080021e0                HAL_TIM_Base_Start
 .text.HAL_TIM_ConfigClockSource
                0x0800227c      0x154 ./Drivers/STM32F7xx_HAL_Driver/Src/stm32f7xx_hal_tim.o
                0x0800227c                HAL_TIM_ConfigClockSource
 .text.HAL_TIMEx_MasterConfigSynchronization
                0x080023d0       0xb4 ./Drivers/STM32F7xx_HAL_Driver/Src/stm32f7xx_hal_tim_ex.o
                0x080023d0                HAL_TIMEx_MasterConfigSynchronization
 .text.LL_GPIO_Init
                0x08002484      0x15c ./Drivers/STM32F7xx_HAL_Driver/Src/stm32f7xx_ll_gpio.o
                0x08002484                LL_GPIO_Init
 .text.LL_RCC_GetUSARTClockFreq
                0x080025e0      0x1fc ./Drivers/STM32F7xx_HAL_Driver/Src/stm32f7xx_ll_rcc.o
                0x080025e0                LL_RCC_GetUSARTClockFreq
 .text.LL_RCC_GetUARTClockFreq
                0x080027dc      0x1a0 ./Drivers/STM32F7xx_HAL_Driver/Src/stm32f7xx_ll_rcc.o
                0x080027dc                LL_RCC_GetUARTClockFreq
 .text.LL_USART_Init
                0x0800297c      0x11c ./Drivers/STM32F7xx_HAL_Driver/Src/stm32f7xx_ll_usart.o
                0x0800297c                LL_USART_Init
 .text.post_process
                0x08002a98      0x158 ./X-CUBE-AI/App/app_x-cube-ai.o
                0x08002a98                post_process
 .text.MX_X_CUBE_AI_Init
                0x08002bf0       0x6c ./X-CUBE-AI/App/app_x-cube-ai.o
                0x08002bf0                MX_X_CUBE_AI_Init
 .text.MX_X_CUBE_AI_Process
                0x08002c5c      0x2c4 ./X-CUBE-AI/App/app_x-cube-ai.o
                0x08002c5c                MX_X_CUBE_AI_Process
 .text.ai_network_get_error
                0x08002f20        0x4 ./X-CUBE-AI/App/network.o
                0x08002f20                ai_network_get_error
 .text.ai_network_inputs_get
                0x08002f24       0x1c ./X-CUBE-AI/App/network.o
                0x08002f24                ai_network_inputs_get
 .text.ai_network_outputs_get
                0x08002f40       0x1c ./X-CUBE-AI/App/network.o
                0x08002f40                ai_network_outputs_get
 .text.ai_network_init
                0x08002f5c      0x1e4 ./X-CUBE-AI/App/network.o
                0x08002f5c                ai_network_init
 .text.ai_network_create_and_init
                0x08003140       0xb4 ./X-CUBE-AI/App/network.o
                0x08003140                ai_network_create_and_init
 .text.ai_network_run
                0x080031f4        0x4 ./X-CUBE-AI/App/network.o
                0x080031f4                ai_network_run
 .text.ai_network_data_params_get
                0x080031f8       0x34 ./X-CUBE-AI/App/network_data.o
                0x080031f8                ai_network_data_params_get
 .text.ai_buffer_get_size
                0x0800322c       0x60 ../Middlewares/ST/AI/Lib\NetworkRuntime1020_CM7_GCC.a(ai_platform.o)
                0x0800322c                ai_buffer_get_size
 .text.ai_buffer_array_sane
                0x0800328c       0x14 ../Middlewares/ST/AI/Lib\NetworkRuntime1020_CM7_GCC.a(ai_platform.o)
                0x0800328c                ai_buffer_array_sane
 .text.ai_buffer_array_item_set_address
                0x080032a0       0x1c ../Middlewares/ST/AI/Lib\NetworkRuntime1020_CM7_GCC.a(ai_platform.o)
                0x080032a0                ai_buffer_array_item_set_address
 .text.ai_platform_get_weights_map
                0x080032bc       0xb0 ../Middlewares/ST/AI/Lib\NetworkRuntime1020_CM7_GCC.a(ai_platform_interface.o)
                0x080032bc                ai_platform_get_weights_map
 .text.ai_platform_get_activations_map
                0x0800336c       0xb4 ../Middlewares/ST/AI/Lib\NetworkRuntime1020_CM7_GCC.a(ai_platform_interface.o)
                0x0800336c                ai_platform_get_activations_map
 .text.ai_platform_bind_network_params
                0x08003420       0x34 ../Middlewares/ST/AI/Lib\NetworkRuntime1020_CM7_GCC.a(ai_platform_interface.o)
                0x08003420                ai_platform_bind_network_params
 .text.ai_platform_network_get_error
                0x08003454       0x18 ../Middlewares/ST/AI/Lib\NetworkRuntime1020_CM7_GCC.a(ai_platform_interface.o)
                0x08003454                ai_platform_network_get_error
 .text.ai_platform_network_set_error
                0x0800346c        0xc ../Middlewares/ST/AI/Lib\NetworkRuntime1020_CM7_GCC.a(ai_platform_interface.o)
                0x0800346c                ai_platform_network_set_error
 .text.ai_platform_inputs_get
                0x08003478       0xf4 ../Middlewares/ST/AI/Lib\NetworkRuntime1020_CM7_GCC.a(ai_platform_interface.o)
                0x08003478                ai_platform_inputs_get
 .text.ai_platform_outputs_get
                0x0800356c       0xec ../Middlewares/ST/AI/Lib\NetworkRuntime1020_CM7_GCC.a(ai_platform_interface.o)
                0x0800356c                ai_platform_outputs_get
 .text.ai_platform_network_create
                0x08003658       0x84 ../Middlewares/ST/AI/Lib\NetworkRuntime1020_CM7_GCC.a(ai_platform_interface.o)
                0x08003658                ai_platform_network_create
 .text.ai_platform_network_init
                0x080036dc      0x144 ../Middlewares/ST/AI/Lib\NetworkRuntime1020_CM7_GCC.a(ai_platform_interface.o)
                0x080036dc                ai_platform_network_init
 .text.ai_platform_network_post_init
                0x08003820       0x58 ../Middlewares/ST/AI/Lib\NetworkRuntime1020_CM7_GCC.a(ai_platform_interface.o)
                0x08003820                ai_platform_network_post_init
 .text.ai_platform_network_process
                0x08003878      0x44c ../Middlewares/ST/AI/Lib\NetworkRuntime1020_CM7_GCC.a(ai_platform_interface.o)
                0x08003878                ai_platform_network_process
 .text.core_init
                0x08003cc4        0x4 ../Middlewares/ST/AI/Lib\NetworkRuntime1020_CM7_GCC.a(core_common.o)
                0x08003cc4                core_init
 .text.core_get_error
                0x08003cc8        0xc ../Middlewares/ST/AI/Lib\NetworkRuntime1020_CM7_GCC.a(core_common.o)
                0x08003cc8                core_get_error
 .text.core_set_error
                0x08003cd4       0x18 ../Middlewares/ST/AI/Lib\NetworkRuntime1020_CM7_GCC.a(core_common.o)
                0x08003cd4                core_set_error
 .text.ai_check_custom_types
                0x08003cec       0x50 ../Middlewares/ST/AI/Lib\NetworkRuntime1020_CM7_GCC.a(layers.o)
                0x08003cec                ai_check_custom_types
 .text.ai_layers_init_all
                0x08003d3c       0x20 ../Middlewares/ST/AI/Lib\NetworkRuntime1020_CM7_GCC.a(layers.o)
                0x08003d3c                ai_layers_init_all
 .text.ai_layers_post_init_all
                0x08003d5c       0x30 ../Middlewares/ST/AI/Lib\NetworkRuntime1020_CM7_GCC.a(layers.o)
                0x08003d5c                ai_layers_post_init_all
 .text.ai_layers_forward_all
                0x08003d8c       0x90 ../Middlewares/ST/AI/Lib\NetworkRuntime1020_CM7_GCC.a(layers.o)
                0x08003d8c                ai_layers_forward_all
 .text.forward_dense
                0x08003e1c      0x100 ../Middlewares/ST/AI/Lib\NetworkRuntime1020_CM7_GCC.a(layers_conv2d_generic_float.o)
                0x08003e1c                forward_dense
 .text.forward_relu
                0x08003f1c      0x12c ../Middlewares/ST/AI/Lib\NetworkRuntime1020_CM7_GCC.a(layers_nl_generic_float.o)
                0x08003f1c                forward_relu
 .text.forward_lite_nl_relu_generic_if32of32_kernel
                0x08004048       0xec ../Middlewares/ST/AI/Lib\NetworkRuntime1020_CM7_GCC.a(lite_nl_relu_if32of32.o)
                0x08004048                forward_lite_nl_relu_generic_if32of32_kernel
 .text.forward_lite_dense_if32of32wf32
                0x08004134      0x2b4 ../Middlewares/ST/AI/Lib\NetworkRuntime1020_CM7_GCC.a(lite_dense_if32.o)
                0x08004134                forward_lite_dense_if32of32wf32
 .text.forward_lite_dense_if32of32wf32_lut4
                0x080043e8      0x290 ../Middlewares/ST/AI/Lib\NetworkRuntime1020_CM7_GCC.a(lite_dense_if32.o)
                0x080043e8                forward_lite_dense_if32of32wf32_lut4
 .text.forward_lite_dense_if32of32wf32_lut8
                0x08004678      0x594 ../Middlewares/ST/AI/Lib\NetworkRuntime1020_CM7_GCC.a(lite_dense_if32.o)
                0x08004678                forward_lite_dense_if32of32wf32_lut8
 .text.st_int8_copy
                0x08004c0c      0x150 ../Middlewares/ST/AI/Lib\NetworkRuntime1020_CM7_GCC.a(st_int8_fill.o)
                0x08004c0c                st_int8_copy
 .text.ai_array_to_buffer_fmt
                0x08004d5c       0xe0 ../Middlewares/ST/AI/Lib\NetworkRuntime1020_CM7_GCC.a(ai_datatypes_format.o)
                0x08004d5c                ai_array_to_buffer_fmt
 .text.ai_array_get_data_byte_size
                0x08004e3c       0x20 ../Middlewares/ST/AI/Lib\NetworkRuntime1020_CM7_GCC.a(ai_datatypes_format.o)
                0x08004e3c                ai_array_get_data_byte_size
 .text.ai_version_get
                0x08004e5c        0xc ../Middlewares/ST/AI/Lib\NetworkRuntime1020_CM7_GCC.a(ai_datatypes_internal.o)
                0x08004e5c                ai_version_get
 .text.get_tensor_byte_size
                0x08004e68       0x2c ../Middlewares/ST/AI/Lib\NetworkRuntime1020_CM7_GCC.a(ai_datatypes_internal.o)
                0x08004e68                get_tensor_byte_size
 .text.malloc   0x08004e94       0x10 D:/STM32/STM32CubeIDE_1.19.0/STM32CubeIDE/plugins/com.st.stm32cube.ide.mcu.externaltools.gnu-tools-for-stm32.13.3.rel1.win32_1.0.0.202411081344/tools/bin/../lib/gcc/arm-none-eabi/13.3.1/../../../../arm-none-eabi/lib/thumb/v7e-m+dp/hard\libc_nano.a(libc_a-malloc.o)
                0x08004e94                malloc
 .text.sbrk_aligned
                0x08004ea4       0x44 D:/STM32/STM32CubeIDE_1.19.0/STM32CubeIDE/plugins/com.st.stm32cube.ide.mcu.externaltools.gnu-tools-for-stm32.13.3.rel1.win32_1.0.0.202411081344/tools/bin/../lib/gcc/arm-none-eabi/13.3.1/../../../../arm-none-eabi/lib/thumb/v7e-m+dp/hard\libc_nano.a(libc_a-mallocr.o)
 .text._malloc_r
                0x08004ee8      0x100 D:/STM32/STM32CubeIDE_1.19.0/STM32CubeIDE/plugins/com.st.stm32cube.ide.mcu.externaltools.gnu-tools-for-stm32.13.3.rel1.win32_1.0.0.202411081344/tools/bin/../lib/gcc/arm-none-eabi/13.3.1/../../../../arm-none-eabi/lib/thumb/v7e-m+dp/hard\libc_nano.a(libc_a-mallocr.o)
                0x08004ee8                _malloc_r
 .text.__malloc_lock
                0x08004fe8        0xc D:/STM32/STM32CubeIDE_1.19.0/STM32CubeIDE/plugins/com.st.stm32cube.ide.mcu.externaltools.gnu-tools-for-stm32.13.3.rel1.win32_1.0.0.202411081344/tools/bin/../lib/gcc/arm-none-eabi/13.3.1/../../../../arm-none-eabi/lib/thumb/v7e-m+dp/hard\libc_nano.a(libc_a-mlock.o)
                0x08004fe8                __malloc_lock
 .text.__malloc_unlock
                0x08004ff4        0xc D:/STM32/STM32CubeIDE_1.19.0/STM32CubeIDE/plugins/com.st.stm32cube.ide.mcu.externaltools.gnu-tools-for-stm32.13.3.rel1.win32_1.0.0.202411081344/tools/bin/../lib/gcc/arm-none-eabi/13.3.1/../../../../arm-none-eabi/lib/thumb/v7e-m+dp/hard\libc_nano.a(libc_a-mlock.o)
                0x08004ff4                __malloc_unlock
 .text.__cvt    0x08005000       0xa8 D:/STM32/STM32CubeIDE_1.19.0/STM32CubeIDE/plugins/com.st.stm32cube.ide.mcu.externaltools.gnu-tools-for-stm32.13.3.rel1.win32_1.0.0.202411081344/tools/bin/../lib/gcc/arm-none-eabi/13.3.1/../../../../arm-none-eabi/lib/thumb/v7e-m+dp/hard\libc_nano.a(libc_a-nano-vfprintf_float.o)
                0x08005000                __cvt
 .text.__exponent
                0x080050a8       0x74 D:/STM32/STM32CubeIDE_1.19.0/STM32CubeIDE/plugins/com.st.stm32cube.ide.mcu.externaltools.gnu-tools-for-stm32.13.3.rel1.win32_1.0.0.202411081344/tools/bin/../lib/gcc/arm-none-eabi/13.3.1/../../../../arm-none-eabi/lib/thumb/v7e-m+dp/hard\libc_nano.a(libc_a-nano-vfprintf_float.o)
                0x080050a8                __exponent
 *fill*         0x0800511c        0x4 
 .text._printf_float
                0x08005120      0x434 D:/STM32/STM32CubeIDE_1.19.0/STM32CubeIDE/plugins/com.st.stm32cube.ide.mcu.externaltools.gnu-tools-for-stm32.13.3.rel1.win32_1.0.0.202411081344/tools/bin/../lib/gcc/arm-none-eabi/13.3.1/../../../../arm-none-eabi/lib/thumb/v7e-m+dp/hard\libc_nano.a(libc_a-nano-vfprintf_float.o)
                0x08005120                _printf_float
 .text._printf_common
                0x08005554       0xda D:/STM32/STM32CubeIDE_1.19.0/STM32CubeIDE/plugins/com.st.stm32cube.ide.mcu.externaltools.gnu-tools-for-stm32.13.3.rel1.win32_1.0.0.202411081344/tools/bin/../lib/gcc/arm-none-eabi/13.3.1/../../../../arm-none-eabi/lib/thumb/v7e-m+dp/hard\libc_nano.a(libc_a-nano-vfprintf_i.o)
                0x08005554                _printf_common
 *fill*         0x0800562e        0x2 
 .text._printf_i
                0x08005630      0x23c D:/STM32/STM32CubeIDE_1.19.0/STM32CubeIDE/plugins/com.st.stm32cube.ide.mcu.externaltools.gnu-tools-for-stm32.13.3.rel1.win32_1.0.0.202411081344/tools/bin/../lib/gcc/arm-none-eabi/13.3.1/../../../../arm-none-eabi/lib/thumb/v7e-m+dp/hard\libc_nano.a(libc_a-nano-vfprintf_i.o)
                0x08005630                _printf_i
 .text.std      0x0800586c       0x6c D:/STM32/STM32CubeIDE_1.19.0/STM32CubeIDE/plugins/com.st.stm32cube.ide.mcu.externaltools.gnu-tools-for-stm32.13.3.rel1.win32_1.0.0.202411081344/tools/bin/../lib/gcc/arm-none-eabi/13.3.1/../../../../arm-none-eabi/lib/thumb/v7e-m+dp/hard\libc_nano.a(libc_a-findfp.o)
 .text.stdio_exit_handler
                0x080058d8       0x18 D:/STM32/STM32CubeIDE_1.19.0/STM32CubeIDE/plugins/com.st.stm32cube.ide.mcu.externaltools.gnu-tools-for-stm32.13.3.rel1.win32_1.0.0.202411081344/tools/bin/../lib/gcc/arm-none-eabi/13.3.1/../../../../arm-none-eabi/lib/thumb/v7e-m+dp/hard\libc_nano.a(libc_a-findfp.o)
 .text.cleanup_stdio
                0x080058f0       0x40 D:/STM32/STM32CubeIDE_1.19.0/STM32CubeIDE/plugins/com.st.stm32cube.ide.mcu.externaltools.gnu-tools-for-stm32.13.3.rel1.win32_1.0.0.202411081344/tools/bin/../lib/gcc/arm-none-eabi/13.3.1/../../../../arm-none-eabi/lib/thumb/v7e-m+dp/hard\libc_nano.a(libc_a-findfp.o)
 .text.global_stdio_init.part.0
                0x08005930       0x3c D:/STM32/STM32CubeIDE_1.19.0/STM32CubeIDE/plugins/com.st.stm32cube.ide.mcu.externaltools.gnu-tools-for-stm32.13.3.rel1.win32_1.0.0.202411081344/tools/bin/../lib/gcc/arm-none-eabi/13.3.1/../../../../arm-none-eabi/lib/thumb/v7e-m+dp/hard\libc_nano.a(libc_a-findfp.o)
 .text.__sfp_lock_acquire
                0x0800596c        0xc D:/STM32/STM32CubeIDE_1.19.0/STM32CubeIDE/plugins/com.st.stm32cube.ide.mcu.externaltools.gnu-tools-for-stm32.13.3.rel1.win32_1.0.0.202411081344/tools/bin/../lib/gcc/arm-none-eabi/13.3.1/../../../../arm-none-eabi/lib/thumb/v7e-m+dp/hard\libc_nano.a(libc_a-findfp.o)
                0x0800596c                __sfp_lock_acquire
 .text.__sfp_lock_release
                0x08005978        0xc D:/STM32/STM32CubeIDE_1.19.0/STM32CubeIDE/plugins/com.st.stm32cube.ide.mcu.externaltools.gnu-tools-for-stm32.13.3.rel1.win32_1.0.0.202411081344/tools/bin/../lib/gcc/arm-none-eabi/13.3.1/../../../../arm-none-eabi/lib/thumb/v7e-m+dp/hard\libc_nano.a(libc_a-findfp.o)
                0x08005978                __sfp_lock_release
 .text.__sinit  0x08005984       0x30 D:/STM32/STM32CubeIDE_1.19.0/STM32CubeIDE/plugins/com.st.stm32cube.ide.mcu.externaltools.gnu-tools-for-stm32.13.3.rel1.win32_1.0.0.202411081344/tools/bin/../lib/gcc/arm-none-eabi/13.3.1/../../../../arm-none-eabi/lib/thumb/v7e-m+dp/hard\libc_nano.a(libc_a-findfp.o)
                0x08005984                __sinit
 .text._fwalk_sglue
                0x080059b4       0x3c D:/STM32/STM32CubeIDE_1.19.0/STM32CubeIDE/plugins/com.st.stm32cube.ide.mcu.externaltools.gnu-tools-for-stm32.13.3.rel1.win32_1.0.0.202411081344/tools/bin/../lib/gcc/arm-none-eabi/13.3.1/../../../../arm-none-eabi/lib/thumb/v7e-m+dp/hard\libc_nano.a(libc_a-fwalk.o)
                0x080059b4                _fwalk_sglue
 .text.printf   0x080059f0       0x24 D:/STM32/STM32CubeIDE_1.19.0/STM32CubeIDE/plugins/com.st.stm32cube.ide.mcu.externaltools.gnu-tools-for-stm32.13.3.rel1.win32_1.0.0.202411081344/tools/bin/../lib/gcc/arm-none-eabi/13.3.1/../../../../arm-none-eabi/lib/thumb/v7e-m+dp/hard\libc_nano.a(libc_a-printf.o)
                0x080059f0                iprintf
                0x080059f0                printf
 .text._puts_r  0x08005a14       0xaa D:/STM32/STM32CubeIDE_1.19.0/STM32CubeIDE/plugins/com.st.stm32cube.ide.mcu.externaltools.gnu-tools-for-stm32.13.3.rel1.win32_1.0.0.202411081344/tools/bin/../lib/gcc/arm-none-eabi/13.3.1/../../../../arm-none-eabi/lib/thumb/v7e-m+dp/hard\libc_nano.a(libc_a-puts.o)
                0x08005a14                _puts_r
 *fill*         0x08005abe        0x2 
 .text.puts     0x08005ac0       0x10 D:/STM32/STM32CubeIDE_1.19.0/STM32CubeIDE/plugins/com.st.stm32cube.ide.mcu.externaltools.gnu-tools-for-stm32.13.3.rel1.win32_1.0.0.202411081344/tools/bin/../lib/gcc/arm-none-eabi/13.3.1/../../../../arm-none-eabi/lib/thumb/v7e-m+dp/hard\libc_nano.a(libc_a-puts.o)
                0x08005ac0                puts
 .text.__sread  0x08005ad0       0x22 D:/STM32/STM32CubeIDE_1.19.0/STM32CubeIDE/plugins/com.st.stm32cube.ide.mcu.externaltools.gnu-tools-for-stm32.13.3.rel1.win32_1.0.0.202411081344/tools/bin/../lib/gcc/arm-none-eabi/13.3.1/../../../../arm-none-eabi/lib/thumb/v7e-m+dp/hard\libc_nano.a(libc_a-stdio.o)
                0x08005ad0                __sread
 .text.__swrite
                0x08005af2       0x38 D:/STM32/STM32CubeIDE_1.19.0/STM32CubeIDE/plugins/com.st.stm32cube.ide.mcu.externaltools.gnu-tools-for-stm32.13.3.rel1.win32_1.0.0.202411081344/tools/bin/../lib/gcc/arm-none-eabi/13.3.1/../../../../arm-none-eabi/lib/thumb/v7e-m+dp/hard\libc_nano.a(libc_a-stdio.o)
                0x08005af2                __swrite
 .text.__sseek  0x08005b2a       0x24 D:/STM32/STM32CubeIDE_1.19.0/STM32CubeIDE/plugins/com.st.stm32cube.ide.mcu.externaltools.gnu-tools-for-stm32.13.3.rel1.win32_1.0.0.202411081344/tools/bin/../lib/gcc/arm-none-eabi/13.3.1/../../../../arm-none-eabi/lib/thumb/v7e-m+dp/hard\libc_nano.a(libc_a-stdio.o)
                0x08005b2a                __sseek
 .text.__sclose
                0x08005b4e        0x8 D:/STM32/STM32CubeIDE_1.19.0/STM32CubeIDE/plugins/com.st.stm32cube.ide.mcu.externaltools.gnu-tools-for-stm32.13.3.rel1.win32_1.0.0.202411081344/tools/bin/../lib/gcc/arm-none-eabi/13.3.1/../../../../arm-none-eabi/lib/thumb/v7e-m+dp/hard\libc_nano.a(libc_a-stdio.o)
                0x08005b4e                __sclose
 .text.__swbuf_r
                0x08005b56       0x7c D:/STM32/STM32CubeIDE_1.19.0/STM32CubeIDE/plugins/com.st.stm32cube.ide.mcu.externaltools.gnu-tools-for-stm32.13.3.rel1.win32_1.0.0.202411081344/tools/bin/../lib/gcc/arm-none-eabi/13.3.1/../../../../arm-none-eabi/lib/thumb/v7e-m+dp/hard\libc_nano.a(libc_a-wbuf.o)
                0x08005b56                __swbuf_r
 *fill*         0x08005bd2        0x2 
 .text.__swsetup_r
                0x08005bd4       0xac D:/STM32/STM32CubeIDE_1.19.0/STM32CubeIDE/plugins/com.st.stm32cube.ide.mcu.externaltools.gnu-tools-for-stm32.13.3.rel1.win32_1.0.0.202411081344/tools/bin/../lib/gcc/arm-none-eabi/13.3.1/../../../../arm-none-eabi/lib/thumb/v7e-m+dp/hard\libc_nano.a(libc_a-wsetup.o)
                0x08005bd4                __swsetup_r
 .text.memset   0x08005c80       0x10 D:/STM32/STM32CubeIDE_1.19.0/STM32CubeIDE/plugins/com.st.stm32cube.ide.mcu.externaltools.gnu-tools-for-stm32.13.3.rel1.win32_1.0.0.202411081344/tools/bin/../lib/gcc/arm-none-eabi/13.3.1/../../../../arm-none-eabi/lib/thumb/v7e-m+dp/hard\libc_nano.a(libc_a-memset.o)
                0x08005c80                memset
 .text._localeconv_r
                0x08005c90        0x8 D:/STM32/STM32CubeIDE_1.19.0/STM32CubeIDE/plugins/com.st.stm32cube.ide.mcu.externaltools.gnu-tools-for-stm32.13.3.rel1.win32_1.0.0.202411081344/tools/bin/../lib/gcc/arm-none-eabi/13.3.1/../../../../arm-none-eabi/lib/thumb/v7e-m+dp/hard\libc_nano.a(libc_a-localeconv.o)
                0x08005c90                _localeconv_r
 .text._close_r
                0x08005c98       0x20 D:/STM32/STM32CubeIDE_1.19.0/STM32CubeIDE/plugins/com.st.stm32cube.ide.mcu.externaltools.gnu-tools-for-stm32.13.3.rel1.win32_1.0.0.202411081344/tools/bin/../lib/gcc/arm-none-eabi/13.3.1/../../../../arm-none-eabi/lib/thumb/v7e-m+dp/hard\libc_nano.a(libc_a-closer.o)
                0x08005c98                _close_r
 .text._lseek_r
                0x08005cb8       0x24 D:/STM32/STM32CubeIDE_1.19.0/STM32CubeIDE/plugins/com.st.stm32cube.ide.mcu.externaltools.gnu-tools-for-stm32.13.3.rel1.win32_1.0.0.202411081344/tools/bin/../lib/gcc/arm-none-eabi/13.3.1/../../../../arm-none-eabi/lib/thumb/v7e-m+dp/hard\libc_nano.a(libc_a-lseekr.o)
                0x08005cb8                _lseek_r
 .text._read_r  0x08005cdc       0x24 D:/STM32/STM32CubeIDE_1.19.0/STM32CubeIDE/plugins/com.st.stm32cube.ide.mcu.externaltools.gnu-tools-for-stm32.13.3.rel1.win32_1.0.0.202411081344/tools/bin/../lib/gcc/arm-none-eabi/13.3.1/../../../../arm-none-eabi/lib/thumb/v7e-m+dp/hard\libc_nano.a(libc_a-readr.o)
                0x08005cdc                _read_r
 .text._sbrk_r  0x08005d00       0x20 D:/STM32/STM32CubeIDE_1.19.0/STM32CubeIDE/plugins/com.st.stm32cube.ide.mcu.externaltools.gnu-tools-for-stm32.13.3.rel1.win32_1.0.0.202411081344/tools/bin/../lib/gcc/arm-none-eabi/13.3.1/../../../../arm-none-eabi/lib/thumb/v7e-m+dp/hard\libc_nano.a(libc_a-sbrkr.o)
                0x08005d00                _sbrk_r
 .text._write_r
                0x08005d20       0x24 D:/STM32/STM32CubeIDE_1.19.0/STM32CubeIDE/plugins/com.st.stm32cube.ide.mcu.externaltools.gnu-tools-for-stm32.13.3.rel1.win32_1.0.0.202411081344/tools/bin/../lib/gcc/arm-none-eabi/13.3.1/../../../../arm-none-eabi/lib/thumb/v7e-m+dp/hard\libc_nano.a(libc_a-writer.o)
                0x08005d20                _write_r
 .text.__errno  0x08005d44        0xc D:/STM32/STM32CubeIDE_1.19.0/STM32CubeIDE/plugins/com.st.stm32cube.ide.mcu.externaltools.gnu-tools-for-stm32.13.3.rel1.win32_1.0.0.202411081344/tools/bin/../lib/gcc/arm-none-eabi/13.3.1/../../../../arm-none-eabi/lib/thumb/v7e-m+dp/hard\libc_nano.a(libc_a-errno.o)
                0x08005d44                __errno
 .text.__libc_init_array
                0x08005d50       0x48 D:/STM32/STM32CubeIDE_1.19.0/STM32CubeIDE/plugins/com.st.stm32cube.ide.mcu.externaltools.gnu-tools-for-stm32.13.3.rel1.win32_1.0.0.202411081344/tools/bin/../lib/gcc/arm-none-eabi/13.3.1/../../../../arm-none-eabi/lib/thumb/v7e-m+dp/hard\libc_nano.a(libc_a-init.o)
                0x08005d50                __libc_init_array
 .text.__retarget_lock_init_recursive
                0x08005d98        0x2 D:/STM32/STM32CubeIDE_1.19.0/STM32CubeIDE/plugins/com.st.stm32cube.ide.mcu.externaltools.gnu-tools-for-stm32.13.3.rel1.win32_1.0.0.202411081344/tools/bin/../lib/gcc/arm-none-eabi/13.3.1/../../../../arm-none-eabi/lib/thumb/v7e-m+dp/hard\libc_nano.a(libc_a-lock.o)
                0x08005d98                __retarget_lock_init_recursive
 .text.__retarget_lock_acquire_recursive
                0x08005d9a        0x2 D:/STM32/STM32CubeIDE_1.19.0/STM32CubeIDE/plugins/com.st.stm32cube.ide.mcu.externaltools.gnu-tools-for-stm32.13.3.rel1.win32_1.0.0.202411081344/tools/bin/../lib/gcc/arm-none-eabi/13.3.1/../../../../arm-none-eabi/lib/thumb/v7e-m+dp/hard\libc_nano.a(libc_a-lock.o)
                0x08005d9a                __retarget_lock_acquire_recursive
 .text.__retarget_lock_release_recursive
                0x08005d9c        0x2 D:/STM32/STM32CubeIDE_1.19.0/STM32CubeIDE/plugins/com.st.stm32cube.ide.mcu.externaltools.gnu-tools-for-stm32.13.3.rel1.win32_1.0.0.202411081344/tools/bin/../lib/gcc/arm-none-eabi/13.3.1/../../../../arm-none-eabi/lib/thumb/v7e-m+dp/hard\libc_nano.a(libc_a-lock.o)
                0x08005d9c                __retarget_lock_release_recursive
 .text.memcpy   0x08005d9e       0x1c D:/STM32/STM32CubeIDE_1.19.0/STM32CubeIDE/plugins/com.st.stm32cube.ide.mcu.externaltools.gnu-tools-for-stm32.13.3.rel1.win32_1.0.0.202411081344/tools/bin/../lib/gcc/arm-none-eabi/13.3.1/../../../../arm-none-eabi/lib/thumb/v7e-m+dp/hard\libc_nano.a(libc_a-memcpy-stub.o)
                0x08005d9e                memcpy
 .text.quorem   0x08005dba      0x110 D:/STM32/STM32CubeIDE_1.19.0/STM32CubeIDE/plugins/com.st.stm32cube.ide.mcu.externaltools.gnu-tools-for-stm32.13.3.rel1.win32_1.0.0.202411081344/tools/bin/../lib/gcc/arm-none-eabi/13.3.1/../../../../arm-none-eabi/lib/thumb/v7e-m+dp/hard\libc_nano.a(libc_a-dtoa.o)
 *fill*         0x08005eca        0x6 
 .text._dtoa_r  0x08005ed0      0xabc D:/STM32/STM32CubeIDE_1.19.0/STM32CubeIDE/plugins/com.st.stm32cube.ide.mcu.externaltools.gnu-tools-for-stm32.13.3.rel1.win32_1.0.0.202411081344/tools/bin/../lib/gcc/arm-none-eabi/13.3.1/../../../../arm-none-eabi/lib/thumb/v7e-m+dp/hard\libc_nano.a(libc_a-dtoa.o)
                0x08005ed0                _dtoa_r
 .text._free_r  0x0800698c       0x94 D:/STM32/STM32CubeIDE_1.19.0/STM32CubeIDE/plugins/com.st.stm32cube.ide.mcu.externaltools.gnu-tools-for-stm32.13.3.rel1.win32_1.0.0.202411081344/tools/bin/../lib/gcc/arm-none-eabi/13.3.1/../../../../arm-none-eabi/lib/thumb/v7e-m+dp/hard\libc_nano.a(libc_a-freer.o)
                0x0800698c                _free_r
 .text._Balloc  0x08006a20       0x80 D:/STM32/STM32CubeIDE_1.19.0/STM32CubeIDE/plugins/com.st.stm32cube.ide.mcu.externaltools.gnu-tools-for-stm32.13.3.rel1.win32_1.0.0.202411081344/tools/bin/../lib/gcc/arm-none-eabi/13.3.1/../../../../arm-none-eabi/lib/thumb/v7e-m+dp/hard\libc_nano.a(libc_a-mprec.o)
                0x08006a20                _Balloc
 .text._Bfree   0x08006aa0       0x44 D:/STM32/STM32CubeIDE_1.19.0/STM32CubeIDE/plugins/com.st.stm32cube.ide.mcu.externaltools.gnu-tools-for-stm32.13.3.rel1.win32_1.0.0.202411081344/tools/bin/../lib/gcc/arm-none-eabi/13.3.1/../../../../arm-none-eabi/lib/thumb/v7e-m+dp/hard\libc_nano.a(libc_a-mprec.o)
                0x08006aa0                _Bfree
 .text.__multadd
                0x08006ae4       0x8c D:/STM32/STM32CubeIDE_1.19.0/STM32CubeIDE/plugins/com.st.stm32cube.ide.mcu.externaltools.gnu-tools-for-stm32.13.3.rel1.win32_1.0.0.202411081344/tools/bin/../lib/gcc/arm-none-eabi/13.3.1/../../../../arm-none-eabi/lib/thumb/v7e-m+dp/hard\libc_nano.a(libc_a-mprec.o)
                0x08006ae4                __multadd
 .text.__hi0bits
                0x08006b70       0x3e D:/STM32/STM32CubeIDE_1.19.0/STM32CubeIDE/plugins/com.st.stm32cube.ide.mcu.externaltools.gnu-tools-for-stm32.13.3.rel1.win32_1.0.0.202411081344/tools/bin/../lib/gcc/arm-none-eabi/13.3.1/../../../../arm-none-eabi/lib/thumb/v7e-m+dp/hard\libc_nano.a(libc_a-mprec.o)
                0x08006b70                __hi0bits
 .text.__lo0bits
                0x08006bae       0x5a D:/STM32/STM32CubeIDE_1.19.0/STM32CubeIDE/plugins/com.st.stm32cube.ide.mcu.externaltools.gnu-tools-for-stm32.13.3.rel1.win32_1.0.0.202411081344/tools/bin/../lib/gcc/arm-none-eabi/13.3.1/../../../../arm-none-eabi/lib/thumb/v7e-m+dp/hard\libc_nano.a(libc_a-mprec.o)
                0x08006bae                __lo0bits
 .text.__i2b    0x08006c08       0x2c D:/STM32/STM32CubeIDE_1.19.0/STM32CubeIDE/plugins/com.st.stm32cube.ide.mcu.externaltools.gnu-tools-for-stm32.13.3.rel1.win32_1.0.0.202411081344/tools/bin/../lib/gcc/arm-none-eabi/13.3.1/../../../../arm-none-eabi/lib/thumb/v7e-m+dp/hard\libc_nano.a(libc_a-mprec.o)
                0x08006c08                __i2b
 .text.__multiply
                0x08006c34      0x144 D:/STM32/STM32CubeIDE_1.19.0/STM32CubeIDE/plugins/com.st.stm32cube.ide.mcu.externaltools.gnu-tools-for-stm32.13.3.rel1.win32_1.0.0.202411081344/tools/bin/../lib/gcc/arm-none-eabi/13.3.1/../../../../arm-none-eabi/lib/thumb/v7e-m+dp/hard\libc_nano.a(libc_a-mprec.o)
                0x08006c34                __multiply
 .text.__pow5mult
                0x08006d78       0xb4 D:/STM32/STM32CubeIDE_1.19.0/STM32CubeIDE/plugins/com.st.stm32cube.ide.mcu.externaltools.gnu-tools-for-stm32.13.3.rel1.win32_1.0.0.202411081344/tools/bin/../lib/gcc/arm-none-eabi/13.3.1/../../../../arm-none-eabi/lib/thumb/v7e-m+dp/hard\libc_nano.a(libc_a-mprec.o)
                0x08006d78                __pow5mult
 .text.__lshift
                0x08006e2c       0xd8 D:/STM32/STM32CubeIDE_1.19.0/STM32CubeIDE/plugins/com.st.stm32cube.ide.mcu.externaltools.gnu-tools-for-stm32.13.3.rel1.win32_1.0.0.202411081344/tools/bin/../lib/gcc/arm-none-eabi/13.3.1/../../../../arm-none-eabi/lib/thumb/v7e-m+dp/hard\libc_nano.a(libc_a-mprec.o)
                0x08006e2c                __lshift
 .text.__mcmp   0x08006f04       0x36 D:/STM32/STM32CubeIDE_1.19.0/STM32CubeIDE/plugins/com.st.stm32cube.ide.mcu.externaltools.gnu-tools-for-stm32.13.3.rel1.win32_1.0.0.202411081344/tools/bin/../lib/gcc/arm-none-eabi/13.3.1/../../../../arm-none-eabi/lib/thumb/v7e-m+dp/hard\libc_nano.a(libc_a-mprec.o)
                0x08006f04                __mcmp
 *fill*         0x08006f3a        0x2 
 .text.__mdiff  0x08006f3c      0x128 D:/STM32/STM32CubeIDE_1.19.0/STM32CubeIDE/plugins/com.st.stm32cube.ide.mcu.externaltools.gnu-tools-for-stm32.13.3.rel1.win32_1.0.0.202411081344/tools/bin/../lib/gcc/arm-none-eabi/13.3.1/../../../../arm-none-eabi/lib/thumb/v7e-m+dp/hard\libc_nano.a(libc_a-mprec.o)
                0x08006f3c                __mdiff
 .text.__d2b    0x08007064       0xb0 D:/STM32/STM32CubeIDE_1.19.0/STM32CubeIDE/plugins/com.st.stm32cube.ide.mcu.externaltools.gnu-tools-for-stm32.13.3.rel1.win32_1.0.0.202411081344/tools/bin/../lib/gcc/arm-none-eabi/13.3.1/../../../../arm-none-eabi/lib/thumb/v7e-m+dp/hard\libc_nano.a(libc_a-mprec.o)
                0x08007064                __d2b
 .text.__sfputc_r
                0x08007114       0x2e D:/STM32/STM32CubeIDE_1.19.0/STM32CubeIDE/plugins/com.st.stm32cube.ide.mcu.externaltools.gnu-tools-for-stm32.13.3.rel1.win32_1.0.0.202411081344/tools/bin/../lib/gcc/arm-none-eabi/13.3.1/../../../../arm-none-eabi/lib/thumb/v7e-m+dp/hard\libc_nano.a(libc_a-nano-vfprintf.o)
 .text.__sfputs_r
                0x08007142       0x24 D:/STM32/STM32CubeIDE_1.19.0/STM32CubeIDE/plugins/com.st.stm32cube.ide.mcu.externaltools.gnu-tools-for-stm32.13.3.rel1.win32_1.0.0.202411081344/tools/bin/../lib/gcc/arm-none-eabi/13.3.1/../../../../arm-none-eabi/lib/thumb/v7e-m+dp/hard\libc_nano.a(libc_a-nano-vfprintf.o)
                0x08007142                __sfputs_r
 *fill*         0x08007166        0x2 
 .text._vfprintf_r
                0x08007168      0x230 D:/STM32/STM32CubeIDE_1.19.0/STM32CubeIDE/plugins/com.st.stm32cube.ide.mcu.externaltools.gnu-tools-for-stm32.13.3.rel1.win32_1.0.0.202411081344/tools/bin/../lib/gcc/arm-none-eabi/13.3.1/../../../../arm-none-eabi/lib/thumb/v7e-m+dp/hard\libc_nano.a(libc_a-nano-vfprintf.o)
                0x08007168                _vfprintf_r
                0x08007168                _vfiprintf_r
 .text.__sflush_r
                0x08007398      0x108 D:/STM32/STM32CubeIDE_1.19.0/STM32CubeIDE/plugins/com.st.stm32cube.ide.mcu.externaltools.gnu-tools-for-stm32.13.3.rel1.win32_1.0.0.202411081344/tools/bin/../lib/gcc/arm-none-eabi/13.3.1/../../../../arm-none-eabi/lib/thumb/v7e-m+dp/hard\libc_nano.a(libc_a-fflush.o)
                0x08007398                __sflush_r
 .text._fflush_r
                0x080074a0       0x50 D:/STM32/STM32CubeIDE_1.19.0/STM32CubeIDE/plugins/com.st.stm32cube.ide.mcu.externaltools.gnu-tools-for-stm32.13.3.rel1.win32_1.0.0.202411081344/tools/bin/../lib/gcc/arm-none-eabi/13.3.1/../../../../arm-none-eabi/lib/thumb/v7e-m+dp/hard\libc_nano.a(libc_a-fflush.o)
                0x080074a0                _fflush_r
 .text.__swhatbuf_r
                0x080074f0       0x4c D:/STM32/STM32CubeIDE_1.19.0/STM32CubeIDE/plugins/com.st.stm32cube.ide.mcu.externaltools.gnu-tools-for-stm32.13.3.rel1.win32_1.0.0.202411081344/tools/bin/../lib/gcc/arm-none-eabi/13.3.1/../../../../arm-none-eabi/lib/thumb/v7e-m+dp/hard\libc_nano.a(libc_a-makebuf.o)
                0x080074f0                __swhatbuf_r
 .text.__smakebuf_r
                0x0800753c       0x78 D:/STM32/STM32CubeIDE_1.19.0/STM32CubeIDE/plugins/com.st.stm32cube.ide.mcu.externaltools.gnu-tools-for-stm32.13.3.rel1.win32_1.0.0.202411081344/tools/bin/../lib/gcc/arm-none-eabi/13.3.1/../../../../arm-none-eabi/lib/thumb/v7e-m+dp/hard\libc_nano.a(libc_a-makebuf.o)
                0x0800753c                __smakebuf_r
 .text._fstat_r
                0x080075b4       0x24 D:/STM32/STM32CubeIDE_1.19.0/STM32CubeIDE/plugins/com.st.stm32cube.ide.mcu.externaltools.gnu-tools-for-stm32.13.3.rel1.win32_1.0.0.202411081344/tools/bin/../lib/gcc/arm-none-eabi/13.3.1/../../../../arm-none-eabi/lib/thumb/v7e-m+dp/hard\libc_nano.a(libc_a-fstatr.o)
                0x080075b4                _fstat_r
 .text._isatty_r
                0x080075d8       0x20 D:/STM32/STM32CubeIDE_1.19.0/STM32CubeIDE/plugins/com.st.stm32cube.ide.mcu.externaltools.gnu-tools-for-stm32.13.3.rel1.win32_1.0.0.202411081344/tools/bin/../lib/gcc/arm-none-eabi/13.3.1/../../../../arm-none-eabi/lib/thumb/v7e-m+dp/hard\libc_nano.a(libc_a-isattyr.o)
                0x080075d8                _isatty_r
 .text.__assert_func
                0x080075f8       0x3c D:/STM32/STM32CubeIDE_1.19.0/STM32CubeIDE/plugins/com.st.stm32cube.ide.mcu.externaltools.gnu-tools-for-stm32.13.3.rel1.win32_1.0.0.202411081344/tools/bin/../lib/gcc/arm-none-eabi/13.3.1/../../../../arm-none-eabi/lib/thumb/v7e-m+dp/hard\libc_nano.a(libc_a-assert.o)
                0x080075f8                __assert_func
 .text._calloc_r
                0x08007634       0x28 D:/STM32/STM32CubeIDE_1.19.0/STM32CubeIDE/plugins/com.st.stm32cube.ide.mcu.externaltools.gnu-tools-for-stm32.13.3.rel1.win32_1.0.0.202411081344/tools/bin/../lib/gcc/arm-none-eabi/13.3.1/../../../../arm-none-eabi/lib/thumb/v7e-m+dp/hard\libc_nano.a(libc_a-callocr.o)
                0x08007634                _calloc_r
 .text.__ascii_mbtowc
                0x0800765c       0x24 D:/STM32/STM32CubeIDE_1.19.0/STM32CubeIDE/plugins/com.st.stm32cube.ide.mcu.externaltools.gnu-tools-for-stm32.13.3.rel1.win32_1.0.0.202411081344/tools/bin/../lib/gcc/arm-none-eabi/13.3.1/../../../../arm-none-eabi/lib/thumb/v7e-m+dp/hard\libc_nano.a(libc_a-mbtowc_r.o)
                0x0800765c                __ascii_mbtowc
 .text.__ascii_wctomb
                0x08007680       0x1a D:/STM32/STM32CubeIDE_1.19.0/STM32CubeIDE/plugins/com.st.stm32cube.ide.mcu.externaltools.gnu-tools-for-stm32.13.3.rel1.win32_1.0.0.202411081344/tools/bin/../lib/gcc/arm-none-eabi/13.3.1/../../../../arm-none-eabi/lib/thumb/v7e-m+dp/hard\libc_nano.a(libc_a-wctomb_r.o)
                0x08007680                __ascii_wctomb
 *fill*         0x0800769a        0x2 
 .text.fprintf  0x0800769c       0x24 D:/STM32/STM32CubeIDE_1.19.0/STM32CubeIDE/plugins/com.st.stm32cube.ide.mcu.externaltools.gnu-tools-for-stm32.13.3.rel1.win32_1.0.0.202411081344/tools/bin/../lib/gcc/arm-none-eabi/13.3.1/../../../../arm-none-eabi/lib/thumb/v7e-m+dp/hard\libc_nano.a(libc_a-fprintf.o)
                0x0800769c                fiprintf
                0x0800769c                fprintf
 .text.abort    0x080076c0        0xe D:/STM32/STM32CubeIDE_1.19.0/STM32CubeIDE/plugins/com.st.stm32cube.ide.mcu.externaltools.gnu-tools-for-stm32.13.3.rel1.win32_1.0.0.202411081344/tools/bin/../lib/gcc/arm-none-eabi/13.3.1/../../../../arm-none-eabi/lib/thumb/v7e-m+dp/hard\libc_nano.a(libc_a-abort.o)
                0x080076c0                abort
 .text._raise_r
                0x080076ce       0x50 D:/STM32/STM32CubeIDE_1.19.0/STM32CubeIDE/plugins/com.st.stm32cube.ide.mcu.externaltools.gnu-tools-for-stm32.13.3.rel1.win32_1.0.0.202411081344/tools/bin/../lib/gcc/arm-none-eabi/13.3.1/../../../../arm-none-eabi/lib/thumb/v7e-m+dp/hard\libc_nano.a(libc_a-signal.o)
                0x080076ce                _raise_r
 *fill*         0x0800771e        0x2 
 .text.raise    0x08007720       0x10 D:/STM32/STM32CubeIDE_1.19.0/STM32CubeIDE/plugins/com.st.stm32cube.ide.mcu.externaltools.gnu-tools-for-stm32.13.3.rel1.win32_1.0.0.202411081344/tools/bin/../lib/gcc/arm-none-eabi/13.3.1/../../../../arm-none-eabi/lib/thumb/v7e-m+dp/hard\libc_nano.a(libc_a-signal.o)
                0x08007720                raise
 .text._kill_r  0x08007730       0x24 D:/STM32/STM32CubeIDE_1.19.0/STM32CubeIDE/plugins/com.st.stm32cube.ide.mcu.externaltools.gnu-tools-for-stm32.13.3.rel1.win32_1.0.0.202411081344/tools/bin/../lib/gcc/arm-none-eabi/13.3.1/../../../../arm-none-eabi/lib/thumb/v7e-m+dp/hard\libc_nano.a(libc_a-signalr.o)
                0x08007730                _kill_r
 .text._getpid_r
                0x08007754        0x4 D:/STM32/STM32CubeIDE_1.19.0/STM32CubeIDE/plugins/com.st.stm32cube.ide.mcu.externaltools.gnu-tools-for-stm32.13.3.rel1.win32_1.0.0.202411081344/tools/bin/../lib/gcc/arm-none-eabi/13.3.1/../../../../arm-none-eabi/lib/thumb/v7e-m+dp/hard\libc_nano.a(libc_a-signalr.o)
                0x08007754                _getpid_r
 .text.sqrtf    0x08007758       0x3c D:/STM32/STM32CubeIDE_1.19.0/STM32CubeIDE/plugins/com.st.stm32cube.ide.mcu.externaltools.gnu-tools-for-stm32.13.3.rel1.win32_1.0.0.202411081344/tools/bin/../lib/gcc/arm-none-eabi/13.3.1/../../../../arm-none-eabi/lib/thumb/v7e-m+dp/hard\libm.a(libm_a-wf_sqrt.o)
                0x08007758                sqrtf
 .text.sinf_poly
                0x08007794       0x54 D:/STM32/STM32CubeIDE_1.19.0/STM32CubeIDE/plugins/com.st.stm32cube.ide.mcu.externaltools.gnu-tools-for-stm32.13.3.rel1.win32_1.0.0.202411081344/tools/bin/../lib/gcc/arm-none-eabi/13.3.1/../../../../arm-none-eabi/lib/thumb/v7e-m+dp/hard\libm.a(libm_a-sinf.o)
 .text.sinf     0x080077e8      0x130 D:/STM32/STM32CubeIDE_1.19.0/STM32CubeIDE/plugins/com.st.stm32cube.ide.mcu.externaltools.gnu-tools-for-stm32.13.3.rel1.win32_1.0.0.202411081344/tools/bin/../lib/gcc/arm-none-eabi/13.3.1/../../../../arm-none-eabi/lib/thumb/v7e-m+dp/hard\libm.a(libm_a-sinf.o)
                0x080077e8                sinf
 .text.with_errnof
                0x08007918       0x1c D:/STM32/STM32CubeIDE_1.19.0/STM32CubeIDE/plugins/com.st.stm32cube.ide.mcu.externaltools.gnu-tools-for-stm32.13.3.rel1.win32_1.0.0.202411081344/tools/bin/../lib/gcc/arm-none-eabi/13.3.1/../../../../arm-none-eabi/lib/thumb/v7e-m+dp/hard\libm.a(libm_a-math_errf.o)
 .text.__math_invalidf
                0x08007934       0x1e D:/STM32/STM32CubeIDE_1.19.0/STM32CubeIDE/plugins/com.st.stm32cube.ide.mcu.externaltools.gnu-tools-for-stm32.13.3.rel1.win32_1.0.0.202411081344/tools/bin/../lib/gcc/arm-none-eabi/13.3.1/../../../../arm-none-eabi/lib/thumb/v7e-m+dp/hard\libm.a(libm_a-math_errf.o)
                0x08007934                __math_invalidf
 .text.__ieee754_sqrtf
                0x08007952        0x6 D:/STM32/STM32CubeIDE_1.19.0/STM32CubeIDE/plugins/com.st.stm32cube.ide.mcu.externaltools.gnu-tools-for-stm32.13.3.rel1.win32_1.0.0.202411081344/tools/bin/../lib/gcc/arm-none-eabi/13.3.1/../../../../arm-none-eabi/lib/thumb/v7e-m+dp/hard\libm.a(libm_a-ef_sqrt.o)
                0x08007952                __ieee754_sqrtf
 .text._close   0x08007958       0x10 D:/STM32/STM32CubeIDE_1.19.0/STM32CubeIDE/plugins/com.st.stm32cube.ide.mcu.externaltools.gnu-tools-for-stm32.13.3.rel1.win32_1.0.0.202411081344/tools/bin/../lib/gcc/arm-none-eabi/13.3.1/../../../../arm-none-eabi/lib/thumb/v7e-m+dp/hard\libnosys.a(close.o)
                0x08007958                _close
 .text._fstat   0x08007968       0x10 D:/STM32/STM32CubeIDE_1.19.0/STM32CubeIDE/plugins/com.st.stm32cube.ide.mcu.externaltools.gnu-tools-for-stm32.13.3.rel1.win32_1.0.0.202411081344/tools/bin/../lib/gcc/arm-none-eabi/13.3.1/../../../../arm-none-eabi/lib/thumb/v7e-m+dp/hard\libnosys.a(fstat.o)
                0x08007968                _fstat
 .text._getpid  0x08007978       0x10 D:/STM32/STM32CubeIDE_1.19.0/STM32CubeIDE/plugins/com.st.stm32cube.ide.mcu.externaltools.gnu-tools-for-stm32.13.3.rel1.win32_1.0.0.202411081344/tools/bin/../lib/gcc/arm-none-eabi/13.3.1/../../../../arm-none-eabi/lib/thumb/v7e-m+dp/hard\libnosys.a(getpid.o)
                0x08007978                _getpid
 .text._isatty  0x08007988       0x10 D:/STM32/STM32CubeIDE_1.19.0/STM32CubeIDE/plugins/com.st.stm32cube.ide.mcu.externaltools.gnu-tools-for-stm32.13.3.rel1.win32_1.0.0.202411081344/tools/bin/../lib/gcc/arm-none-eabi/13.3.1/../../../../arm-none-eabi/lib/thumb/v7e-m+dp/hard\libnosys.a(isatty.o)
                0x08007988                _isatty
 .text._kill    0x08007998       0x10 D:/STM32/STM32CubeIDE_1.19.0/STM32CubeIDE/plugins/com.st.stm32cube.ide.mcu.externaltools.gnu-tools-for-stm32.13.3.rel1.win32_1.0.0.202411081344/tools/bin/../lib/gcc/arm-none-eabi/13.3.1/../../../../arm-none-eabi/lib/thumb/v7e-m+dp/hard\libnosys.a(kill.o)
                0x08007998                _kill
 .text._lseek   0x080079a8       0x10 D:/STM32/STM32CubeIDE_1.19.0/STM32CubeIDE/plugins/com.st.stm32cube.ide.mcu.externaltools.gnu-tools-for-stm32.13.3.rel1.win32_1.0.0.202411081344/tools/bin/../lib/gcc/arm-none-eabi/13.3.1/../../../../arm-none-eabi/lib/thumb/v7e-m+dp/hard\libnosys.a(lseek.o)
                0x080079a8                _lseek
 .text._read    0x080079b8       0x10 D:/STM32/STM32CubeIDE_1.19.0/STM32CubeIDE/plugins/com.st.stm32cube.ide.mcu.externaltools.gnu-tools-for-stm32.13.3.rel1.win32_1.0.0.202411081344/tools/bin/../lib/gcc/arm-none-eabi/13.3.1/../../../../arm-none-eabi/lib/thumb/v7e-m+dp/hard\libnosys.a(read.o)
                0x080079b8                _read
 .text._exit    0x080079c8        0x2 D:/STM32/STM32CubeIDE_1.19.0/STM32CubeIDE/plugins/com.st.stm32cube.ide.mcu.externaltools.gnu-tools-for-stm32.13.3.rel1.win32_1.0.0.202411081344/tools/bin/../lib/gcc/arm-none-eabi/13.3.1/../../../../arm-none-eabi/lib/thumb/v7e-m+dp/hard\libnosys.a(_exit.o)
                0x080079c8                _exit
 *(.glue_7)
 .glue_7        0x080079ca        0x0 linker stubs
 *(.glue_7t)
 .glue_7t       0x080079ca        0x0 linker stubs
 *(.eh_frame)
 *fill*         0x080079ca        0x2 
 .eh_frame      0x080079cc        0x0 D:/STM32/STM32CubeIDE_1.19.0/STM32CubeIDE/plugins/com.st.stm32cube.ide.mcu.externaltools.gnu-tools-for-stm32.13.3.rel1.win32_1.0.0.202411081344/tools/bin/../lib/gcc/arm-none-eabi/13.3.1/thumb/v7e-m+dp/hard/crtbegin.o
 *(.init)
 .init          0x080079cc        0x4 D:/STM32/STM32CubeIDE_1.19.0/STM32CubeIDE/plugins/com.st.stm32cube.ide.mcu.externaltools.gnu-tools-for-stm32.13.3.rel1.win32_1.0.0.202411081344/tools/bin/../lib/gcc/arm-none-eabi/13.3.1/thumb/v7e-m+dp/hard/crti.o
                0x080079cc                _init
 .init          0x080079d0        0x8 D:/STM32/STM32CubeIDE_1.19.0/STM32CubeIDE/plugins/com.st.stm32cube.ide.mcu.externaltools.gnu-tools-for-stm32.13.3.rel1.win32_1.0.0.202411081344/tools/bin/../lib/gcc/arm-none-eabi/13.3.1/thumb/v7e-m+dp/hard/crtn.o
 *(.fini)
 .fini          0x080079d8        0x4 D:/STM32/STM32CubeIDE_1.19.0/STM32CubeIDE/plugins/com.st.stm32cube.ide.mcu.externaltools.gnu-tools-for-stm32.13.3.rel1.win32_1.0.0.202411081344/tools/bin/../lib/gcc/arm-none-eabi/13.3.1/thumb/v7e-m+dp/hard/crti.o
                0x080079d8                _fini
 .fini          0x080079dc        0x8 D:/STM32/STM32CubeIDE_1.19.0/STM32CubeIDE/plugins/com.st.stm32cube.ide.mcu.externaltools.gnu-tools-for-stm32.13.3.rel1.win32_1.0.0.202411081344/tools/bin/../lib/gcc/arm-none-eabi/13.3.1/thumb/v7e-m+dp/hard/crtn.o
                0x080079e4                        . = ALIGN (0x4)
                0x080079e4                        _etext = .

.vfp11_veneer   0x080079e4        0x0
 .vfp11_veneer  0x080079e4        0x0 linker stubs

.v4_bx          0x080079e4        0x0
 .v4_bx         0x080079e4        0x0 linker stubs

.iplt           0x080079e4        0x0
 .iplt          0x080079e4        0x0 D:/STM32/STM32CubeIDE_1.19.0/STM32CubeIDE/plugins/com.st.stm32cube.ide.mcu.externaltools.gnu-tools-for-stm32.13.3.rel1.win32_1.0.0.202411081344/tools/bin/../lib/gcc/arm-none-eabi/13.3.1/thumb/v7e-m+dp/hard/crtbegin.o

.rodata         0x08007a00     0x3a80
                0x08007a00                        . = ALIGN (0x4)
 *(.rodata)
 .rodata        0x08007a00       0x10 ./X-CUBE-AI/App/network_data.o
 *(.rodata*)
 .rodata.APBPrescTable
                0x08007a10        0x8 ./Core/Src/system_stm32f7xx.o
                0x08007a10                APBPrescTable
 .rodata.AHBPrescTable
                0x08007a18       0x10 ./Core/Src/system_stm32f7xx.o
                0x08007a18                AHBPrescTable
 .rodata.Led_State_As_String.str1.4
                0x08007a28      0x236 ./X-CUBE-AI/App/app_x-cube-ai.o
                                 0x51 (size before relaxing)
 .rodata.acquire_and_process_data.str1.4
                0x08007c5e       0x2d ./X-CUBE-AI/App/app_x-cube-ai.o
 .rodata.post_process.str1.4
                0x08007c5e       0x24 ./X-CUBE-AI/App/app_x-cube-ai.o
 .rodata.MX_X_CUBE_AI_Init.str1.4
                0x08007c5e       0x4e ./X-CUBE-AI/App/app_x-cube-ai.o
 .rodata.MX_X_CUBE_AI_Process.str1.4
                0x08007c5e      0x13e ./X-CUBE-AI/App/app_x-cube-ai.o
 *fill*         0x08007c5e        0x2 
 .rodata.gemm_0_chain
                0x08007c60        0x8 ./X-CUBE-AI/App/network.o
 .rodata.nl_0_nl_chain
                0x08007c68        0x8 ./X-CUBE-AI/App/network.o
 .rodata.gemm_1_chain
                0x08007c70        0x8 ./X-CUBE-AI/App/network.o
 .rodata.nl_1_nl_chain
                0x08007c78        0x8 ./X-CUBE-AI/App/network.o
 .rodata.gemm_2_chain
                0x08007c80        0x8 ./X-CUBE-AI/App/network.o
 .rodata.nl_2_nl_chain
                0x08007c88        0x8 ./X-CUBE-AI/App/network.o
 .rodata.gemm_3_chain
                0x08007c90        0x8 ./X-CUBE-AI/App/network.o
 .rodata.nl_3_nl_chain
                0x08007c98        0x8 ./X-CUBE-AI/App/network.o
 .rodata.gemm_4_chain
                0x08007ca0        0x8 ./X-CUBE-AI/App/network.o
 *fill*         0x08007ca8       0x18 
 .rodata.s_network_weights_array_u64
                0x08007cc0     0x3308 ./X-CUBE-AI/App/network_data_params.o
                0x08007cc0                s_network_weights_array_u64
 .rodata._printf_float.str1.1
                0x0800afc8      0x171 D:/STM32/STM32CubeIDE_1.19.0/STM32CubeIDE/plugins/com.st.stm32cube.ide.mcu.externaltools.gnu-tools-for-stm32.13.3.rel1.win32_1.0.0.202411081344/tools/bin/../lib/gcc/arm-none-eabi/13.3.1/../../../../arm-none-eabi/lib/thumb/v7e-m+dp/hard\libc_nano.a(libc_a-nano-vfprintf_float.o)
                                 0x12 (size before relaxing)
 .rodata._printf_i.str1.1
                0x0800b139       0x22 D:/STM32/STM32CubeIDE_1.19.0/STM32CubeIDE/plugins/com.st.stm32cube.ide.mcu.externaltools.gnu-tools-for-stm32.13.3.rel1.win32_1.0.0.202411081344/tools/bin/../lib/gcc/arm-none-eabi/13.3.1/../../../../arm-none-eabi/lib/thumb/v7e-m+dp/hard\libc_nano.a(libc_a-nano-vfprintf_i.o)
 .rodata._dtoa_r.str1.1
                0x0800b139       0x8f D:/STM32/STM32CubeIDE_1.19.0/STM32CubeIDE/plugins/com.st.stm32cube.ide.mcu.externaltools.gnu-tools-for-stm32.13.3.rel1.win32_1.0.0.202411081344/tools/bin/../lib/gcc/arm-none-eabi/13.3.1/../../../../arm-none-eabi/lib/thumb/v7e-m+dp/hard\libc_nano.a(libc_a-dtoa.o)
 .rodata._Balloc.str1.1
                0x0800b139       0x70 D:/STM32/STM32CubeIDE_1.19.0/STM32CubeIDE/plugins/com.st.stm32cube.ide.mcu.externaltools.gnu-tools-for-stm32.13.3.rel1.win32_1.0.0.202411081344/tools/bin/../lib/gcc/arm-none-eabi/13.3.1/../../../../arm-none-eabi/lib/thumb/v7e-m+dp/hard\libc_nano.a(libc_a-mprec.o)
 .rodata.__multadd.str1.1
                0x0800b139       0x11 D:/STM32/STM32CubeIDE_1.19.0/STM32CubeIDE/plugins/com.st.stm32cube.ide.mcu.externaltools.gnu-tools-for-stm32.13.3.rel1.win32_1.0.0.202411081344/tools/bin/../lib/gcc/arm-none-eabi/13.3.1/../../../../arm-none-eabi/lib/thumb/v7e-m+dp/hard\libc_nano.a(libc_a-mprec.o)
 *fill*         0x0800b139        0x3 
 .rodata.p05.0  0x0800b13c        0xc D:/STM32/STM32CubeIDE_1.19.0/STM32CubeIDE/plugins/com.st.stm32cube.ide.mcu.externaltools.gnu-tools-for-stm32.13.3.rel1.win32_1.0.0.202411081344/tools/bin/../lib/gcc/arm-none-eabi/13.3.1/../../../../arm-none-eabi/lib/thumb/v7e-m+dp/hard\libc_nano.a(libc_a-mprec.o)
 .rodata.__mprec_bigtens
                0x0800b148       0x28 D:/STM32/STM32CubeIDE_1.19.0/STM32CubeIDE/plugins/com.st.stm32cube.ide.mcu.externaltools.gnu-tools-for-stm32.13.3.rel1.win32_1.0.0.202411081344/tools/bin/../lib/gcc/arm-none-eabi/13.3.1/../../../../arm-none-eabi/lib/thumb/v7e-m+dp/hard\libc_nano.a(libc_a-mprec.o)
                0x0800b148                __mprec_bigtens
 .rodata.__mprec_tens
                0x0800b170       0xc8 D:/STM32/STM32CubeIDE_1.19.0/STM32CubeIDE/plugins/com.st.stm32cube.ide.mcu.externaltools.gnu-tools-for-stm32.13.3.rel1.win32_1.0.0.202411081344/tools/bin/../lib/gcc/arm-none-eabi/13.3.1/../../../../arm-none-eabi/lib/thumb/v7e-m+dp/hard\libc_nano.a(libc_a-mprec.o)
                0x0800b170                __mprec_tens
 .rodata._vfprintf_r.str1.1
                0x0800b238       0x11 D:/STM32/STM32CubeIDE_1.19.0/STM32CubeIDE/plugins/com.st.stm32cube.ide.mcu.externaltools.gnu-tools-for-stm32.13.3.rel1.win32_1.0.0.202411081344/tools/bin/../lib/gcc/arm-none-eabi/13.3.1/../../../../arm-none-eabi/lib/thumb/v7e-m+dp/hard\libc_nano.a(libc_a-nano-vfprintf.o)
 .rodata._setlocale_r.str1.1
                0x0800b238        0x9 D:/STM32/STM32CubeIDE_1.19.0/STM32CubeIDE/plugins/com.st.stm32cube.ide.mcu.externaltools.gnu-tools-for-stm32.13.3.rel1.win32_1.0.0.202411081344/tools/bin/../lib/gcc/arm-none-eabi/13.3.1/../../../../arm-none-eabi/lib/thumb/v7e-m+dp/hard\libc_nano.a(libc_a-locale.o)
 .rodata.str1.1
                0x0800b238        0x2 D:/STM32/STM32CubeIDE_1.19.0/STM32CubeIDE/plugins/com.st.stm32cube.ide.mcu.externaltools.gnu-tools-for-stm32.13.3.rel1.win32_1.0.0.202411081344/tools/bin/../lib/gcc/arm-none-eabi/13.3.1/../../../../arm-none-eabi/lib/thumb/v7e-m+dp/hard\libc_nano.a(libc_a-locale.o)
 .rodata.__assert_func.str1.1
                0x0800b238       0x3d D:/STM32/STM32CubeIDE_1.19.0/STM32CubeIDE/plugins/com.st.stm32cube.ide.mcu.externaltools.gnu-tools-for-stm32.13.3.rel1.win32_1.0.0.202411081344/tools/bin/../lib/gcc/arm-none-eabi/13.3.1/../../../../arm-none-eabi/lib/thumb/v7e-m+dp/hard\libc_nano.a(libc_a-assert.o)
 .rodata._ctype_
                0x0800b238      0x101 D:/STM32/STM32CubeIDE_1.19.0/STM32CubeIDE/plugins/com.st.stm32cube.ide.mcu.externaltools.gnu-tools-for-stm32.13.3.rel1.win32_1.0.0.202411081344/tools/bin/../lib/gcc/arm-none-eabi/13.3.1/../../../../arm-none-eabi/lib/thumb/v7e-m+dp/hard\libc_nano.a(libc_a-ctype_.o)
                0x0800b238                _ctype_
 *fill*         0x0800b339        0x3 
 .rodata.__inv_pio4
                0x0800b33c       0x60 D:/STM32/STM32CubeIDE_1.19.0/STM32CubeIDE/plugins/com.st.stm32cube.ide.mcu.externaltools.gnu-tools-for-stm32.13.3.rel1.win32_1.0.0.202411081344/tools/bin/../lib/gcc/arm-none-eabi/13.3.1/../../../../arm-none-eabi/lib/thumb/v7e-m+dp/hard\libm.a(libm_a-sincosf_data.o)
                0x0800b33c                __inv_pio4
 *fill*         0x0800b39c        0x4 
 .rodata.__sincosf_table
                0x0800b3a0       0xe0 D:/STM32/STM32CubeIDE_1.19.0/STM32CubeIDE/plugins/com.st.stm32cube.ide.mcu.externaltools.gnu-tools-for-stm32.13.3.rel1.win32_1.0.0.202411081344/tools/bin/../lib/gcc/arm-none-eabi/13.3.1/../../../../arm-none-eabi/lib/thumb/v7e-m+dp/hard\libm.a(libm_a-sincosf_data.o)
                0x0800b3a0                __sincosf_table
                0x0800b480                        . = ALIGN (0x4)

.ARM.extab      0x0800b480        0x0
                0x0800b480                        . = ALIGN (0x4)
 *(.ARM.extab* .gnu.linkonce.armextab.*)
                0x0800b480                        . = ALIGN (0x4)

.ARM            0x0800b480        0x8
                0x0800b480                        . = ALIGN (0x4)
                0x0800b480                        __exidx_start = .
 *(.ARM.exidx*)
 .ARM.exidx     0x0800b480        0x8 D:/STM32/STM32CubeIDE_1.19.0/STM32CubeIDE/plugins/com.st.stm32cube.ide.mcu.externaltools.gnu-tools-for-stm32.13.3.rel1.win32_1.0.0.202411081344/tools/bin/../lib/gcc/arm-none-eabi/13.3.1/../../../../arm-none-eabi/lib/thumb/v7e-m+dp/hard\libc_nano.a(libc_a-memchr.o)
 .ARM.exidx     0x0800b488        0x0 D:/STM32/STM32CubeIDE_1.19.0/STM32CubeIDE/plugins/com.st.stm32cube.ide.mcu.externaltools.gnu-tools-for-stm32.13.3.rel1.win32_1.0.0.202411081344/tools/bin/../lib/gcc/arm-none-eabi/13.3.1/../../../../arm-none-eabi/lib/thumb/v7e-m+dp/hard\libc_nano.a(libc_a-strlen.o)
                                  0x8 (size before relaxing)
 .ARM.exidx     0x0800b488        0x0 D:/STM32/STM32CubeIDE_1.19.0/STM32CubeIDE/plugins/com.st.stm32cube.ide.mcu.externaltools.gnu-tools-for-stm32.13.3.rel1.win32_1.0.0.202411081344/tools/bin/../lib/gcc/arm-none-eabi/13.3.1/thumb/v7e-m+dp/hard\libgcc.a(_udivmoddi4.o)
                                  0x8 (size before relaxing)
                0x0800b488                        __exidx_end = .
                0x0800b488                        . = ALIGN (0x4)

.preinit_array  0x0800b488        0x0
                0x0800b488                        . = ALIGN (0x4)
                0x0800b488                        PROVIDE (__preinit_array_start = .)
 *(.preinit_array*)
                0x0800b488                        PROVIDE (__preinit_array_end = .)
                0x0800b488                        . = ALIGN (0x4)

.init_array     0x0800b488        0x4
                0x0800b488                        . = ALIGN (0x4)
                0x0800b488                        PROVIDE (__init_array_start = .)
 *(SORT_BY_NAME(.init_array.*))
 *(.init_array*)
 .init_array    0x0800b488        0x4 D:/STM32/STM32CubeIDE_1.19.0/STM32CubeIDE/plugins/com.st.stm32cube.ide.mcu.externaltools.gnu-tools-for-stm32.13.3.rel1.win32_1.0.0.202411081344/tools/bin/../lib/gcc/arm-none-eabi/13.3.1/thumb/v7e-m+dp/hard/crtbegin.o
                0x0800b48c                        PROVIDE (__init_array_end = .)
                0x0800b48c                        . = ALIGN (0x4)

.fini_array     0x0800b48c        0x4
                0x0800b48c                        . = ALIGN (0x4)
                [!provide]                        PROVIDE (__fini_array_start = .)
 *(SORT_BY_NAME(.fini_array.*))
 *(.fini_array*)
 .fini_array    0x0800b48c        0x4 D:/STM32/STM32CubeIDE_1.19.0/STM32CubeIDE/plugins/com.st.stm32cube.ide.mcu.externaltools.gnu-tools-for-stm32.13.3.rel1.win32_1.0.0.202411081344/tools/bin/../lib/gcc/arm-none-eabi/13.3.1/thumb/v7e-m+dp/hard/crtbegin.o
                [!provide]                        PROVIDE (__fini_array_end = .)
                0x0800b490                        . = ALIGN (0x4)
                0x0800b490                        _sidata = LOADADDR (.data)

.rel.dyn        0x0800b490        0x0
 .rel.iplt      0x0800b490        0x0 D:/STM32/STM32CubeIDE_1.19.0/STM32CubeIDE/plugins/com.st.stm32cube.ide.mcu.externaltools.gnu-tools-for-stm32.13.3.rel1.win32_1.0.0.202411081344/tools/bin/../lib/gcc/arm-none-eabi/13.3.1/thumb/v7e-m+dp/hard/crtbegin.o

.data           0x20000000      0xc38 load address 0x0800b490
                0x20000000                        . = ALIGN (0x4)
                0x20000000                        _sdata = .
 *(.data)
 *(.data*)
 .data.rb       0x20000000       0x10 ./Core/Src/main.o
                0x20000000                rb
 .data.SystemCoreClock
                0x20000010        0x4 ./Core/Src/system_stm32f7xx.o
                0x20000010                SystemCoreClock
 .data.uwTickFreq
                0x20000014        0x1 ./Drivers/STM32F7xx_HAL_Driver/Src/stm32f7xx_hal.o
                0x20000014                uwTickFreq
 *fill*         0x20000015        0x3 
 .data.uwTickPrio
                0x20000018        0x4 ./Drivers/STM32F7xx_HAL_Driver/Src/stm32f7xx_hal.o
                0x20000018                uwTickPrio
 .data.data_activations0
                0x2000001c        0x4 ./X-CUBE-AI/App/app_x-cube-ai.o
                0x2000001c                data_activations0
 .data.g_network
                0x20000020       0x4c ./X-CUBE-AI/App/network.o
 .data.__compound_literal.99
                0x2000006c       0x18 ./X-CUBE-AI/App/network.o
 .data.__compound_literal.98
                0x20000084        0xc ./X-CUBE-AI/App/network.o
 .data.__compound_literal.94
                0x20000090        0x4 ./X-CUBE-AI/App/network.o
 .data.__compound_literal.93
                0x20000094        0xc ./X-CUBE-AI/App/network.o
 .data.__compound_literal.89
                0x200000a0        0x4 ./X-CUBE-AI/App/network.o
 .data.__compound_literal.88
                0x200000a4       0x1c ./X-CUBE-AI/App/network.o
 .data.__compound_literal.87
                0x200000c0       0x10 ./X-CUBE-AI/App/network.o
 .data.__compound_literal.86
                0x200000d0       0x1c ./X-CUBE-AI/App/network.o
 .data.__compound_literal.85
                0x200000ec       0x10 ./X-CUBE-AI/App/network.o
 .data.gemm_0_layer
                0x200000fc       0x1c ./X-CUBE-AI/App/network.o
 .data.__compound_literal.84
                0x20000118       0x30 ./X-CUBE-AI/App/network.o
 .data.__compound_literal.82
                0x20000148        0x8 ./X-CUBE-AI/App/network.o
 .data.__compound_literal.81
                0x20000150        0x4 ./X-CUBE-AI/App/network.o
 .data.__compound_literal.80
                0x20000154        0x4 ./X-CUBE-AI/App/network.o
 .data.nl_0_nl_layer
                0x20000158       0x20 ./X-CUBE-AI/App/network.o
 .data.__compound_literal.79
                0x20000178       0x30 ./X-CUBE-AI/App/network.o
 .data.__compound_literal.76
                0x200001a8        0x4 ./X-CUBE-AI/App/network.o
 .data.__compound_literal.75
                0x200001ac        0x4 ./X-CUBE-AI/App/network.o
 .data.gemm_1_layer
                0x200001b0       0x1c ./X-CUBE-AI/App/network.o
 .data.__compound_literal.74
                0x200001cc       0x30 ./X-CUBE-AI/App/network.o
 .data.__compound_literal.72
                0x200001fc        0x8 ./X-CUBE-AI/App/network.o
 .data.__compound_literal.71
                0x20000204        0x4 ./X-CUBE-AI/App/network.o
 .data.__compound_literal.70
                0x20000208        0x4 ./X-CUBE-AI/App/network.o
 .data.nl_1_nl_layer
                0x2000020c       0x20 ./X-CUBE-AI/App/network.o
 .data.__compound_literal.69
                0x2000022c       0x30 ./X-CUBE-AI/App/network.o
 .data.__compound_literal.66
                0x2000025c        0x4 ./X-CUBE-AI/App/network.o
 .data.__compound_literal.65
                0x20000260        0x4 ./X-CUBE-AI/App/network.o
 .data.gemm_2_layer
                0x20000264       0x1c ./X-CUBE-AI/App/network.o
 .data.__compound_literal.64
                0x20000280       0x30 ./X-CUBE-AI/App/network.o
 .data.__compound_literal.62
                0x200002b0        0x8 ./X-CUBE-AI/App/network.o
 .data.__compound_literal.61
                0x200002b8        0x4 ./X-CUBE-AI/App/network.o
 .data.__compound_literal.60
                0x200002bc        0x4 ./X-CUBE-AI/App/network.o
 .data.nl_2_nl_layer
                0x200002c0       0x20 ./X-CUBE-AI/App/network.o
 .data.__compound_literal.59
                0x200002e0       0x30 ./X-CUBE-AI/App/network.o
 .data.__compound_literal.56
                0x20000310        0x4 ./X-CUBE-AI/App/network.o
 .data.__compound_literal.55
                0x20000314        0x4 ./X-CUBE-AI/App/network.o
 .data.gemm_3_layer
                0x20000318       0x1c ./X-CUBE-AI/App/network.o
 .data.__compound_literal.54
                0x20000334       0x30 ./X-CUBE-AI/App/network.o
 .data.__compound_literal.52
                0x20000364        0x8 ./X-CUBE-AI/App/network.o
 .data.__compound_literal.51
                0x2000036c        0x4 ./X-CUBE-AI/App/network.o
 .data.__compound_literal.50
                0x20000370        0x4 ./X-CUBE-AI/App/network.o
 .data.nl_3_nl_layer
                0x20000374       0x20 ./X-CUBE-AI/App/network.o
 .data.__compound_literal.49
                0x20000394       0x30 ./X-CUBE-AI/App/network.o
 .data.__compound_literal.46
                0x200003c4        0x4 ./X-CUBE-AI/App/network.o
 .data.__compound_literal.45
                0x200003c8        0x4 ./X-CUBE-AI/App/network.o
 .data.gemm_4_layer
                0x200003cc       0x1c ./X-CUBE-AI/App/network.o
 .data.__compound_literal.44
                0x200003e8       0x30 ./X-CUBE-AI/App/network.o
 .data.__compound_literal.42
                0x20000418        0x8 ./X-CUBE-AI/App/network.o
 .data.__compound_literal.41
                0x20000420        0x4 ./X-CUBE-AI/App/network.o
 .data.__compound_literal.40
                0x20000424        0x4 ./X-CUBE-AI/App/network.o
 .data.serving_default_keras_tensor0_output
                0x20000428       0x1c ./X-CUBE-AI/App/network.o
 .data.__compound_literal.39
                0x20000444       0x10 ./X-CUBE-AI/App/network.o
 .data.__compound_literal.38
                0x20000454       0x10 ./X-CUBE-AI/App/network.o
 .data.nl_3_nl_output
                0x20000464       0x1c ./X-CUBE-AI/App/network.o
 .data.__compound_literal.37
                0x20000480       0x10 ./X-CUBE-AI/App/network.o
 .data.__compound_literal.36
                0x20000490       0x10 ./X-CUBE-AI/App/network.o
 .data.nl_2_nl_output
                0x200004a0       0x1c ./X-CUBE-AI/App/network.o
 .data.__compound_literal.35
                0x200004bc       0x10 ./X-CUBE-AI/App/network.o
 .data.__compound_literal.34
                0x200004cc       0x10 ./X-CUBE-AI/App/network.o
 .data.nl_1_nl_output
                0x200004dc       0x1c ./X-CUBE-AI/App/network.o
 .data.__compound_literal.33
                0x200004f8       0x10 ./X-CUBE-AI/App/network.o
 .data.__compound_literal.32
                0x20000508       0x10 ./X-CUBE-AI/App/network.o
 .data.nl_0_nl_output
                0x20000518       0x1c ./X-CUBE-AI/App/network.o
 .data.__compound_literal.31
                0x20000534       0x10 ./X-CUBE-AI/App/network.o
 .data.__compound_literal.30
                0x20000544       0x10 ./X-CUBE-AI/App/network.o
 .data.gemm_4_weights
                0x20000554       0x1c ./X-CUBE-AI/App/network.o
 .data.__compound_literal.29
                0x20000570       0x10 ./X-CUBE-AI/App/network.o
 .data.__compound_literal.28
                0x20000580       0x10 ./X-CUBE-AI/App/network.o
 .data.gemm_4_output
                0x20000590       0x1c ./X-CUBE-AI/App/network.o
 .data.__compound_literal.27
                0x200005ac       0x10 ./X-CUBE-AI/App/network.o
 .data.__compound_literal.26
                0x200005bc       0x10 ./X-CUBE-AI/App/network.o
 .data.gemm_4_bias
                0x200005cc       0x1c ./X-CUBE-AI/App/network.o
 .data.__compound_literal.25
                0x200005e8       0x10 ./X-CUBE-AI/App/network.o
 .data.__compound_literal.24
                0x200005f8       0x10 ./X-CUBE-AI/App/network.o
 .data.gemm_3_weights
                0x20000608       0x1c ./X-CUBE-AI/App/network.o
 .data.__compound_literal.23
                0x20000624       0x10 ./X-CUBE-AI/App/network.o
 .data.__compound_literal.22
                0x20000634       0x10 ./X-CUBE-AI/App/network.o
 .data.gemm_3_output
                0x20000644       0x1c ./X-CUBE-AI/App/network.o
 .data.__compound_literal.21
                0x20000660       0x10 ./X-CUBE-AI/App/network.o
 .data.__compound_literal.20
                0x20000670       0x10 ./X-CUBE-AI/App/network.o
 .data.gemm_3_bias
                0x20000680       0x1c ./X-CUBE-AI/App/network.o
 .data.__compound_literal.19
                0x2000069c       0x10 ./X-CUBE-AI/App/network.o
 .data.__compound_literal.18
                0x200006ac       0x10 ./X-CUBE-AI/App/network.o
 .data.gemm_2_weights
                0x200006bc       0x1c ./X-CUBE-AI/App/network.o
 .data.__compound_literal.17
                0x200006d8       0x10 ./X-CUBE-AI/App/network.o
 .data.__compound_literal.16
                0x200006e8       0x10 ./X-CUBE-AI/App/network.o
 .data.gemm_2_output
                0x200006f8       0x1c ./X-CUBE-AI/App/network.o
 .data.__compound_literal.15
                0x20000714       0x10 ./X-CUBE-AI/App/network.o
 .data.__compound_literal.14
                0x20000724       0x10 ./X-CUBE-AI/App/network.o
 .data.gemm_2_bias
                0x20000734       0x1c ./X-CUBE-AI/App/network.o
 .data.__compound_literal.13
                0x20000750       0x10 ./X-CUBE-AI/App/network.o
 .data.__compound_literal.12
                0x20000760       0x10 ./X-CUBE-AI/App/network.o
 .data.gemm_1_weights
                0x20000770       0x1c ./X-CUBE-AI/App/network.o
 .data.__compound_literal.11
                0x2000078c       0x10 ./X-CUBE-AI/App/network.o
 .data.__compound_literal.10
                0x2000079c       0x10 ./X-CUBE-AI/App/network.o
 .data.gemm_1_output
                0x200007ac       0x1c ./X-CUBE-AI/App/network.o
 .data.__compound_literal.9
                0x200007c8       0x10 ./X-CUBE-AI/App/network.o
 .data.__compound_literal.8
                0x200007d8       0x10 ./X-CUBE-AI/App/network.o
 .data.gemm_1_bias
                0x200007e8       0x1c ./X-CUBE-AI/App/network.o
 .data.__compound_literal.7
                0x20000804       0x10 ./X-CUBE-AI/App/network.o
 .data.__compound_literal.6
                0x20000814       0x10 ./X-CUBE-AI/App/network.o
 .data.gemm_0_weights
                0x20000824       0x1c ./X-CUBE-AI/App/network.o
 .data.__compound_literal.5
                0x20000840       0x10 ./X-CUBE-AI/App/network.o
 .data.__compound_literal.4
                0x20000850       0x10 ./X-CUBE-AI/App/network.o
 .data.gemm_0_output
                0x20000860       0x1c ./X-CUBE-AI/App/network.o
 .data.__compound_literal.3
                0x2000087c       0x10 ./X-CUBE-AI/App/network.o
 .data.__compound_literal.2
                0x2000088c       0x10 ./X-CUBE-AI/App/network.o
 .data.gemm_0_bias
                0x2000089c       0x1c ./X-CUBE-AI/App/network.o
 .data.__compound_literal.1
                0x200008b8       0x10 ./X-CUBE-AI/App/network.o
 .data.__compound_literal.0
                0x200008c8       0x10 ./X-CUBE-AI/App/network.o
 .data.gemm_4_bias_array
                0x200008d8       0x10 ./X-CUBE-AI/App/network.o
 .data.gemm_4_weights_array
                0x200008e8       0x10 ./X-CUBE-AI/App/network.o
 .data.gemm_3_bias_array
                0x200008f8       0x10 ./X-CUBE-AI/App/network.o
 .data.gemm_3_weights_array
                0x20000908       0x10 ./X-CUBE-AI/App/network.o
 .data.gemm_2_bias_array
                0x20000918       0x10 ./X-CUBE-AI/App/network.o
 .data.gemm_2_weights_array
                0x20000928       0x10 ./X-CUBE-AI/App/network.o
 .data.gemm_1_bias_array
                0x20000938       0x10 ./X-CUBE-AI/App/network.o
 .data.gemm_1_weights_array
                0x20000948       0x10 ./X-CUBE-AI/App/network.o
 .data.gemm_0_bias_array
                0x20000958       0x10 ./X-CUBE-AI/App/network.o
 .data.gemm_0_weights_array
                0x20000968       0x10 ./X-CUBE-AI/App/network.o
 .data.gemm_4_output_array
                0x20000978       0x10 ./X-CUBE-AI/App/network.o
 .data.nl_3_nl_output_array
                0x20000988       0x10 ./X-CUBE-AI/App/network.o
 .data.gemm_3_output_array
                0x20000998       0x10 ./X-CUBE-AI/App/network.o
 .data.nl_2_nl_output_array
                0x200009a8       0x10 ./X-CUBE-AI/App/network.o
 .data.gemm_2_output_array
                0x200009b8       0x10 ./X-CUBE-AI/App/network.o
 .data.nl_1_nl_output_array
                0x200009c8       0x10 ./X-CUBE-AI/App/network.o
 .data.gemm_1_output_array
                0x200009d8       0x10 ./X-CUBE-AI/App/network.o
 .data.nl_0_nl_output_array
                0x200009e8       0x10 ./X-CUBE-AI/App/network.o
 .data.gemm_0_output_array
                0x200009f8       0x10 ./X-CUBE-AI/App/network.o
 .data.serving_default_keras_tensor0_output_array
                0x20000a08       0x10 ./X-CUBE-AI/App/network.o
 .data.g_network_data_map_weights
                0x20000a18       0x1c ./X-CUBE-AI/App/network_data.o
                0x20000a18                g_network_data_map_weights
 .data.__compound_literal.1
                0x20000a34       0x10 ./X-CUBE-AI/App/network_data.o
 .data.g_network_data_map_activations
                0x20000a44       0x1c ./X-CUBE-AI/App/network_data.o
                0x20000a44                g_network_data_map_activations
 .data.__compound_literal.0
                0x20000a60       0x10 ./X-CUBE-AI/App/network_data.o
 .data.__sglue  0x20000a70        0xc D:/STM32/STM32CubeIDE_1.19.0/STM32CubeIDE/plugins/com.st.stm32cube.ide.mcu.externaltools.gnu-tools-for-stm32.13.3.rel1.win32_1.0.0.202411081344/tools/bin/../lib/gcc/arm-none-eabi/13.3.1/../../../../arm-none-eabi/lib/thumb/v7e-m+dp/hard\libc_nano.a(libc_a-findfp.o)
                0x20000a70                __sglue
 .data._impure_ptr
                0x20000a7c        0x4 D:/STM32/STM32CubeIDE_1.19.0/STM32CubeIDE/plugins/com.st.stm32cube.ide.mcu.externaltools.gnu-tools-for-stm32.13.3.rel1.win32_1.0.0.202411081344/tools/bin/../lib/gcc/arm-none-eabi/13.3.1/../../../../arm-none-eabi/lib/thumb/v7e-m+dp/hard\libc_nano.a(libc_a-impure.o)
                0x20000a7c                _impure_ptr
 .data._impure_data
                0x20000a80       0x4c D:/STM32/STM32CubeIDE_1.19.0/STM32CubeIDE/plugins/com.st.stm32cube.ide.mcu.externaltools.gnu-tools-for-stm32.13.3.rel1.win32_1.0.0.202411081344/tools/bin/../lib/gcc/arm-none-eabi/13.3.1/../../../../arm-none-eabi/lib/thumb/v7e-m+dp/hard\libc_nano.a(libc_a-impure.o)
                0x20000a80                _impure_data
 .data.__global_locale
                0x20000acc      0x16c D:/STM32/STM32CubeIDE_1.19.0/STM32CubeIDE/plugins/com.st.stm32cube.ide.mcu.externaltools.gnu-tools-for-stm32.13.3.rel1.win32_1.0.0.202411081344/tools/bin/../lib/gcc/arm-none-eabi/13.3.1/../../../../arm-none-eabi/lib/thumb/v7e-m+dp/hard\libc_nano.a(libc_a-locale.o)
                0x20000acc                __global_locale
 *(.RamFunc)
 *(.RamFunc*)
                0x20000c38                        . = ALIGN (0x4)
                0x20000c38                        _edata = .

.igot.plt       0x20000c38        0x0 load address 0x0800c0c8
 .igot.plt      0x20000c38        0x0 D:/STM32/STM32CubeIDE_1.19.0/STM32CubeIDE/plugins/com.st.stm32cube.ide.mcu.externaltools.gnu-tools-for-stm32.13.3.rel1.win32_1.0.0.202411081344/tools/bin/../lib/gcc/arm-none-eabi/13.3.1/thumb/v7e-m+dp/hard/crtbegin.o
                0x20000c38                        . = ALIGN (0x4)

.bss            0x20000c40      0x458 load address 0x0800c0c8
                0x20000c40                        _sbss = .
                0x20000c40                        __bss_start__ = _sbss
 *(.bss)
 .bss           0x20000c40       0x1c D:/STM32/STM32CubeIDE_1.19.0/STM32CubeIDE/plugins/com.st.stm32cube.ide.mcu.externaltools.gnu-tools-for-stm32.13.3.rel1.win32_1.0.0.202411081344/tools/bin/../lib/gcc/arm-none-eabi/13.3.1/thumb/v7e-m+dp/hard/crtbegin.o
 *(.bss*)
 .bss.rb_buf    0x20000c5c       0x81 ./Core/Src/main.o
                0x20000c5c                rb_buf
 *fill*         0x20000cdd        0x3 
 .bss.htim2     0x20000ce0       0x4c ./Core/Src/main.o
                0x20000ce0                htim2
 .bss.__sbrk_heap_end
                0x20000d2c        0x4 ./Core/Src/sysmem.o
 .bss.uwTick    0x20000d30        0x4 ./Drivers/STM32F7xx_HAL_Driver/Src/stm32f7xx_hal.o
                0x20000d30                uwTick
 .bss.total_sq_loss
                0x20000d34        0x4 ./X-CUBE-AI/App/app_x-cube-ai.o
                0x20000d34                total_sq_loss
 .bss.total_loss
                0x20000d38        0x4 ./X-CUBE-AI/App/app_x-cube-ai.o
                0x20000d38                total_loss
 .bss.total_time
                0x20000d3c        0x4 ./X-CUBE-AI/App/app_x-cube-ai.o
                0x20000d3c                total_time
 .bss.inference_time
                0x20000d40        0x4 ./X-CUBE-AI/App/app_x-cube-ai.o
                0x20000d40                inference_time
 .bss.end_time  0x20000d44        0x4 ./X-CUBE-AI/App/app_x-cube-ai.o
                0x20000d44                end_time
 .bss.start_time
                0x20000d48        0x4 ./X-CUBE-AI/App/app_x-cube-ai.o
                0x20000d48                start_time
 .bss.UseCase   0x20000d4c        0x1 ./X-CUBE-AI/App/app_x-cube-ai.o
                0x20000d4c                UseCase
 *fill*         0x20000d4d        0x3 
 .bss.current_angle
                0x20000d50        0x4 ./X-CUBE-AI/App/app_x-cube-ai.o
 .bss.ai_output
                0x20000d54        0x4 ./X-CUBE-AI/App/app_x-cube-ai.o
 .bss.ai_input  0x20000d58        0x4 ./X-CUBE-AI/App/app_x-cube-ai.o