Archive member included to satisfy reference by file (symbol)

../Middlewares/ST/AI/Lib/NetworkRuntime1200_CM7_GCC.a\NetworkRuntime1200_CM7_GCC.a(stai_internal.o)
                              ./Middlewares/ST/AI/Misc/Src/aiTestHelper_ST_AI.o (stai_runtime_get_info)
../Middlewares/ST/AI/Lib/NetworkRuntime1200_CM7_GCC.a\NetworkRuntime1200_CM7_GCC.a(lite_dense_if32.o)
                              ./AI/App/network.o (forward_lite_dense_if32of32wf32)
../Middlewares/ST/AI/Lib/NetworkRuntime1200_CM7_GCC.a\NetworkRuntime1200_CM7_GCC.a(lite_nl_generic_float.o)
                              ./AI/App/network.o (forward_lite_nl_relu_if32of32)
../Middlewares/ST/AI/Lib/NetworkRuntime1200_CM7_GCC.a\NetworkRuntime1200_CM7_GCC.a(st_int8_fill.o)
                              ../Middlewares/ST/AI/Lib/NetworkRuntime1200_CM7_GCC.a\NetworkRuntime1200_CM7_GCC.a(lite_dense_if32.o) (st_int8_copy)
../Middlewares/ST/AI/Lib/NetworkRuntime1200_CM7_GCC.a\NetworkRuntime1200_CM7_GCC.a(ai_math_helpers.o)
                              ../Middlewares/ST/AI/Lib/NetworkRuntime1200_CM7_GCC.a\NetworkRuntime1200_CM7_GCC.a(lite_nl_generic_float.o) (ai_math_sqrt)
../Middlewares/ST/AI/Lib/NetworkRuntime1200_CM7_GCC.a\NetworkRuntime1200_CM7_GCC.a(ai_math_elementwise_mul_int8.o)
                              ../Middlewares/ST/AI/Lib/NetworkRuntime1200_CM7_GCC.a\NetworkRuntime1200_CM7_GCC.a(ai_math_helpers.o) (ai_math_elementwise_mul_int8)
../Middlewares/ST/AI/Lib/NetworkRuntime1200_CM7_GCC.a\NetworkRuntime1200_CM7_GCC.a(ai_math_elementwise_sum_int8.o)
                              ../Middlewares/ST/AI/Lib/NetworkRuntime1200_CM7_GCC.a\NetworkRuntime1200_CM7_GCC.a(ai_math_helpers.o) (ai_math_elementwise_sum_int8)
../Middlewares/ST/AI/Lib/NetworkRuntime1200_CM7_GCC.a\NetworkRuntime1200_CM7_GCC.a(lite_nl_softmax_if32of32.o)
                              ../Middlewares/ST/AI/Lib/NetworkRuntime1200_CM7_GCC.a\NetworkRuntime1200_CM7_GCC.a(lite_nl_generic_float.o) (forward_lite_nl_softmax_if32of32_kernel)
../Middlewares/ST/AI/Lib/NetworkRuntime1200_CM7_GCC.a\NetworkRuntime1200_CM7_GCC.a(lite_nl_relu_if32of32.o)
                              ../Middlewares/ST/AI/Lib/NetworkRuntime1200_CM7_GCC.a\NetworkRuntime1200_CM7_GCC.a(lite_nl_generic_float.o) (forward_lite_nl_prelu_if32of32_kernel)
../Middlewares/ST/AI/Lib/NetworkRuntime1200_CM7_GCC.a\NetworkRuntime1200_CM7_GCC.a(st_align_factor.o)
                              ../Middlewares/ST/AI/Lib/NetworkRuntime1200_CM7_GCC.a\NetworkRuntime1200_CM7_GCC.a(ai_math_helpers.o) (align_factor)
D:/STM32/STM32CubeIDE_1.19.0/STM32CubeIDE/plugins/com.st.stm32cube.ide.mcu.externaltools.gnu-tools-for-stm32.13.3.rel1.win32_1.0.0.202411081344/tools/bin/../lib/gcc/arm-none-eabi/13.3.1/../../../../arm-none-eabi/lib/thumb/v7e-m+dp/hard\libc_nano.a(libc_a-exit.o)
                              D:/STM32/STM32CubeIDE_1.19.0/STM32CubeIDE/plugins/com.st.stm32cube.ide.mcu.externaltools.gnu-tools-for-stm32.13.3.rel1.win32_1.0.0.202411081344/tools/bin/../lib/gcc/arm-none-eabi/13.3.1/../../../../arm-none-eabi/lib/thumb/v7e-m+dp/hard/crt0.o (exit)
D:/STM32/STM32CubeIDE_1.19.0/STM32CubeIDE/plugins/com.st.stm32cube.ide.mcu.externaltools.gnu-tools-for-stm32.13.3.rel1.win32_1.0.0.202411081344/tools/bin/../lib/gcc/arm-none-eabi/13.3.1/../../../../arm-none-eabi/lib/thumb/v7e-m+dp/hard\libc_nano.a(libc_a-malloc.o)
                              ./Middlewares/ST/AI/Validation/Src/aiValidation_ST_AI.o (malloc)
D:/STM32/STM32CubeIDE_1.19.0/STM32CubeIDE/plugins/com.st.stm32cube.ide.mcu.externaltools.gnu-tools-for-stm32.13.3.rel1.win32_1.0.0.202411081344/tools/bin/../lib/gcc/arm-none-eabi/13.3.1/../../../../arm-none-eabi/lib/thumb/v7e-m+dp/hard\libc_nano.a(libc_a-mallocr.o)
                              D:/STM32/STM32CubeIDE_1.19.0/STM32CubeIDE/plugins/com.st.stm32cube.ide.mcu.externaltools.gnu-tools-for-stm32.13.3.rel1.win32_1.0.0.202411081344/tools/bin/../lib/gcc/arm-none-eabi/13.3.1/../../../../arm-none-eabi/lib/thumb/v7e-m+dp/hard\libc_nano.a(libc_a-malloc.o) (_malloc_r)
D:/STM32/STM32CubeIDE_1.19.0/STM32CubeIDE/plugins/com.st.stm32cube.ide.mcu.externaltools.gnu-tools-for-stm32.13.3.rel1.win32_1.0.0.202411081344/tools/bin/../lib/gcc/arm-none-eabi/13.3.1/../../../../arm-none-eabi/lib/thumb/v7e-m+dp/hard\libc_nano.a(libc_a-mlock.o)
                              D:/STM32/STM32CubeIDE_1.19.0/STM32CubeIDE/plugins/com.st.stm32cube.ide.mcu.externaltools.gnu-tools-for-stm32.13.3.rel1.win32_1.0.0.202411081344/tools/bin/../lib/gcc/arm-none-eabi/13.3.1/../../../../arm-none-eabi/lib/thumb/v7e-m+dp/hard\libc_nano.a(libc_a-mallocr.o) (__malloc_lock)
D:/STM32/STM32CubeIDE_1.19.0/STM32CubeIDE/plugins/com.st.stm32cube.ide.mcu.externaltools.gnu-tools-for-stm32.13.3.rel1.win32_1.0.0.202411081344/tools/bin/../lib/gcc/arm-none-eabi/13.3.1/../../../../arm-none-eabi/lib/thumb/v7e-m+dp/hard\libc_nano.a(libc_a-nano-vfprintf_float.o)
                              (_printf_float)
[...]
Memory Configuration

Name             Origin             Length             Attributes
FLASH            0x08000000         0x00200000         xr
RAM              0x20000000         0x00080000         xrw
*default*        0x00000000         0xffffffff

Linker script and memory map

LOAD D:/STM32/STM32CubeIDE_1.19.0/STM32CubeIDE/plugins/com.st.stm32cube.ide.mcu.externaltools.gnu-tools-for-stm32.13.3.rel1.win32_1.0.0.202411081344/tools/bin/../lib/gcc/arm-none-eabi/13.3.1/thumb/v7e-m+dp/hard/crti.o
LOAD D:/STM32/STM32CubeIDE_1.19.0/STM32CubeIDE/plugins/com.st.stm32cube.ide.mcu.externaltools.gnu-tools-for-stm32.13.3.rel1.win32_1.0.0.202411081344/tools/bin/../lib/gcc/arm-none-eabi/13.3.1/thumb/v7e-m+dp/hard/crtbegin.o
LOAD D:/STM32/STM32CubeIDE_1.19.0/STM32CubeIDE/plugins/com.st.stm32cube.ide.mcu.externaltools.gnu-tools-for-stm32.13.3.rel1.win32_1.0.0.202411081344/tools/bin/../lib/gcc/arm-none-eabi/13.3.1/../../../../arm-none-eabi/lib/thumb/v7e-m+dp/hard/crt0.o
LOAD ./AI/App/app_x-cube-ai.o
LOAD ./AI/App/network.o
LOAD ./AI/App/network_data.o
LOAD ./Core/Src/main.o
LOAD ./Core/Src/stm32f7xx_hal_msp.o
LOAD ./Core/Src/stm32f7xx_it.o
LOAD ./Core/Src/syscalls.o
LOAD ./Core/Src/sysmem.o
LOAD ./Core/Src/system_stm32f7xx.o
LOAD ./Core/Startup/startup_stm32f767zitx.o
LOAD ./Drivers/STM32F7xx_HAL_Driver/Src/stm32f7xx_hal.o
LOAD ./Drivers/STM32F7xx_HAL_Driver/Src/stm32f7xx_hal_cortex.o
LOAD ./Drivers/STM32F7xx_HAL_Driver/Src/stm32f7xx_hal_dma.o
LOAD ./Drivers/STM32F7xx_HAL_Driver/Src/stm32f7xx_hal_dma_ex.o
LOAD ./Drivers/STM32F7xx_HAL_Driver/Src/stm32f7xx_hal_exti.o
LOAD ./Drivers/STM32F7xx_HAL_Driver/Src/stm32f7xx_hal_flash.o
LOAD ./Drivers/STM32F7xx_HAL_Driver/Src/stm32f7xx_hal_flash_ex.o
LOAD ./Drivers/STM32F7xx_HAL_Driver/Src/stm32f7xx_hal_gpio.o
LOAD ./Drivers/STM32F7xx_HAL_Driver/Src/stm32f7xx_hal_i2c.o
LOAD ./Drivers/STM32F7xx_HAL_Driver/Src/stm32f7xx_hal_i2c_ex.o
LOAD ./Drivers/STM32F7xx_HAL_Driver/Src/stm32f7xx_hal_pwr.o
LOAD ./Drivers/STM32F7xx_HAL_Driver/Src/stm32f7xx_hal_pwr_ex.o
LOAD ./Drivers/STM32F7xx_HAL_Driver/Src/stm32f7xx_hal_rcc.o
LOAD ./Drivers/STM32F7xx_HAL_Driver/Src/stm32f7xx_hal_rcc_ex.o
LOAD ./Drivers/STM32F7xx_HAL_Driver/Src/stm32f7xx_hal_uart.o
LOAD ./Drivers/STM32F7xx_HAL_Driver/Src/stm32f7xx_hal_uart_ex.o
LOAD ./Middlewares/ST/AI/Misc/Src/aiTestHelper_ST_AI.o
LOAD ./Middlewares/ST/AI/Misc/Src/aiTestUtility.o
LOAD ./Middlewares/ST/AI/Misc/Src/ai_device_adaptor.o
LOAD ./Middlewares/ST/AI/Misc/Src/lc_print.o
LOAD ./Middlewares/ST/AI/Misc/Src/syscalls.o
LOAD ./Middlewares/ST/AI/Validation/Src/aiPbIO.o
LOAD ./Middlewares/ST/AI/Validation/Src/aiPbMemRWServices.o
LOAD ./Middlewares/ST/AI/Validation/Src/aiPbMgr.o
LOAD ./Middlewares/ST/AI/Validation/Src/aiValidation_ST_AI.o
LOAD ./Middlewares/ST/AI/Validation/Src/pb_common.o
LOAD ./Middlewares/ST/AI/Validation/Src/pb_decode.o
LOAD ./Middlewares/ST/AI/Validation/Src/pb_encode.o
LOAD ./Middlewares/ST/AI/Validation/Src/stm32msg.pb.o
LOAD ../Middlewares/ST/AI/Lib/NetworkRuntime1200_CM7_GCC.a\NetworkRuntime1200_CM7_GCC.a
START GROUP
LOAD D:/STM32/STM32CubeIDE_1.19.0/STM32CubeIDE/plugins/com.st.stm32cube.ide.mcu.externaltools.gnu-tools-for-stm32.13.3.rel1.win32_1.0.0.202411081344/tools/bin/../lib/gcc/arm-none-eabi/13.3.1/../../../../arm-none-eabi/lib/thumb/v7e-m+dp/hard\libc_nano.a
LOAD D:/STM32/STM32CubeIDE_1.19.0/STM32CubeIDE/plugins/com.st.stm32cube.ide.mcu.externaltools.gnu-tools-for-stm32.13.3.rel1.win32_1.0.0.202411081344/tools/bin/../lib/gcc/arm-none-eabi/13.3.1/../../../../arm-none-eabi/lib/thumb/v7e-m+dp/hard\libm.a
END GROUP
START GROUP
LOAD D:/STM32/STM32CubeIDE_1.19.0/STM32CubeIDE/plugins/com.st.stm32cube.ide.mcu.externaltools.gnu-tools-for-stm32.13.3.rel1.win32_1.0.0.202411081344/tools/bin/../lib/gcc/arm-none-eabi/13.3.1/thumb/v7e-m+dp/hard\libgcc.a
LOAD D:/STM32/STM32CubeIDE_1.19.0/STM32CubeIDE/plugins/com.st.stm32cube.ide.mcu.externaltools.gnu-tools-for-stm32.13.3.rel1.win32_1.0.0.202411081344/tools/bin/../lib/gcc/arm-none-eabi/13.3.1/../../../../arm-none-eabi/lib/thumb/v7e-m+dp/hard\libc_nano.a
END GROUP
START GROUP
LOAD D:/STM32/STM32CubeIDE_1.19.0/STM32CubeIDE/plugins/com.st.stm32cube.ide.mcu.externaltools.gnu-tools-for-stm32.13.3.rel1.win32_1.0.0.202411081344/tools/bin/../lib/gcc/arm-none-eabi/13.3.1/thumb/v7e-m+dp/hard\libgcc.a
LOAD D:/STM32/STM32CubeIDE_1.19.0/STM32CubeIDE/plugins/com.st.stm32cube.ide.mcu.externaltools.gnu-tools-for-stm32.13.3.rel1.win32_1.0.0.202411081344/tools/bin/../lib/gcc/arm-none-eabi/13.3.1/../../../../arm-none-eabi/lib/thumb/v7e-m+dp/hard\libc_nano.a
LOAD D:/STM32/STM32CubeIDE_1.19.0/STM32CubeIDE/plugins/com.st.stm32cube.ide.mcu.externaltools.gnu-tools-for-stm32.13.3.rel1.win32_1.0.0.202411081344/tools/bin/../lib/gcc/arm-none-eabi/13.3.1/../../../../arm-none-eabi/lib/thumb/v7e-m+dp/hard\libnosys.a
END GROUP
START GROUP
LOAD D:/STM32/STM32CubeIDE_1.19.0/STM32CubeIDE/plugins/com.st.stm32cube.ide.mcu.externaltools.gnu-tools-for-stm32.13.3.rel1.win32_1.0.0.202411081344/tools/bin/../lib/gcc/arm-none-eabi/13.3.1/thumb/v7e-m+dp/hard\libgcc.a
LOAD D:/STM32/STM32CubeIDE_1.19.0/STM32CubeIDE/plugins/com.st.stm32cube.ide.mcu.externaltools.gnu-tools-for-stm32.13.3.rel1.win32_1.0.0.202411081344/tools/bin/../lib/gcc/arm-none-eabi/13.3.1/../../../../arm-none-eabi/lib/thumb/v7e-m+dp/hard\libc_nano.a
LOAD D:/STM32/STM32CubeIDE_1.19.0/STM32CubeIDE/plugins/com.st.stm32cube.ide.mcu.externaltools.gnu-tools-for-stm32.13.3.rel1.win32_1.0.0.202411081344/tools/bin/../lib/gcc/arm-none-eabi/13.3.1/../../../../arm-none-eabi/lib/thumb/v7e-m+dp/hard\libnosys.a
END GROUP
LOAD D:/STM32/STM32CubeIDE_1.19.0/STM32CubeIDE/plugins/com.st.stm32cube.ide.mcu.externaltools.gnu-tools-for-stm32.13.3.rel1.win32_1.0.0.202411081344/tools/bin/../lib/gcc/arm-none-eabi/13.3.1/thumb/v7e-m+dp/hard/crtend.o
LOAD D:/STM32/STM32CubeIDE_1.19.0/STM32CubeIDE/plugins/com.st.stm32cube.ide.mcu.externaltools.gnu-tools-for-stm32.13.3.rel1.win32_1.0.0.202411081344/tools/bin/../lib/gcc/arm-none-eabi/13.3.1/thumb/v7e-m+dp/hard/crtn.o
                0x20080000                        _estack = (ORIGIN (RAM) + LENGTH (RAM))
                0x00000800                        _Min_Heap_Size = 0x800
                0x00002000                        _Min_Stack_Size = 0x2000

.AI_FLASH       0x08000000        0x0
                0x08000000                        . = ALIGN (0x8)
 *(.AI_FLASH)
                0x08000000                        . = ALIGN (0x8)

.AI_RAM         0x20000000      0x140
                0x20000000                        . = ALIGN (0x8)
 *(.AI_RAM)
 .AI_RAM        0x20000000      0x140 ./AI/App/app_x-cube-ai.o
                0x20000140                        . = ALIGN (0x8)

.AI_RAM         0x20000140        0x0
                0x20000140                        . = ALIGN (0x4)
 *(.AI_RAM)
                0x20000140                        . = ALIGN (0x4)

.isr_vector     0x08000000      0x1f8
                0x08000000                        . = ALIGN (0x4)
 *(.isr_vector)
 .isr_vector    0x08000000      0x1f8 ./Core/Startup/startup_stm32f767zitx.o
                0x08000000                g_pfnVectors
                0x080001f8                        . = ALIGN (0x4)

.text           0x08000200     0x91e0
                0x08000200                        . = ALIGN (0x4)
 *(.text)
 .text          0x08000200       0x40 D:/STM32/STM32CubeIDE_1.19.0/STM32CubeIDE/plugins/com.st.stm32cube.ide.mcu.externaltools.gnu-tools-for-stm32.13.3.rel1.win32_1.0.0.202411081344/tools/bin/../lib/gcc/arm-none-eabi/13.3.1/thumb/v7e-m+dp/hard/crtbegin.o
 .text          0x08000240       0xa0 D:/STM32/STM32CubeIDE_1.19.0/STM32CubeIDE/plugins/com.st.stm32cube.ide.mcu.externaltools.gnu-tools-for-stm32.13.3.rel1.win32_1.0.0.202411081344/tools/bin/../lib/gcc/arm-none-eabi/13.3.1/../../../../arm-none-eabi/lib/thumb/v7e-m+dp/hard\libc_nano.a(libc_a-memchr.o)
                0x08000240                memchr
 .text          0x080002e0       0x10 D:/STM32/STM32CubeIDE_1.19.0/STM32CubeIDE/plugins/com.st.stm32cube.ide.mcu.externaltools.gnu-tools-for-stm32.13.3.rel1.win32_1.0.0.202411081344/tools/bin/../lib/gcc/arm-none-eabi/13.3.1/../../../../arm-none-eabi/lib/thumb/v7e-m+dp/hard\libc_nano.a(libc_a-strlen.o)
                0x080002e0                strlen
 .text          0x080002f0      0x378 D:/STM32/STM32CubeIDE_1.19.0/STM32CubeIDE/plugins/com.st.stm32cube.ide.mcu.externaltools.gnu-tools-for-stm32.13.3.rel1.win32_1.0.0.202411081344/tools/bin/../lib/gcc/arm-none-eabi/13.3.1/thumb/v7e-m+dp/hard\libgcc.a(_arm_addsubdf3.o)
                0x080002f0                __aeabi_drsub
                0x080002f8                __aeabi_dsub
                0x080002f8                __subdf3
                0x080002fc                __aeabi_dadd
                0x080002fc                __adddf3
                0x08000574                __floatunsidf
                0x08000574                __aeabi_ui2d
                0x08000594                __floatsidf
                0x08000594                __aeabi_i2d
                0x080005b8                __aeabi_f2d
                0x080005b8                __extendsfdf2
                0x080005fc                __floatundidf
                0x080005fc                __aeabi_ul2d
                0x0800060c                __floatdidf
                0x0800060c                __aeabi_l2d
 .text          0x08000668       0x30 D:/STM32/STM32CubeIDE_1.19.0/STM32CubeIDE/plugins/com.st.stm32cube.ide.mcu.externaltools.gnu-tools-for-stm32.13.3.rel1.win32_1.0.0.202411081344/tools/bin/../lib/gcc/arm-none-eabi/13.3.1/thumb/v7e-m+dp/hard\libgcc.a(_aeabi_uldivmod.o)
                0x08000668                __aeabi_uldivmod
 .text          0x08000698       0x40 D:/STM32/STM32CubeIDE_1.19.0/STM32CubeIDE/plugins/com.st.stm32cube.ide.mcu.externaltools.gnu-tools-for-stm32.13.3.rel1.win32_1.0.0.202411081344/tools/bin/../lib/gcc/arm-none-eabi/13.3.1/thumb/v7e-m+dp/hard\libgcc.a(_fixunsdfdi.o)
                0x08000698                __fixunsdfdi
                0x08000698                __aeabi_d2ulz
 .text          0x080006d8      0x2f8 D:/STM32/STM32CubeIDE_1.19.0/STM32CubeIDE/plugins/com.st.stm32cube.ide.mcu.externaltools.gnu-tools-for-stm32.13.3.rel1.win32_1.0.0.202411081344/tools/bin/../lib/gcc/arm-none-eabi/13.3.1/thumb/v7e-m+dp/hard\libgcc.a(_udivmoddi4.o)
                0x080006d8                __udivmoddi4
 .text          0x080009d0        0x4 D:/STM32/STM32CubeIDE_1.19.0/STM32CubeIDE/plugins/com.st.stm32cube.ide.mcu.externaltools.gnu-tools-for-stm32.13.3.rel1.win32_1.0.0.202411081344/tools/bin/../lib/gcc/arm-none-eabi/13.3.1/thumb/v7e-m+dp/hard\libgcc.a(_dvmd_tls.o)
                0x080009d0                __aeabi_idiv0
                0x080009d0                __aeabi_ldiv0
 *(.text*)
 .text.STM32CubeAI_Studio_AI_Init
                0x080009d4       0x10 ./AI/App/app_x-cube-ai.o
                0x080009d4                STM32CubeAI_Studio_AI_Init
 .text._stai_mnetwork_is_valid
                0x080009e4       0x56 ./AI/App/app_x-cube-ai.o
 *fill*         0x08000a3a        0x2 
 .text._stai_mnetwork_handle
                0x08000a3c       0x60 ./AI/App/app_x-cube-ai.o
 .text.stai_mnetwork_init
                0x08000a9c       0xbc ./AI/App/app_x-cube-ai.o
                0x08000a9c                stai_mnetwork_init
 .text.stai_mnetwork_set_activations
                0x08000b58       0x3e ./AI/App/app_x-cube-ai.o
                0x08000b58                stai_mnetwork_set_activations
 .text.stai_mnetwork_set_states
                0x08000b96       0x3e ./AI/App/app_x-cube-ai.o
                0x08000b96                stai_mnetwork_set_states
 .text.stai_mnetwork_set_inputs
                0x08000bd4       0x3e ./AI/App/app_x-cube-ai.o
                0x08000bd4                stai_mnetwork_set_inputs
 .text.stai_mnetwork_set_outputs
                0x08000c12       0x3e ./AI/App/app_x-cube-ai.o
                0x08000c12                stai_mnetwork_set_outputs
 .text.stai_mnetwork_run
                0x08000c50       0x3a ./AI/App/app_x-cube-ai.o
                0x08000c50                stai_mnetwork_run
 .text._stai_network_check
                0x08000c8a      0x108 ./AI/App/network.o
 *fill*         0x08000d92        0x2 
 .text.stai_network_init
                0x08000d94       0x58 ./AI/App/network.o
                0x08000d94                stai_network_init
 .text.stai_network_deinit
                0x08000dec       0x68 ./AI/App/network.o
                0x08000dec                stai_network_deinit
 .text.stai_network_run
                0x08000e54      0x93c ./AI/App/network.o
                0x08000e54                stai_network_run
 .text.stai_network_get_context_size
                0x08001790       0x10 ./AI/App/network.o
                0x08001790                stai_network_get_context_size
 .text.stai_network_get_info
                0x080017a0       0xa8 ./AI/App/network.o
                0x080017a0                stai_network_get_info
 .text.stai_network_get_activations
                0x08001848       0xcc ./AI/App/network.o
                0x08001848                stai_network_get_activations
 .text.stai_network_get_weights
                0x08001914       0xd0 ./AI/App/network.o
                0x08001914                stai_network_get_weights
 .text.stai_network_get_inputs
                0x080019e4       0xd0 ./AI/App/network.o
                0x080019e4                stai_network_get_inputs
 .text.stai_network_get_outputs
                0x08001ab4       0xcc ./AI/App/network.o
                0x08001ab4                stai_network_get_outputs
 .text.stai_network_get_error
                0x08001b80       0x60 ./AI/App/network.o
                0x08001b80                stai_network_get_error
 .text.stai_network_get_states
                0x08001be0       0xa0 ./AI/App/network.o
                0x08001be0                stai_network_get_states
 .text.stai_network_set_activations
                0x08001c80      0x1a8 ./AI/App/network.o
                0x08001c80                stai_network_set_activations
 .text.stai_network_set_weights
                0x08001e28      0x1b0 ./AI/App/network.o
                0x08001e28                stai_network_set_weights
 .text.stai_network_set_inputs
                0x08001fd8      0x198 ./AI/App/network.o
                0x08001fd8                stai_network_set_inputs
 .text.stai_network_set_outputs
                0x08002170      0x198 ./AI/App/network.o
                0x08002170                stai_network_set_outputs
 .text.stai_network_set_states
                0x08002308       0x64 ./AI/App/network.o
                0x08002308                stai_network_set_states
 .text.stai_network_set_callback
                0x0800236c       0x70 ./AI/App/network.o
                0x0800236c                stai_network_set_callback
 .text.SCB_EnableICache
                0x080023dc       0x4c ./Core/Src/main.o
 .text.SCB_EnableDCache
                0x08002428       0x88 ./Core/Src/main.o
 .text.Switch_Led
                0x080024b0       0x9c ./Core/Src/main.o
                0x080024b0                Switch_Led
 .text.getCurrentMicros
                0x0800254c       0x64 ./Core/Src/main.o
                0x0800254c                getCurrentMicros
 .text.main     0x080025b0      0x318 ./Core/Src/main.o
                0x080025b0                main
 .text.SystemClock_Config
                0x080028c8       0xdc ./Core/Src/main.o
                0x080028c8                SystemClock_Config
 .text.MX_USART3_UART_Init
                0x080029a4       0x60 ./Core/Src/main.o
                0x080029a4                MX_USART3_UART_Init
 .text.MX_GPIO_Init
                0x08002a04      0x208 ./Core/Src/main.o
 .text.MPU_Config
                0x08002c0c       0x12 ./Core/Src/main.o
 .text.Error_Handler
                0x08002c1e        0xc ./Core/Src/main.o
                0x08002c1e                Error_Handler
 *fill*         0x08002c2a        0x2 
 .text.HAL_MspInit
                0x08002c2c       0x48 ./Core/Src/stm32f7xx_hal_msp.o
                0x08002c2c                HAL_MspInit
 .text.HAL_UART_MspInit
                0x08002c74       0xec ./Core/Src/stm32f7xx_hal_msp.o
                0x08002c74                HAL_UART_MspInit
 .text.NMI_Handler
                0x08002d60        0x8 ./Core/Src/stm32f7xx_it.o
                0x08002d60                NMI_Handler
 .text.HardFault_Handler
                0x08002d68        0x8 ./Core/Src/stm32f7xx_it.o
                0x08002d68                HardFault_Handler
 .text.MemManage_Handler
                0x08002d70        0x8 ./Core/Src/stm32f7xx_it.o
                0x08002d70                MemManage_Handler
 .text.BusFault_Handler
                0x08002d78        0x8 ./Core/Src/stm32f7xx_it.o
                0x08002d78                BusFault_Handler
 .text.UsageFault_Handler
                0x08002d80        0x8 ./Core/Src/stm32f7xx_it.o
                0x08002d80                UsageFault_Handler
 .text.SVC_Handler
                0x08002d88        0xe ./Core/Src/stm32f7xx_it.o
                0x08002d88                SVC_Handler
 .text.DebugMon_Handler
                0x08002d96        0xe ./Core/Src/stm32f7xx_it.o
                0x08002d96                DebugMon_Handler
 .text.PendSV_Handler
                0x08002da4        0xe ./Core/Src/stm32f7xx_it.o
                0x08002da4                PendSV_Handler
 .text.SysTick_Handler
                0x08002db2        0xc ./Core/Src/stm32f7xx_it.o
                0x08002db2                SysTick_Handler
 .text._getpid  0x08002dbe       0x10 ./Core/Src/syscalls.o
                0x08002dbe                _getpid
 .text._kill    0x08002dce       0x20 ./Core/Src/syscalls.o
                0x08002dce                _kill
 .text._exit    0x08002dee       0x16 ./Core/Src/syscalls.o
                0x08002dee                _exit
 .text._read    0x08002e04       0x3a ./Core/Src/syscalls.o
                0x08002e04                _read
 .text._close   0x08002e3e       0x18 ./Core/Src/syscalls.o
                0x08002e3e                _close
 .text._fstat   0x08002e56       0x20 ./Core/Src/syscalls.o
                0x08002e56                _fstat
 .text._isatty  0x08002e76       0x16 ./Core/Src/syscalls.o
                0x08002e76                _isatty
 .text._lseek   0x08002e8c       0x1a ./Core/Src/syscalls.o
                0x08002e8c                _lseek
 *fill*         0x08002ea6        0x2 
 .text._sbrk    0x08002ea8       0x6c ./Core/Src/sysmem.o
                0x08002ea8                _sbrk
 .text.SystemInit
                0x08002f14       0x24 ./Core/Src/system_stm32f7xx.o
                0x08002f14                SystemInit
 .text.Reset_Handler
                0x08002f38       0x50 ./Core/Startup/startup_stm32f767zitx.o
                0x08002f38                Reset_Handler
 .text.Default_Handler
                0x08002f88        0x2 ./Core/Startup/startup_stm32f767zitx.o
                0x08002f88                RTC_Alarm_IRQHandler
                0x08002f88                EXTI2_IRQHandler
                0x08002f88                TIM8_CC_IRQHandler
                0x08002f88                UART8_IRQHandler
                0x08002f88                SPI4_IRQHandler
                0x08002f88                TIM1_CC_IRQHandler
                0x08002f88                DMA2_Stream5_IRQHandler
                0x08002f88                JPEG_IRQHandler
                0x08002f88                DMA1_Stream5_IRQHandler
                0x08002f88                CAN3_RX1_IRQHandler
                0x08002f88                PVD_IRQHandler
                0x08002f88                TAMP_STAMP_IRQHandler
                0x08002f88                CAN2_RX1_IRQHandler
                0x08002f88                EXTI3_IRQHandler
                0x08002f88                TIM8_TRG_COM_TIM14_IRQHandler
                0x08002f88                DFSDM1_FLT1_IRQHandler
                0x08002f88                TIM1_UP_TIM10_IRQHandler
                0x08002f88                TIM8_UP_TIM13_IRQHandler
                0x08002f88                I2C3_ER_IRQHandler
                0x08002f88                DFSDM1_FLT2_IRQHandler
                0x08002f88                EXTI0_IRQHandler
                0x08002f88                I2C2_EV_IRQHandler
                0x08002f88                DMA1_Stream2_IRQHandler
                0x08002f88                CAN1_RX0_IRQHandler
                0x08002f88                FPU_IRQHandler
                0x08002f88                OTG_HS_WKUP_IRQHandler
                0x08002f88                CAN3_SCE_IRQHandler
                0x08002f88                LTDC_ER_IRQHandler
                0x08002f88                CAN2_SCE_IRQHandler
                0x08002f88                DMA2_Stream2_IRQHandler
                0x08002f88                SPI1_IRQHandler
                0x08002f88                TIM6_DAC_IRQHandler
                0x08002f88                TIM1_BRK_TIM9_IRQHandler
                0x08002f88                DCMI_IRQHandler
                0x08002f88                CAN2_RX0_IRQHandler
                0x08002f88                DMA2_Stream3_IRQHandler
                0x08002f88                SAI2_IRQHandler
                0x08002f88                DFSDM1_FLT3_IRQHandler
                0x08002f88                USART6_IRQHandler
                0x08002f88                CAN3_RX0_IRQHandler
                0x08002f88                USART3_IRQHandler
                0x08002f88                CAN1_RX1_IRQHandler
                0x08002f88                UART5_IRQHandler
                0x08002f88                DMA2_Stream0_IRQHandler
                0x08002f88                TIM4_IRQHandler
                0x08002f88                QUADSPI_IRQHandler
                0x08002f88                I2C1_EV_IRQHandler
                0x08002f88                DMA1_Stream6_IRQHandler
                0x08002f88                DMA1_Stream1_IRQHandler
                0x08002f88                UART4_IRQHandler
                0x08002f88                TIM3_IRQHandler
                0x08002f88                RCC_IRQHandler
                0x08002f88                TIM8_BRK_TIM12_IRQHandler
                0x08002f88                Default_Handler
                0x08002f88                CEC_IRQHandler
                0x08002f88                EXTI15_10_IRQHandler
                0x08002f88                ADC_IRQHandler
                0x08002f88                DMA1_Stream7_IRQHandler
                0x08002f88                SPI5_IRQHandler
                0x08002f88                TIM7_IRQHandler
                0x08002f88                SDMMC1_IRQHandler
                0x08002f88                CAN2_TX_IRQHandler
                0x08002f88                TIM5_IRQHandler
                0x08002f88                DMA2_Stream7_IRQHandler
                0x08002f88                I2C3_EV_IRQHandler
                0x08002f88                EXTI9_5_IRQHandler
                0x08002f88                RTC_WKUP_IRQHandler
                0x08002f88                LTDC_IRQHandler
                0x08002f88                ETH_WKUP_IRQHandler
                0x08002f88                SPDIF_RX_IRQHandler
                0x08002f88                SPI2_IRQHandler
                0x08002f88                OTG_HS_EP1_IN_IRQHandler
                0x08002f88                DMA1_Stream0_IRQHandler
                0x08002f88                CAN1_TX_IRQHandler
                0x08002f88                EXTI4_IRQHandler
                0x08002f88                RNG_IRQHandler
                0x08002f88                ETH_IRQHandler
                0x08002f88                OTG_HS_EP1_OUT_IRQHandler
                0x08002f88                WWDG_IRQHandler
                0x08002f88                SPI6_IRQHandler
                0x08002f88                MDIOS_IRQHandler
                0x08002f88                I2C4_EV_IRQHandler
                0x08002f88                CAN3_TX_IRQHandler
                0x08002f88                TIM2_IRQHandler
                0x08002f88                OTG_FS_WKUP_IRQHandler
                0x08002f88                TIM1_TRG_COM_TIM11_IRQHandler
                0x08002f88                OTG_HS_IRQHandler
                0x08002f88                DMA2D_IRQHandler
                0x08002f88                EXTI1_IRQHandler
                0x08002f88                SDMMC2_IRQHandler
                0x08002f88                UART7_IRQHandler
                0x08002f88                USART2_IRQHandler
                0x08002f88                DFSDM1_FLT0_IRQHandler
                0x08002f88                I2C2_ER_IRQHandler
                0x08002f88                DMA2_Stream1_IRQHandler
                0x08002f88                CAN1_SCE_IRQHandler
                0x08002f88                FLASH_IRQHandler
                0x08002f88                DMA2_Stream4_IRQHandler
                0x08002f88                USART1_IRQHandler
                0x08002f88                OTG_FS_IRQHandler
                0x08002f88                SPI3_IRQHandler
                0x08002f88                DMA1_Stream4_IRQHandler
                0x08002f88                I2C1_ER_IRQHandler
                0x08002f88                FMC_IRQHandler
                0x08002f88                LPTIM1_IRQHandler
                0x08002f88                I2C4_ER_IRQHandler
                0x08002f88                DMA2_Stream6_IRQHandler
                0x08002f88                SAI1_IRQHandler
                0x08002f88                DMA1_Stream3_IRQHandler
 .text.HAL_Init
                0x08002f8a       0x1a ./Drivers/STM32F7xx_HAL_Driver/Src/stm32f7xx_hal.o
                0x08002f8a                HAL_Init
 .text.HAL_InitTick
                0x08002fa4       0x60 ./Drivers/STM32F7xx_HAL_Driver/Src/stm32f7xx_hal.o
                0x08002fa4                HAL_InitTick
 .text.HAL_IncTick
                0x08003004       0x28 ./Drivers/STM32F7xx_HAL_Driver/Src/stm32f7xx_hal.o
                0x08003004                HAL_IncTick
 .text.HAL_GetTick
                0x0800302c       0x18 ./Drivers/STM32F7xx_HAL_Driver/Src/stm32f7xx_hal.o
                0x0800302c                HAL_GetTick
 .text.HAL_Delay
                0x08003044       0x48 ./Drivers/STM32F7xx_HAL_Driver/Src/stm32f7xx_hal.o
                0x08003044                HAL_Delay
 .text.HAL_GetHalVersion
                0x0800308c       0x14 ./Drivers/STM32F7xx_HAL_Driver/Src/stm32f7xx_hal.o
                0x0800308c                HAL_GetHalVersion
 .text.HAL_GetREVID
                0x080030a0       0x18 ./Drivers/STM32F7xx_HAL_Driver/Src/stm32f7xx_hal.o
                0x080030a0                HAL_GetREVID
 .text.HAL_GetDEVID
                0x080030b8       0x1c ./Drivers/STM32F7xx_HAL_Driver/Src/stm32f7xx_hal.o
                0x080030b8                HAL_GetDEVID
 .text.__NVIC_SetPriorityGrouping
                0x080030d4       0x48 ./Drivers/STM32F7xx_HAL_Driver/Src/stm32f7xx_hal_cortex.o
 .text.__NVIC_GetPriorityGrouping
                0x0800311c       0x1c ./Drivers/STM32F7xx_HAL_Driver/Src/stm32f7xx_hal_cortex.o
 .text.__NVIC_SetPriority
                0x08003138       0x54 ./Drivers/STM32F7xx_HAL_Driver/Src/stm32f7xx_hal_cortex.o
 .text.NVIC_EncodePriority
                0x0800318c       0x66 ./Drivers/STM32F7xx_HAL_Driver/Src/stm32f7xx_hal_cortex.o
 *fill*         0x080031f2        0x2 
 .text.SysTick_Config
                0x080031f4       0x44 ./Drivers/STM32F7xx_HAL_Driver/Src/stm32f7xx_hal_cortex.o
 .text.HAL_NVIC_SetPriorityGrouping
                0x08003238       0x16 ./Drivers/STM32F7xx_HAL_Driver/Src/stm32f7xx_hal_cortex.o
                0x08003238                HAL_NVIC_SetPriorityGrouping
 .text.HAL_NVIC_SetPriority
                0x0800324e       0x38 ./Drivers/STM32F7xx_HAL_Driver/Src/stm32f7xx_hal_cortex.o
                0x0800324e                HAL_NVIC_SetPriority
 .text.HAL_SYSTICK_Config
                0x08003286       0x18 ./Drivers/STM32F7xx_HAL_Driver/Src/stm32f7xx_hal_cortex.o
                0x08003286                HAL_SYSTICK_Config
 *fill*         0x0800329e        0x2 
 .text.HAL_MPU_Disable
                0x080032a0       0x30 ./Drivers/STM32F7xx_HAL_Driver/Src/stm32f7xx_hal_cortex.o
                0x080032a0                HAL_MPU_Disable
 .text.HAL_MPU_Enable
                0x080032d0       0x40 ./Drivers/STM32F7xx_HAL_Driver/Src/stm32f7xx_hal_cortex.o
                0x080032d0                HAL_MPU_Enable
 .text.HAL_GPIO_Init
                0x08003310      0x358 ./Drivers/STM32F7xx_HAL_Driver/Src/stm32f7xx_hal_gpio.o
                0x08003310                HAL_GPIO_Init
 .text.HAL_GPIO_WritePin
                0x08003668       0x32 ./Drivers/STM32F7xx_HAL_Driver/Src/stm32f7xx_hal_gpio.o
                0x08003668                HAL_GPIO_WritePin
 *fill*         0x0800369a        0x2 
 .text.HAL_PWREx_EnableOverDrive
                0x0800369c       0xa0 ./Drivers/STM32F7xx_HAL_Driver/Src/stm32f7xx_hal_pwr_ex.o
                0x0800369c                HAL_PWREx_EnableOverDrive
 .text.HAL_RCC_OscConfig
                0x0800373c      0x55c ./Drivers/STM32F7xx_HAL_Driver/Src/stm32f7xx_hal_rcc.o
                0x0800373c                HAL_RCC_OscConfig
 .text.HAL_RCC_ClockConfig
                0x08003c98      0x1d8 ./Drivers/STM32F7xx_HAL_Driver/Src/stm32f7xx_hal_rcc.o
                0x08003c98                HAL_RCC_ClockConfig
 .text.HAL_RCC_GetSysClockFreq
                0x08003e70      0x20c ./Drivers/STM32F7xx_HAL_Driver/Src/stm32f7xx_hal_rcc.o
                0x08003e70                HAL_RCC_GetSysClockFreq
 .text.HAL_RCC_GetHCLKFreq
                0x0800407c       0x18 ./Drivers/STM32F7xx_HAL_Driver/Src/stm32f7xx_hal_rcc.o
                0x0800407c                HAL_RCC_GetHCLKFreq
 .text.HAL_RCC_GetPCLK1Freq
                0x08004094       0x28 ./Drivers/STM32F7xx_HAL_Driver/Src/stm32f7xx_hal_rcc.o
                0x08004094                HAL_RCC_GetPCLK1Freq
 .text.HAL_RCC_GetPCLK2Freq
                0x080040bc       0x28 ./Drivers/STM32F7xx_HAL_Driver/Src/stm32f7xx_hal_rcc.o
                0x080040bc                HAL_RCC_GetPCLK2Freq
 .text.HAL_RCCEx_PeriphCLKConfig
                0x080040e4      0x850 ./Drivers/STM32F7xx_HAL_Driver/Src/stm32f7xx_hal_rcc_ex.o
                0x080040e4                HAL_RCCEx_PeriphCLKConfig
 .text.HAL_UART_Init
                0x08004934       0x9c ./Drivers/STM32F7xx_HAL_Driver/Src/stm32f7xx_hal_uart.o
                0x08004934                HAL_UART_Init
 .text.HAL_UART_Transmit
                0x080049d0      0x112 ./Drivers/STM32F7xx_HAL_Driver/Src/stm32f7xx_hal_uart.o
                0x080049d0                HAL_UART_Transmit
 *fill*         0x08004ae2        0x2 
 .text.UART_SetConfig
                0x08004ae4      0x4c8 ./Drivers/STM32F7xx_HAL_Driver/Src/stm32f7xx_hal_uart.o
                0x08004ae4                UART_SetConfig
 .text.UART_AdvFeatureConfig
                0x08004fac      0x144 ./Drivers/STM32F7xx_HAL_Driver/Src/stm32f7xx_hal_uart.o
                0x08004fac                UART_AdvFeatureConfig
 .text.UART_CheckIdleState
                0x080050f0      0x150 ./Drivers/STM32F7xx_HAL_Driver/Src/stm32f7xx_hal_uart.o
                0x080050f0                UART_CheckIdleState
 .text.UART_WaitOnFlagUntilTimeout
                0x08005240       0xda ./Drivers/STM32F7xx_HAL_Driver/Src/stm32f7xx_hal_uart.o
                0x08005240                UART_WaitOnFlagUntilTimeout
 .text.UART_EndRxTransfer
                0x0800531a       0xc8 ./Drivers/STM32F7xx_HAL_Driver/Src/stm32f7xx_hal_uart.o
 *fill*         0x080053e2        0x2 
 .text.port_io_write
                0x080053e4       0x38 ./Middlewares/ST/AI/Misc/Src/aiTestUtility.o
 .text._write   0x0800541c       0x60 ./Middlewares/ST/AI/Misc/Src/aiTestUtility.o
                0x0800541c                _write
 .text._put_c_driver
                0x0800547c       0x2c ./Middlewares/ST/AI/Misc/Src/aiTestUtility.o
 .text.lc_print
                0x080054a8       0x2c ./Middlewares/ST/AI/Misc/Src/aiTestUtility.o
                0x080054a8                lc_print
 .text.dwtCyclesToTime
                0x080054d4      0x350 ./Middlewares/ST/AI/Misc/Src/aiTestUtility.o
                0x080054d4                dwtCyclesToTime
 .text.devIdToStr
                0x08005824       0x60 ./Middlewares/ST/AI/Misc/Src/aiTestUtility.o
 .text.bitToStr
                0x08005884       0x28 ./Middlewares/ST/AI/Misc/Src/aiTestUtility.o
 .text.getSysConf
                0x080058ac       0x4a ./Middlewares/ST/AI/Misc/Src/aiTestUtility.o
                0x080058ac                getSysConf
 *fill*         0x080058f6        0x2 
 .text.getFlashCacheConf
                0x080058f8       0x90 ./Middlewares/ST/AI/Misc/Src/aiTestUtility.o
                0x080058f8                getFlashCacheConf
 .text.systemSettingLog
                0x08005988      0x128 ./Middlewares/ST/AI/Misc/Src/aiTestUtility.o
                0x08005988                systemSettingLog
 .text.port_dwt_init_imp
                0x08005ab0       0x40 ./Middlewares/ST/AI/Misc/Src/ai_device_adaptor.o
                0x08005ab0                port_dwt_init_imp
 .text._write_string
                0x08005af0       0xd2 ./Middlewares/ST/AI/Misc/Src/lc_print.o
 .text._write_number
                0x08005bc2      0x228 ./Middlewares/ST/AI/Misc/Src/lc_print.o
 *fill*         0x08005dea        0x2 
 .text._write_double
                0x08005dec      0x264 ./Middlewares/ST/AI/Misc/Src/lc_print.o
 .text._getChar
                0x08006050       0x20 ./Middlewares/ST/AI/Misc/Src/lc_print.o
 .text.vlc_print
                0x08006070      0x4c0 ./Middlewares/ST/AI/Misc/Src/lc_print.o
                0x08006070                vlc_print
 .text.cyclesCounterInit
                0x08006530       0x90 ./Middlewares/ST/AI/Validation/Src/aiValidation_ST_AI.o
 .text.aiValidationInit
                0x080065c0       0x3c ./Middlewares/ST/AI/Validation/Src/aiValidation_ST_AI.o
                0x080065c0                aiValidationInit
 .text.forward_lite_dense_if32of32wf32
                0x080065fc      0x2b4 ../Middlewares/ST/AI/Lib/NetworkRuntime1200_CM7_GCC.a\NetworkRuntime1200_CM7_GCC.a(lite_dense_if32.o)
                0x080065fc                forward_lite_dense_if32of32wf32
 .text.forward_lite_nl_relu_if32of32
                0x080068b0       0x38 ../Middlewares/ST/AI/Lib/NetworkRuntime1200_CM7_GCC.a\NetworkRuntime1200_CM7_GCC.a(lite_nl_generic_float.o)
                0x080068b0                forward_lite_nl_relu_if32of32
 .text.malloc   0x080068e8       0x10 D:/STM32/STM32CubeIDE_1.19.0/STM32CubeIDE/plugins/com.st.stm32cube.ide.mcu.externaltools.gnu-tools-for-stm32.13.3.rel1.win32_1.0.0.202411081344/tools/bin/../lib/gcc/arm-none-eabi/13.3.1/../../../../arm-none-eabi/lib/thumb/v7e-m+dp/hard\libc_nano.a(libc_a-malloc.o)
                0x080068e8                malloc
 .text.sbrk_aligned
                0x080068f8       0x44 D:/STM32/STM32CubeIDE_1.19.0/STM32CubeIDE/plugins/com.st.stm32cube.ide.mcu.externaltools.gnu-tools-for-stm32.13.3.rel1.win32_1.0.0.202411081344/tools/bin/../lib/gcc/arm-none-eabi/13.3.1/../../../../arm-none-eabi/lib/thumb/v7e-m+dp/hard\libc_nano.a(libc_a-mallocr.o)
 .text._malloc_r
                0x0800693c      0x100 D:/STM32/STM32CubeIDE_1.19.0/STM32CubeIDE/plugins/com.st.stm32cube.ide.mcu.externaltools.gnu-tools-for-stm32.13.3.rel1.win32_1.0.0.202411081344/tools/bin/../lib/gcc/arm-none-eabi/13.3.1/../../../../arm-none-eabi/lib/thumb/v7e-m+dp/hard\libc_nano.a(libc_a-mallocr.o)
                0x0800693c                _malloc_r
 .text.__malloc_lock
                0x08006a3c        0xc D:/STM32/STM32CubeIDE_1.19.0/STM32CubeIDE/plugins/com.st.stm32cube.ide.mcu.externaltools.gnu-tools-for-stm32.13.3.rel1.win32_1.0.0.202411081344/tools/bin/../lib/gcc/arm-none-eabi/13.3.1/../../../../arm-none-eabi/lib/thumb/v7e-m+dp/hard\libc_nano.a(libc_a-mlock.o)
                0x08006a3c                __malloc_lock
 .text.__malloc_unlock
                0x08006a48        0xc D:/STM32/STM32CubeIDE_1.19.0/STM32CubeIDE/plugins/com.st.stm32cube.ide.mcu.externaltools.gnu-tools-for-stm32.13.3.rel1.win32_1.0.0.202411081344/tools/bin/../lib/gcc/arm-none-eabi/13.3.1/../../../../arm-none-eabi/lib/thumb/v7e-m+dp/hard\libc_nano.a(libc_a-mlock.o)
                0x08006a48                __malloc_unlock
 .text.__cvt    0x08006a54       0xa8 D:/STM32/STM32CubeIDE_1.19.0/STM32CubeIDE/plugins/com.st.stm32cube.ide.mcu.externaltools.gnu-tools-for-stm32.13.3.rel1.win32_1.0.0.202411081344/tools/bin/../lib/gcc/arm-none-eabi/13.3.1/../../../../arm-none-eabi/lib/thumb/v7e-m+dp/hard\libc_nano.a(libc_a-nano-vfprintf_float.o)
                0x08006a54                __cvt
 .text.__exponent
                0x08006afc       0x74 D:/STM32/STM32CubeIDE_1.19.0/STM32CubeIDE/plugins/com.st.stm32cube.ide.mcu.externaltools.gnu-tools-for-stm32.13.3.rel1.win32_1.0.0.202411081344/tools/bin/../lib/gcc/arm-none-eabi/13.3.1/../../../../arm-none-eabi/lib/thumb/v7e-m+dp/hard\libc_nano.a(libc_a-nano-vfprintf_float.o)
                0x08006afc                __exponent
 .text._printf_float
                0x08006b70      0x434 D:/STM32/STM32CubeIDE_1.19.0/STM32CubeIDE/plugins/com.st.stm32cube.ide.mcu.externaltools.gnu-tools-for-stm32.13.3.rel1.win32_1.0.0.202411081344/tools/bin/../lib/gcc/arm-none-eabi/13.3.1/../../../../arm-none-eabi/lib/thumb/v7e-m+dp/hard\libc_nano.a(libc_a-nano-vfprintf_float.o)
                0x08006b70                _printf_float
 .text._printf_common
                0x08006fa4       0xda D:/STM32/STM32CubeIDE_1.19.0/STM32CubeIDE/plugins/com.st.stm32cube.ide.mcu.externaltools.gnu-tools-for-stm32.13.3.rel1.win32_1.0.0.202411081344/tools/bin/../lib/gcc/arm-none-eabi/13.3.1/../../../../arm-none-eabi/lib/thumb/v7e-m+dp/hard\libc_nano.a(libc_a-nano-vfprintf_i.o)
                0x08006fa4                _printf_common
 *fill*         0x0800707e        0x2 
 .text._printf_i
                0x08007080      0x23c D:/STM32/STM32CubeIDE_1.19.0/STM32CubeIDE/plugins/com.st.stm32cube.ide.mcu.externaltools.gnu-tools-for-stm32.13.3.rel1.win32_1.0.0.202411081344/tools/bin/../lib/gcc/arm-none-eabi/13.3.1/../../../../arm-none-eabi/lib/thumb/v7e-m+dp/hard\libc_nano.a(libc_a-nano-vfprintf_i.o)
                0x08007080                _printf_i
 .text.std      0x080072bc       0x6c D:/STM32/STM32CubeIDE_1.19.0/STM32CubeIDE/plugins/com.st.stm32cube.ide.mcu.externaltools.gnu-tools-for-stm32.13.3.rel1.win32_1.0.0.202411081344/tools/bin/../lib/gcc/arm-none-eabi/13.3.1/../../../../arm-none-eabi/lib/thumb/v7e-m+dp/hard\libc_nano.a(libc_a-findfp.o)
 .text.stdio_exit_handler
                0x08007328       0x18 D:/STM32/STM32CubeIDE_1.19.0/STM32CubeIDE/plugins/com.st.stm32cube.ide.mcu.externaltools.gnu-tools-for-stm32.13.3.rel1.win32_1.0.0.202411081344/tools/bin/../lib/gcc/arm-none-eabi/13.3.1/../../../../arm-none-eabi/lib/thumb/v7e-m+dp/hard\libc_nano.a(libc_a-findfp.o)
 .text.cleanup_stdio
                0x08007340       0x40 D:/STM32/STM32CubeIDE_1.19.0/STM32CubeIDE/plugins/com.st.stm32cube.ide.mcu.externaltools.gnu-tools-for-stm32.13.3.rel1.win32_1.0.0.202411081344/tools/bin/../lib/gcc/arm-none-eabi/13.3.1/../../../../arm-none-eabi/lib/thumb/v7e-m+dp/hard\libc_nano.a(libc_a-findfp.o)
 .text.global_stdio_init.part.0
                0x08007380       0x3c D:/STM32/STM32CubeIDE_1.19.0/STM32CubeIDE/plugins/com.st.stm32cube.ide.mcu.externaltools.gnu-tools-for-stm32.13.3.rel1.win32_1.0.0.202411081344/tools/bin/../lib/gcc/arm-none-eabi/13.3.1/../../../../arm-none-eabi/lib/thumb/v7e-m+dp/hard\libc_nano.a(libc_a-findfp.o)
 .text.__sfp_lock_acquire
                0x080073bc        0xc D:/STM32/STM32CubeIDE_1.19.0/STM32CubeIDE/plugins/com.st.stm32cube.ide.mcu.externaltools.gnu-tools-for-stm32.13.3.rel1.win32_1.0.0.202411081344/tools/bin/../lib/gcc/arm-none-eabi/13.3.1/../../../../arm-none-eabi/lib/thumb/v7e-m+dp/hard\libc_nano.a(libc_a-findfp.o)
                0x080073bc                __sfp_lock_acquire
 .text.__sfp_lock_release
                0x080073c8        0xc D:/STM32/STM32CubeIDE_1.19.0/STM32CubeIDE/plugins/com.st.stm32cube.ide.mcu.externaltools.gnu-tools-for-stm32.13.3.rel1.win32_1.0.0.202411081344/tools/bin/../lib/gcc/arm-none-eabi/13.3.1/../../../../arm-none-eabi/lib/thumb/v7e-m+dp/hard\libc_nano.a(libc_a-findfp.o)
                0x080073c8                __sfp_lock_release
 .text.__sinit  0x080073d4       0x30 D:/STM32/STM32CubeIDE_1.19.0/STM32CubeIDE/plugins/com.st.stm32cube.ide.mcu.externaltools.gnu-tools-for-stm32.13.3.rel1.win32_1.0.0.202411081344/tools/bin/../lib/gcc/arm-none-eabi/13.3.1/../../../../arm-none-eabi/lib/thumb/v7e-m+dp/hard\libc_nano.a(libc_a-findfp.o)
                0x080073d4                __sinit
 .text._fwalk_sglue
                0x08007404       0x3c D:/STM32/STM32CubeIDE_1.19.0/STM32CubeIDE/plugins/com.st.stm32cube.ide.mcu.externaltools.gnu-tools-for-stm32.13.3.rel1.win32_1.0.0.202411081344/tools/bin/../lib/gcc/arm-none-eabi/13.3.1/../../../../arm-none-eabi/lib/thumb/v7e-m+dp/hard\libc_nano.a(libc_a-fwalk.o)
                0x08007404                _fwalk_sglue
 .text.printf   0x08007440       0x24 D:/STM32/STM32CubeIDE_1.19.0/STM32CubeIDE/plugins/com.st.stm32cube.ide.mcu.externaltools.gnu-tools-for-stm32.13.3.rel1.win32_1.0.0.202411081344/tools/bin/../lib/gcc/arm-none-eabi/13.3.1/../../../../arm-none-eabi/lib/thumb/v7e-m+dp/hard\libc_nano.a(libc_a-printf.o)
                0x08007440                iprintf
                0x08007440                printf
 .text._puts_r  0x08007464       0xaa D:/STM32/STM32CubeIDE_1.19.0/STM32CubeIDE/plugins/com.st.stm32cube.ide.mcu.externaltools.gnu-tools-for-stm32.13.3.rel1.win32_1.0.0.202411081344/tools/bin/../lib/gcc/arm-none-eabi/13.3.1/../../../../arm-none-eabi/lib/thumb/v7e-m+dp/hard\libc_nano.a(libc_a-puts.o)
                0x08007464                _puts_r
 *fill*         0x0800750e        0x2 
 .text.puts     0x08007510       0x10 D:/STM32/STM32CubeIDE_1.19.0/STM32CubeIDE/plugins/com.st.stm32cube.ide.mcu.externaltools.gnu-tools-for-stm32.13.3.rel1.win32_1.0.0.202411081344/tools/bin/../lib/gcc/arm-none-eabi/13.3.1/../../../../arm-none-eabi/lib/thumb/v7e-m+dp/hard\libc_nano.a(libc_a-puts.o)
                0x08007510                puts
 .text.__sread  0x08007520       0x22 D:/STM32/STM32CubeIDE_1.19.0/STM32CubeIDE/plugins/com.st.stm32cube.ide.mcu.externaltools.gnu-tools-for-stm32.13.3.rel1.win32_1.0.0.202411081344/tools/bin/../lib/gcc/arm-none-eabi/13.3.1/../../../../arm-none-eabi/lib/thumb/v7e-m+dp/hard\libc_nano.a(libc_a-stdio.o)
                0x08007520                __sread
 .text.__swrite
                0x08007542       0x38 D:/STM32/STM32CubeIDE_1.19.0/STM32CubeIDE/plugins/com.st.stm32cube.ide.mcu.externaltools.gnu-tools-for-stm32.13.3.rel1.win32_1.0.0.202411081344/tools/bin/../lib/gcc/arm-none-eabi/13.3.1/../../../../arm-none-eabi/lib/thumb/v7e-m+dp/hard\libc_nano.a(libc_a-stdio.o)
                0x08007542                __swrite
 .text.__sseek  0x0800757a       0x24 D:/STM32/STM32CubeIDE_1.19.0/STM32CubeIDE/plugins/com.st.stm32cube.ide.mcu.externaltools.gnu-tools-for-stm32.13.3.rel1.win32_1.0.0.202411081344/tools/bin/../lib/gcc/arm-none-eabi/13.3.1/../../../../arm-none-eabi/lib/thumb/v7e-m+dp/hard\libc_nano.a(libc_a-stdio.o)
                0x0800757a                __sseek
 .text.__sclose
                0x0800759e        0x8 D:/STM32/STM32CubeIDE_1.19.0/STM32CubeIDE/plugins/com.st.stm32cube.ide.mcu.externaltools.gnu-tools-for-stm32.13.3.rel1.win32_1.0.0.202411081344/tools/bin/../lib/gcc/arm-none-eabi/13.3.1/../../../../arm-none-eabi/lib/thumb/v7e-m+dp/hard\libc_nano.a(libc_a-stdio.o)
                0x0800759e                __sclose
 .text.__swbuf_r
                0x080075a6       0x7c D:/STM32/STM32CubeIDE_1.19.0/STM32CubeIDE/plugins/com.st.stm32cube.ide.mcu.externaltools.gnu-tools-for-stm32.13.3.rel1.win32_1.0.0.202411081344/tools/bin/../lib/gcc/arm-none-eabi/13.3.1/../../../../arm-none-eabi/lib/thumb/v7e-m+dp/hard\libc_nano.a(libc_a-wbuf.o)
                0x080075a6                __swbuf_r
 *fill*         0x08007622        0x2 
 .text.__swsetup_r
                0x08007624       0xac D:/STM32/STM32CubeIDE_1.19.0/STM32CubeIDE/plugins/com.st.stm32cube.ide.mcu.externaltools.gnu-tools-for-stm32.13.3.rel1.win32_1.0.0.202411081344/tools/bin/../lib/gcc/arm-none-eabi/13.3.1/../../../../arm-none-eabi/lib/thumb/v7e-m+dp/hard\libc_nano.a(libc_a-wsetup.o)
                0x08007624                __swsetup_r
 .text.memset   0x080076d0       0x10 D:/STM32/STM32CubeIDE_1.19.0/STM32CubeIDE/plugins/com.st.stm32cube.ide.mcu.externaltools.gnu-tools-for-stm32.13.3.rel1.win32_1.0.0.202411081344/tools/bin/../lib/gcc/arm-none-eabi/13.3.1/../../../../arm-none-eabi/lib/thumb/v7e-m+dp/hard\libc_nano.a(libc_a-memset.o)
                0x080076d0                memset
 .text.strncmp  0x080076e0       0x24 D:/STM32/STM32CubeIDE_1.19.0/STM32CubeIDE/plugins/com.st.stm32cube.ide.mcu.externaltools.gnu-tools-for-stm32.13.3.rel1.win32_1.0.0.202411081344/tools/bin/../lib/gcc/arm-none-eabi/13.3.1/../../../../arm-none-eabi/lib/thumb/v7e-m+dp/hard\libc_nano.a(libc_a-strncmp.o)
                0x080076e0                strncmp
 .text._localeconv_r
                0x08007704        0x8 D:/STM32/STM32CubeIDE_1.19.0/STM32CubeIDE/plugins/com.st.stm32cube.ide.mcu.externaltools.gnu-tools-for-stm32.13.3.rel1.win32_1.0.0.202411081344/tools/bin/../lib/gcc/arm-none-eabi/13.3.1/../../../../arm-none-eabi/lib/thumb/v7e-m+dp/hard\libc_nano.a(libc_a-localeconv.o)
                0x08007704                _localeconv_r
 .text._close_r
                0x0800770c       0x20 D:/STM32/STM32CubeIDE_1.19.0/STM32CubeIDE/plugins/com.st.stm32cube.ide.mcu.externaltools.gnu-tools-for-stm32.13.3.rel1.win32_1.0.0.202411081344/tools/bin/../lib/gcc/arm-none-eabi/13.3.1/../../../../arm-none-eabi/lib/thumb/v7e-m+dp/hard\libc_nano.a(libc_a-closer.o)
                0x0800770c                _close_r
 .text._lseek_r
                0x0800772c       0x24 D:/STM32/STM32CubeIDE_1.19.0/STM32CubeIDE/plugins/com.st.stm32cube.ide.mcu.externaltools.gnu-tools-for-stm32.13.3.rel1.win32_1.0.0.202411081344/tools/bin/../lib/gcc/arm-none-eabi/13.3.1/../../../../arm-none-eabi/lib/thumb/v7e-m+dp/hard\libc_nano.a(libc_a-lseekr.o)
                0x0800772c                _lseek_r
 .text._read_r  0x08007750       0x24 D:/STM32/STM32CubeIDE_1.19.0/STM32CubeIDE/plugins/com.st.stm32cube.ide.mcu.externaltools.gnu-tools-for-stm32.13.3.rel1.win32_1.0.0.202411081344/tools/bin/../lib/gcc/arm-none-eabi/13.3.1/../../../../arm-none-eabi/lib/thumb/v7e-m+dp/hard\libc_nano.a(libc_a-readr.o)
                0x08007750                _read_r
 .text._sbrk_r  0x08007774       0x20 D:/STM32/STM32CubeIDE_1.19.0/STM32CubeIDE/plugins/com.st.stm32cube.ide.mcu.externaltools.gnu-tools-for-stm32.13.3.rel1.win32_1.0.0.202411081344/tools/bin/../lib/gcc/arm-none-eabi/13.3.1/../../../../arm-none-eabi/lib/thumb/v7e-m+dp/hard\libc_nano.a(libc_a-sbrkr.o)
                0x08007774                _sbrk_r
 .text._write_r
                0x08007794       0x24 D:/STM32/STM32CubeIDE_1.19.0/STM32CubeIDE/plugins/com.st.stm32cube.ide.mcu.externaltools.gnu-tools-for-stm32.13.3.rel1.win32_1.0.0.202411081344/tools/bin/../lib/gcc/arm-none-eabi/13.3.1/../../../../arm-none-eabi/lib/thumb/v7e-m+dp/hard\libc_nano.a(libc_a-writer.o)
                0x08007794                _write_r
 .text.__errno  0x080077b8        0xc D:/STM32/STM32CubeIDE_1.19.0/STM32CubeIDE/plugins/com.st.stm32cube.ide.mcu.externaltools.gnu-tools-for-stm32.13.3.rel1.win32_1.0.0.202411081344/tools/bin/../lib/gcc/arm-none-eabi/13.3.1/../../../../arm-none-eabi/lib/thumb/v7e-m+dp/hard\libc_nano.a(libc_a-errno.o)
                0x080077b8                __errno
 .text.__libc_init_array
                0x080077c4       0x48 D:/STM32/STM32CubeIDE_1.19.0/STM32CubeIDE/plugins/com.st.stm32cube.ide.mcu.externaltools.gnu-tools-for-stm32.13.3.rel1.win32_1.0.0.202411081344/tools/bin/../lib/gcc/arm-none-eabi/13.3.1/../../../../arm-none-eabi/lib/thumb/v7e-m+dp/hard\libc_nano.a(libc_a-init.o)
                0x080077c4                __libc_init_array
 .text.__retarget_lock_init_recursive
                0x0800780c        0x2 D:/STM32/STM32CubeIDE_1.19.0/STM32CubeIDE/plugins/com.st.stm32cube.ide.mcu.externaltools.gnu-tools-for-stm32.13.3.rel1.win32_1.0.0.202411081344/tools/bin/../lib/gcc/arm-none-eabi/13.3.1/../../../../arm-none-eabi/lib/thumb/v7e-m+dp/hard\libc_nano.a(libc_a-lock.o)
                0x0800780c                __retarget_lock_init_recursive
 .text.__retarget_lock_acquire_recursive
                0x0800780e        0x2 D:/STM32/STM32CubeIDE_1.19.0/STM32CubeIDE/plugins/com.st.stm32cube.ide.mcu.externaltools.gnu-tools-for-stm32.13.3.rel1.win32_1.0.0.202411081344/tools/bin/../lib/gcc/arm-none-eabi/13.3.1/../../../../arm-none-eabi/lib/thumb/v7e-m+dp/hard\libc_nano.a(libc_a-lock.o)
                0x0800780e                __retarget_lock_acquire_recursive
 .text.__retarget_lock_release_recursive
                0x08007810        0x2 D:/STM32/STM32CubeIDE_1.19.0/STM32CubeIDE/plugins/com.st.stm32cube.ide.mcu.externaltools.gnu-tools-for-stm32.13.3.rel1.win32_1.0.0.202411081344/tools/bin/../lib/gcc/arm-none-eabi/13.3.1/../../../../arm-none-eabi/lib/thumb/v7e-m+dp/hard\libc_nano.a(libc_a-lock.o)
                0x08007810                __retarget_lock_release_recursive
 .text.memcpy   0x08007812       0x1c D:/STM32/STM32CubeIDE_1.19.0/STM32CubeIDE/plugins/com.st.stm32cube.ide.mcu.externaltools.gnu-tools-for-stm32.13.3.rel1.win32_1.0.0.202411081344/tools/bin/../lib/gcc/arm-none-eabi/13.3.1/../../../../arm-none-eabi/lib/thumb/v7e-m+dp/hard\libc_nano.a(libc_a-memcpy-stub.o)
                0x08007812                memcpy
 .text.quorem   0x0800782e      0x110 D:/STM32/STM32CubeIDE_1.19.0/STM32CubeIDE/plugins/com.st.stm32cube.ide.mcu.externaltools.gnu-tools-for-stm32.13.3.rel1.win32_1.0.0.202411081344/tools/bin/../lib/gcc/arm-none-eabi/13.3.1/../../../../arm-none-eabi/lib/thumb/v7e-m+dp/hard\libc_nano.a(libc_a-dtoa.o)
 *fill*         0x0800793e        0x2 
 .text._dtoa_r  0x08007940      0xabc D:/STM32/STM32CubeIDE_1.19.0/STM32CubeIDE/plugins/com.st.stm32cube.ide.mcu.externaltools.gnu-tools-for-stm32.13.3.rel1.win32_1.0.0.202411081344/tools/bin/../lib/gcc/arm-none-eabi/13.3.1/../../../../arm-none-eabi/lib/thumb/v7e-m+dp/hard\libc_nano.a(libc_a-dtoa.o)
                0x08007940                _dtoa_r
 .text._free_r  0x080083fc       0x94 D:/STM32/STM32CubeIDE_1.19.0/STM32CubeIDE/plugins/com.st.stm32cube.ide.mcu.externaltools.gnu-tools-for-stm32.13.3.rel1.win32_1.0.0.202411081344/tools/bin/../lib/gcc/arm-none-eabi/13.3.1/../../../../arm-none-eabi/lib/thumb/v7e-m+dp/hard\libc_nano.a(libc_a-freer.o)
                0x080083fc                _free_r
 .text._Balloc  0x08008490       0x80 D:/STM32/STM32CubeIDE_1.19.0/STM32CubeIDE/plugins/com.st.stm32cube.ide.mcu.externaltools.gnu-tools-for-stm32.13.3.rel1.win32_1.0.0.202411081344/tools/bin/../lib/gcc/arm-none-eabi/13.3.1/../../../../arm-none-eabi/lib/thumb/v7e-m+dp/hard\libc_nano.a(libc_a-mprec.o)
                0x08008490                _Balloc
 .text._Bfree   0x08008510       0x44 D:/STM32/STM32CubeIDE_1.19.0/STM32CubeIDE/plugins/com.st.stm32cube.ide.mcu.externaltools.gnu-tools-for-stm32.13.3.rel1.win32_1.0.0.202411081344/tools/bin/../lib/gcc/arm-none-eabi/13.3.1/../../../../arm-none-eabi/lib/thumb/v7e-m+dp/hard\libc_nano.a(libc_a-mprec.o)
                0x08008510                _Bfree
 .text.__multadd
                0x08008554       0x8c D:/STM32/STM32CubeIDE_1.19.0/STM32CubeIDE/plugins/com.st.stm32cube.ide.mcu.externaltools.gnu-tools-for-stm32.13.3.rel1.win32_1.0.0.202411081344/tools/bin/../lib/gcc/arm-none-eabi/13.3.1/../../../../arm-none-eabi/lib/thumb/v7e-m+dp/hard\libc_nano.a(libc_a-mprec.o)
                0x08008554                __multadd
 .text.__hi0bits
                0x080085e0       0x3e D:/STM32/STM32CubeIDE_1.19.0/STM32CubeIDE/plugins/com.st.stm32cube.ide.mcu.externaltools.gnu-tools-for-stm32.13.3.rel1.win32_1.0.0.202411081344/tools/bin/../lib/gcc/arm-none-eabi/13.3.1/../../../../arm-none-eabi/lib/thumb/v7e-m+dp/hard\libc_nano.a(libc_a-mprec.o)
                0x080085e0                __hi0bits
 .text.__lo0bits
                0x0800861e       0x5a D:/STM32/STM32CubeIDE_1.19.0/STM32CubeIDE/plugins/com.st.stm32cube.ide.mcu.externaltools.gnu-tools-for-stm32.13.3.rel1.win32_1.0.0.202411081344/tools/bin/../lib/gcc/arm-none-eabi/13.3.1/../../../../arm-none-eabi/lib/thumb/v7e-m+dp/hard\libc_nano.a(libc_a-mprec.o)
                0x0800861e                __lo0bits
 .text.__i2b    0x08008678       0x2c D:/STM32/STM32CubeIDE_1.19.0/STM32CubeIDE/plugins/com.st.stm32cube.ide.mcu.externaltools.gnu-tools-for-stm32.13.3.rel1.win32_1.0.0.202411081344/tools/bin/../lib/gcc/arm-none-eabi/13.3.1/../../../../arm-none-eabi/lib/thumb/v7e-m+dp/hard\libc_nano.a(libc_a-mprec.o)
                0x08008678                __i2b
 .text.__multiply
                0x080086a4      0x144 D:/STM32/STM32CubeIDE_1.19.0/STM32CubeIDE/plugins/com.st.stm32cube.ide.mcu.externaltools.gnu-tools-for-stm32.13.3.rel1.win32_1.0.0.202411081344/tools/bin/../lib/gcc/arm-none-eabi/13.3.1/../../../../arm-none-eabi/lib/thumb/v7e-m+dp/hard\libc_nano.a(libc_a-mprec.o)
                0x080086a4                __multiply
 .text.__pow5mult
                0x080087e8       0xb4 D:/STM32/STM32CubeIDE_1.19.0/STM32CubeIDE/plugins/com.st.stm32cube.ide.mcu.externaltools.gnu-tools-for-stm32.13.3.rel1.win32_1.0.0.202411081344/tools/bin/../lib/gcc/arm-none-eabi/13.3.1/../../../../arm-none-eabi/lib/thumb/v7e-m+dp/hard\libc_nano.a(libc_a-mprec.o)
                0x080087e8                __pow5mult
 .text.__lshift
                0x0800889c       0xd8 D:/STM32/STM32CubeIDE_1.19.0/STM32CubeIDE/plugins/com.st.stm32cube.ide.mcu.externaltools.gnu-tools-for-stm32.13.3.rel1.win32_1.0.0.202411081344/tools/bin/../lib/gcc/arm-none-eabi/13.3.1/../../../../arm-none-eabi/lib/thumb/v7e-m+dp/hard\libc_nano.a(libc_a-mprec.o)
                0x0800889c                __lshift
 .text.__mcmp   0x08008974       0x36 D:/STM32/STM32CubeIDE_1.19.0/STM32CubeIDE/plugins/com.st.stm32cube.ide.mcu.externaltools.gnu-tools-for-stm32.13.3.rel1.win32_1.0.0.202411081344/tools/bin/../lib/gcc/arm-none-eabi/13.3.1/../../../../arm-none-eabi/lib/thumb/v7e-m+dp/hard\libc_nano.a(libc_a-mprec.o)
                0x08008974                __mcmp
 *fill*         0x080089aa        0x2 
 .text.__mdiff  0x080089ac      0x128 D:/STM32/STM32CubeIDE_1.19.0/STM32CubeIDE/plugins/com.st.stm32cube.ide.mcu.externaltools.gnu-tools-for-stm32.13.3.rel1.win32_1.0.0.202411081344/tools/bin/../lib/gcc/arm-none-eabi/13.3.1/../../../../arm-none-eabi/lib/thumb/v7e-m+dp/hard\libc_nano.a(libc_a-mprec.o)
                0x080089ac                __mdiff
 .text.__d2b    0x08008ad4       0xb0 D:/STM32/STM32CubeIDE_1.19.0/STM32CubeIDE/plugins/com.st.stm32cube.ide.mcu.externaltools.gnu-tools-for-stm32.13.3.rel1.win32_1.0.0.202411081344/tools/bin/../lib/gcc/arm-none-eabi/13.3.1/../../../../arm-none-eabi/lib/thumb/v7e-m+dp/hard\libc_nano.a(libc_a-mprec.o)
                0x08008ad4                __d2b
 .text.__sfputc_r
                0x08008b84       0x2e D:/STM32/STM32CubeIDE_1.19.0/STM32CubeIDE/plugins/com.st.stm32cube.ide.mcu.externaltools.gnu-tools-for-stm32.13.3.rel1.win32_1.0.0.202411081344/tools/bin/../lib/gcc/arm-none-eabi/13.3.1/../../../../arm-none-eabi/lib/thumb/v7e-m+dp/hard\libc_nano.a(libc_a-nano-vfprintf.o)
 .text.__sfputs_r
                0x08008bb2       0x24 D:/STM32/STM32CubeIDE_1.19.0/STM32CubeIDE/plugins/com.st.stm32cube.ide.mcu.externaltools.gnu-tools-for-stm32.13.3.rel1.win32_1.0.0.202411081344/tools/bin/../lib/gcc/arm-none-eabi/13.3.1/../../../../arm-none-eabi/lib/thumb/v7e-m+dp/hard\libc_nano.a(libc_a-nano-vfprintf.o)
                0x08008bb2                __sfputs_r
 *fill*         0x08008bd6        0x2 
 .text._vfprintf_r
                0x08008bd8      0x230 D:/STM32/STM32CubeIDE_1.19.0/STM32CubeIDE/plugins/com.st.stm32cube.ide.mcu.externaltools.gnu-tools-for-stm32.13.3.rel1.win32_1.0.0.202411081344/tools/bin/../lib/gcc/arm-none-eabi/13.3.1/../../../../arm-none-eabi/lib/thumb/v7e-m+dp/hard\libc_nano.a(libc_a-nano-vfprintf.o)
                0x08008bd8                _vfprintf_r
                0x08008bd8                _vfiprintf_r
 .text.__sflush_r
                0x08008e08      0x108 D:/STM32/STM32CubeIDE_1.19.0/STM32CubeIDE/plugins/com.st.stm32cube.ide.mcu.externaltools.gnu-tools-for-stm32.13.3.rel1.win32_1.0.0.202411081344/tools/bin/../lib/gcc/arm-none-eabi/13.3.1/../../../../arm-none-eabi/lib/thumb/v7e-m+dp/hard\libc_nano.a(libc_a-fflush.o)
                0x08008e08                __sflush_r
 .text._fflush_r
                0x08008f10       0x50 D:/STM32/STM32CubeIDE_1.19.0/STM32CubeIDE/plugins/com.st.stm32cube.ide.mcu.externaltools.gnu-tools-for-stm32.13.3.rel1.win32_1.0.0.202411081344/tools/bin/../lib/gcc/arm-none-eabi/13.3.1/../../../../arm-none-eabi/lib/thumb/v7e-m+dp/hard\libc_nano.a(libc_a-fflush.o)
                0x08008f10                _fflush_r
 .text.__swhatbuf_r
                0x08008f60       0x4c D:/STM32/STM32CubeIDE_1.19.0/STM32CubeIDE/plugins/com.st.stm32cube.ide.mcu.externaltools.gnu-tools-for-stm32.13.3.rel1.win32_1.0.0.202411081344/tools/bin/../lib/gcc/arm-none-eabi/13.3.1/../../../../arm-none-eabi/lib/thumb/v7e-m+dp/hard\libc_nano.a(libc_a-makebuf.o)
                0x08008f60                __swhatbuf_r
 .text.__smakebuf_r
                0x08008fac       0x78 D:/STM32/STM32CubeIDE_1.19.0/STM32CubeIDE/plugins/com.st.stm32cube.ide.mcu.externaltools.gnu-tools-for-stm32.13.3.rel1.win32_1.0.0.202411081344/tools/bin/../lib/gcc/arm-none-eabi/13.3.1/../../../../arm-none-eabi/lib/thumb/v7e-m+dp/hard\libc_nano.a(libc_a-makebuf.o)
                0x08008fac                __smakebuf_r
 .text._fstat_r
                0x08009024       0x24 D:/STM32/STM32CubeIDE_1.19.0/STM32CubeIDE/plugins/com.st.stm32cube.ide.mcu.externaltools.gnu-tools-for-stm32.13.3.rel1.win32_1.0.0.202411081344/tools/bin/../lib/gcc/arm-none-eabi/13.3.1/../../../../arm-none-eabi/lib/thumb/v7e-m+dp/hard\libc_nano.a(libc_a-fstatr.o)
                0x08009024                _fstat_r
 .text._isatty_r
                0x08009048       0x20 D:/STM32/STM32CubeIDE_1.19.0/STM32CubeIDE/plugins/com.st.stm32cube.ide.mcu.externaltools.gnu-tools-for-stm32.13.3.rel1.win32_1.0.0.202411081344/tools/bin/../lib/gcc/arm-none-eabi/13.3.1/../../../../arm-none-eabi/lib/thumb/v7e-m+dp/hard\libc_nano.a(libc_a-isattyr.o)
                0x08009048                _isatty_r
 .text.__assert_func
                0x08009068       0x3c D:/STM32/STM32CubeIDE_1.19.0/STM32CubeIDE/plugins/com.st.stm32cube.ide.mcu.externaltools.gnu-tools-for-stm32.13.3.rel1.win32_1.0.0.202411081344/tools/bin/../lib/gcc/arm-none-eabi/13.3.1/../../../../arm-none-eabi/lib/thumb/v7e-m+dp/hard\libc_nano.a(libc_a-assert.o)
                0x08009068                __assert_func
 .text._calloc_r
                0x080090a4       0x28 D:/STM32/STM32CubeIDE_1.19.0/STM32CubeIDE/plugins/com.st.stm32cube.ide.mcu.externaltools.gnu-tools-for-stm32.13.3.rel1.win32_1.0.0.202411081344/tools/bin/../lib/gcc/arm-none-eabi/13.3.1/../../../../arm-none-eabi/lib/thumb/v7e-m+dp/hard\libc_nano.a(libc_a-callocr.o)
                0x080090a4                _calloc_r
 .text.__ascii_mbtowc
                0x080090cc       0x24 D:/STM32/STM32CubeIDE_1.19.0/STM32CubeIDE/plugins/com.st.stm32cube.ide.mcu.externaltools.gnu-tools-for-stm32.13.3.rel1.win32_1.0.0.202411081344/tools/bin/../lib/gcc/arm-none-eabi/13.3.1/../../../../arm-none-eabi/lib/thumb/v7e-m+dp/hard\libc_nano.a(libc_a-mbtowc_r.o)
                0x080090cc                __ascii_mbtowc
 .text.__ascii_wctomb
                0x080090f0       0x1a D:/STM32/STM32CubeIDE_1.19.0/STM32CubeIDE/plugins/com.st.stm32cube.ide.mcu.externaltools.gnu-tools-for-stm32.13.3.rel1.win32_1.0.0.202411081344/tools/bin/../lib/gcc/arm-none-eabi/13.3.1/../../../../arm-none-eabi/lib/thumb/v7e-m+dp/hard\libc_nano.a(libc_a-wctomb_r.o)
                0x080090f0                __ascii_wctomb
 *fill*         0x0800910a        0x2 
 .text.fprintf  0x0800910c       0x24 D:/STM32/STM32CubeIDE_1.19.0/STM32CubeIDE/plugins/com.st.stm32cube.ide.mcu.externaltools.gnu-tools-for-stm32.13.3.rel1.win32_1.0.0.202411081344/tools/bin/../lib/gcc/arm-none-eabi/13.3.1/../../../../arm-none-eabi/lib/thumb/v7e-m+dp/hard\libc_nano.a(libc_a-fprintf.o)
                0x0800910c                fiprintf
                0x0800910c                fprintf
 .text.abort    0x08009130        0xe D:/STM32/STM32CubeIDE_1.19.0/STM32CubeIDE/plugins/com.st.stm32cube.ide.mcu.externaltools.gnu-tools-for-stm32.13.3.rel1.win32_1.0.0.202411081344/tools/bin/../lib/gcc/arm-none-eabi/13.3.1/../../../../arm-none-eabi/lib/thumb/v7e-m+dp/hard\libc_nano.a(libc_a-abort.o)
                0x08009130                abort
 .text._raise_r
                0x0800913e       0x50 D:/STM32/STM32CubeIDE_1.19.0/STM32CubeIDE/plugins/com.st.stm32cube.ide.mcu.externaltools.gnu-tools-for-stm32.13.3.rel1.win32_1.0.0.202411081344/tools/bin/../lib/gcc/arm-none-eabi/13.3.1/../../../../arm-none-eabi/lib/thumb/v7e-m+dp/hard\libc_nano.a(libc_a-signal.o)
                0x0800913e                _raise_r
 *fill*         0x0800918e        0x2 
 .text.raise    0x08009190       0x10 D:/STM32/STM32CubeIDE_1.19.0/STM32CubeIDE/plugins/com.st.stm32cube.ide.mcu.externaltools.gnu-tools-for-stm32.13.3.rel1.win32_1.0.0.202411081344/tools/bin/../lib/gcc/arm-none-eabi/13.3.1/../../../../arm-none-eabi/lib/thumb/v7e-m+dp/hard\libc_nano.a(libc_a-signal.o)
                0x08009190                raise
 .text._kill_r  0x080091a0       0x24 D:/STM32/STM32CubeIDE_1.19.0/STM32CubeIDE/plugins/com.st.stm32cube.ide.mcu.externaltools.gnu-tools-for-stm32.13.3.rel1.win32_1.0.0.202411081344/tools/bin/../lib/gcc/arm-none-eabi/13.3.1/../../../../arm-none-eabi/lib/thumb/v7e-m+dp/hard\libc_nano.a(libc_a-signalr.o)
                0x080091a0                _kill_r
 .text._getpid_r
                0x080091c4        0x4 D:/STM32/STM32CubeIDE_1.19.0/STM32CubeIDE/plugins/com.st.stm32cube.ide.mcu.externaltools.gnu-tools-for-stm32.13.3.rel1.win32_1.0.0.202411081344/tools/bin/../lib/gcc/arm-none-eabi/13.3.1/../../../../arm-none-eabi/lib/thumb/v7e-m+dp/hard\libc_nano.a(libc_a-signalr.o)
                0x080091c4                _getpid_r
 .text.sqrtf    0x080091c8       0x3c D:/STM32/STM32CubeIDE_1.19.0/STM32CubeIDE/plugins/com.st.stm32cube.ide.mcu.externaltools.gnu-tools-for-stm32.13.3.rel1.win32_1.0.0.202411081344/tools/bin/../lib/gcc/arm-none-eabi/13.3.1/../../../../arm-none-eabi/lib/thumb/v7e-m+dp/hard\libm.a(libm_a-wf_sqrt.o)
                0x080091c8                sqrtf
 .text.sinf_poly
                0x08009204       0x54 D:/STM32/STM32CubeIDE_1.19.0/STM32CubeIDE/plugins/com.st.stm32cube.ide.mcu.externaltools.gnu-tools-for-stm32.13.3.rel1.win32_1.0.0.202411081344/tools/bin/../lib/gcc/arm-none-eabi/13.3.1/../../../../arm-none-eabi/lib/thumb/v7e-m+dp/hard\libm.a(libm_a-sinf.o)
 .text.sinf     0x08009258      0x130 D:/STM32/STM32CubeIDE_1.19.0/STM32CubeIDE/plugins/com.st.stm32cube.ide.mcu.externaltools.gnu-tools-for-stm32.13.3.rel1.win32_1.0.0.202411081344/tools/bin/../lib/gcc/arm-none-eabi/13.3.1/../../../../arm-none-eabi/lib/thumb/v7e-m+dp/hard\libm.a(libm_a-sinf.o)
                0x08009258                sinf
 .text.with_errnof
                0x08009388       0x1c D:/STM32/STM32CubeIDE_1.19.0/STM32CubeIDE/plugins/com.st.stm32cube.ide.mcu.externaltools.gnu-tools-for-stm32.13.3.rel1.win32_1.0.0.202411081344/tools/bin/../lib/gcc/arm-none-eabi/13.3.1/../../../../arm-none-eabi/lib/thumb/v7e-m+dp/hard\libm.a(libm_a-math_errf.o)
 .text.__math_invalidf
                0x080093a4       0x1e D:/STM32/STM32CubeIDE_1.19.0/STM32CubeIDE/plugins/com.st.stm32cube.ide.mcu.externaltools.gnu-tools-for-stm32.13.3.rel1.win32_1.0.0.202411081344/tools/bin/../lib/gcc/arm-none-eabi/13.3.1/../../../../arm-none-eabi/lib/thumb/v7e-m+dp/hard\libm.a(libm_a-math_errf.o)
                0x080093a4                __math_invalidf
 .text.__ieee754_sqrtf
                0x080093c2        0x6 D:/STM32/STM32CubeIDE_1.19.0/STM32CubeIDE/plugins/com.st.stm32cube.ide.mcu.externaltools.gnu-tools-for-stm32.13.3.rel1.win32_1.0.0.202411081344/tools/bin/../lib/gcc/arm-none-eabi/13.3.1/../../../../arm-none-eabi/lib/thumb/v7e-m+dp/hard\libm.a(libm_a-ef_sqrt.o)
                0x080093c2                __ieee754_sqrtf
 *(.glue_7)
 .glue_7        0x080093c8        0x0 linker stubs
 *(.glue_7t)
 .glue_7t       0x080093c8        0x0 linker stubs
 *(.eh_frame)
 .eh_frame      0x080093c8        0x0 D:/STM32/STM32CubeIDE_1.19.0/STM32CubeIDE/plugins/com.st.stm32cube.ide.mcu.externaltools.gnu-tools-for-stm32.13.3.rel1.win32_1.0.0.202411081344/tools/bin/../lib/gcc/arm-none-eabi/13.3.1/thumb/v7e-m+dp/hard/crtbegin.o
 *(.init)
 .init          0x080093c8        0x4 D:/STM32/STM32CubeIDE_1.19.0/STM32CubeIDE/plugins/com.st.stm32cube.ide.mcu.externaltools.gnu-tools-for-stm32.13.3.rel1.win32_1.0.0.202411081344/tools/bin/../lib/gcc/arm-none-eabi/13.3.1/thumb/v7e-m+dp/hard/crti.o
                0x080093c8                _init
 .init          0x080093cc        0x8 D:/STM32/STM32CubeIDE_1.19.0/STM32CubeIDE/plugins/com.st.stm32cube.ide.mcu.externaltools.gnu-tools-for-stm32.13.3.rel1.win32_1.0.0.202411081344/tools/bin/../lib/gcc/arm-none-eabi/13.3.1/thumb/v7e-m+dp/hard/crtn.o
 *(.fini)
 .fini          0x080093d4        0x4 D:/STM32/STM32CubeIDE_1.19.0/STM32CubeIDE/plugins/com.st.stm32cube.ide.mcu.externaltools.gnu-tools-for-stm32.13.3.rel1.win32_1.0.0.202411081344/tools/bin/../lib/gcc/arm-none-eabi/13.3.1/thumb/v7e-m+dp/hard/crti.o
                0x080093d4                _fini
 .fini          0x080093d8        0x8 D:/STM32/STM32CubeIDE_1.19.0/STM32CubeIDE/plugins/com.st.stm32cube.ide.mcu.externaltools.gnu-tools-for-stm32.13.3.rel1.win32_1.0.0.202411081344/tools/bin/../lib/gcc/arm-none-eabi/13.3.1/thumb/v7e-m+dp/hard/crtn.o
                0x080093e0                        . = ALIGN (0x4)
                0x080093e0                        _etext = .

.vfp11_veneer   0x080093e0        0x0
 .vfp11_veneer  0x080093e0        0x0 linker stubs

.v4_bx          0x080093e0        0x0
 .v4_bx         0x080093e0        0x0 linker stubs

.iplt           0x080093e0        0x0
 .iplt          0x080093e0        0x0 D:/STM32/STM32CubeIDE_1.19.0/STM32CubeIDE/plugins/com.st.stm32cube.ide.mcu.externaltools.gnu-tools-for-stm32.13.3.rel1.win32_1.0.0.202411081344/tools/bin/../lib/gcc/arm-none-eabi/13.3.1/thumb/v7e-m+dp/hard/crtbegin.o

.rodata         0x080093e0     0x4758
                0x080093e0                        . = ALIGN (0x4)
 *(.rodata)
 .rodata        0x080093e0        0x8 ./AI/App/app_x-cube-ai.o
 .rodata        0x080093e8      0x140 ./AI/App/network.o
 .rodata        0x08009528      0x1c1 ./Core/Src/main.o
 *fill*         0x080096e9        0x3 
 .rodata        0x080096ec      0x204 ./Middlewares/ST/AI/Misc/Src/aiTestUtility.o
 .rodata        0x080098f0        0x7 ./Middlewares/ST/AI/Misc/Src/lc_print.o
 *fill*         0x080098f7        0x1 
 .rodata        0x080098f8      0x646 ./Middlewares/ST/AI/Validation/Src/aiValidation_ST_AI.o
 *(.rodata*)
 *fill*         0x08009f3e        0x2 
 .rodata.networks
                0x08009f40       0x68 ./AI/App/app_x-cube-ai.o
 .rodata.__compound_literal.0
                0x08009fa8        0x8 ./AI/App/network.o
 .rodata.__compound_literal.1
                0x08009fb0        0x8 ./AI/App/network.o
 .rodata.__compound_literal.2
                0x08009fb8        0x8 ./AI/App/network.o
 .rodata.__compound_literal.3
                0x08009fc0        0x8 ./AI/App/network.o
 .rodata.__compound_literal.4
                0x08009fc8        0x8 ./AI/App/network.o
 .rodata.__compound_literal.5
                0x08009fd0        0x8 ./AI/App/network.o
 .rodata.__compound_literal.6
                0x08009fd8        0x8 ./AI/App/network.o
 .rodata.__compound_literal.7
                0x08009fe0        0x8 ./AI/App/network.o
 .rodata.__compound_literal.8
                0x08009fe8        0x8 ./AI/App/network.o
 .rodata.__compound_literal.9
                0x08009ff0        0x8 ./AI/App/network.o
 .rodata.__compound_literal.10
                0x08009ff8      0x190 ./AI/App/network.o
 .rodata.__compound_literal.11
                0x0800a188        0x4 ./AI/App/network.o
 .rodata.__compound_literal.12
                0x0800a18c        0x4 ./AI/App/network.o
 .rodata.__compound_literal.13
                0x0800a190        0x4 ./AI/App/network.o
 .rodata.__compound_literal.14
                0x0800a194        0x4 ./AI/App/network.o
 .rodata.__compound_literal.15
                0x0800a198        0x4 ./AI/App/network.o
 .rodata.__compound_literal.16
                0x0800a19c        0x4 ./AI/App/network.o
 .rodata.__compound_literal.17
                0x0800a1a0        0x4 ./AI/App/network.o
 .rodata.__compound_literal.18
                0x0800a1a4        0x4 ./AI/App/network.o
 .rodata.__compound_literal.19
                0x0800a1a8        0x4 ./AI/App/network.o
 .rodata.__compound_literal.20
                0x0800a1ac        0x4 ./AI/App/network.o
 .rodata.__compound_literal.21
                0x0800a1b0        0x4 ./AI/App/network.o
 .rodata.__compound_literal.22
                0x0800a1b4        0x4 ./AI/App/network.o
 .rodata.__compound_literal.23
                0x0800a1b8        0x4 ./AI/App/network.o
 .rodata.__compound_literal.24
                0x0800a1bc        0x4 ./AI/App/network.o
 .rodata.__compound_literal.25
                0x0800a1c0        0x4 ./AI/App/network.o
 .rodata.__compound_literal.26
                0x0800a1c4        0x4 ./AI/App/network.o
 .rodata.__compound_literal.27
                0x0800a1c8        0x4 ./AI/App/network.o
 .rodata.__compound_literal.28
                0x0800a1cc        0x4 ./AI/App/network.o
 .rodata.__compound_literal.29
                0x0800a1d0       0xd8 ./AI/App/network.o
 .rodata.g_network_details
                0x0800a2a8        0xc ./AI/App/network.o
                0x0800a2a8                g_network_details
 *fill*         0x0800a2b4        0x4 
 .rodata.g_network_info
                0x0800a2b8       0x50 ./AI/App/network.o
 .rodata._network_context.0
                0x0800a308       0x58 ./AI/App/network.o
 .rodata.g_network_gemm_0_weights_array
                0x0800a360       0xc0 ./AI/App/network_data.o
                0x0800a360                g_network_gemm_0_weights_array
 .rodata.g_network_gemm_0_bias_array
                0x0800a420       0xc0 ./AI/App/network_data.o
                0x0800a420                g_network_gemm_0_bias_array
 .rodata.g_network_gemm_1_weights_array
                0x0800a4e0     0x1800 ./AI/App/network_data.o
                0x0800a4e0                g_network_gemm_1_weights_array
 .rodata.g_network_gemm_1_bias_array
                0x0800bce0       0x80 ./AI/App/network_data.o
                0x0800bce0                g_network_gemm_1_bias_array
 .rodata.g_network_gemm_2_weights_array
                0x0800bd60     0x1000 ./AI/App/network_data.o
                0x0800bd60                g_network_gemm_2_weights_array
 .rodata.g_network_gemm_2_bias_array
                0x0800cd60       0x80 ./AI/App/network_data.o
                0x0800cd60                g_network_gemm_2_bias_array
 .rodata.g_network_gemm_3_weights_array
                0x0800cde0      0x800 ./AI/App/network_data.o
                0x0800cde0                g_network_gemm_3_weights_array
 .rodata.g_network_gemm_3_bias_array
                0x0800d5e0       0x40 ./AI/App/network_data.o
                0x0800d5e0                g_network_gemm_3_bias_array
 .rodata.g_network_gemm_4_weights_array
                0x0800d620       0x40 ./AI/App/network_data.o
                0x0800d620                g_network_gemm_4_weights_array
 .rodata.g_network_gemm_4_bias_array
                0x0800d660        0x8 ./AI/App/network_data.o
                0x0800d660                g_network_gemm_4_bias_array
 .rodata.AHBPrescTable
                0x0800d668       0x10 ./Core/Src/system_stm32f7xx.o
                0x0800d668                AHBPrescTable
 .rodata.APBPrescTable
                0x0800d678        0x8 ./Core/Src/system_stm32f7xx.o
                0x0800d678                APBPrescTable
 .rodata._printf_float.str1.1
                0x0800d680      0x171 D:/STM32/STM32CubeIDE_1.19.0/STM32CubeIDE/plugins/com.st.stm32cube.ide.mcu.externaltools.gnu-tools-for-stm32.13.3.rel1.win32_1.0.0.202411081344/tools/bin/../lib/gcc/arm-none-eabi/13.3.1/../../../../arm-none-eabi/lib/thumb/v7e-m+dp/hard\libc_nano.a(libc_a-nano-vfprintf_float.o)
                                 0x12 (size before relaxing)
 .rodata._printf_i.str1.1
                0x0800d7f1       0x22 D:/STM32/STM32CubeIDE_1.19.0/STM32CubeIDE/plugins/com.st.stm32cube.ide.mcu.externaltools.gnu-tools-for-stm32.13.3.rel1.win32_1.0.0.202411081344/tools/bin/../lib/gcc/arm-none-eabi/13.3.1/../../../../arm-none-eabi/lib/thumb/v7e-m+dp/hard\libc_nano.a(libc_a-nano-vfprintf_i.o)
 .rodata._dtoa_r.str1.1
                0x0800d7f1       0x8f D:/STM32/STM32CubeIDE_1.19.0/STM32CubeIDE/plugins/com.st.stm32cube.ide.mcu.externaltools.gnu-tools-for-stm32.13.3.rel1.win32_1.0.0.202411081344/tools/bin/../lib/gcc/arm-none-eabi/13.3.1/../../../../arm-none-eabi/lib/thumb/v7e-m+dp/hard\libc_nano.a(libc_a-dtoa.o)
 .rodata._Balloc.str1.1
                0x0800d7f1       0x70 D:/STM32/STM32CubeIDE_1.19.0/STM32CubeIDE/plugins/com.st.stm32cube.ide.mcu.externaltools.gnu-tools-for-stm32.13.3.rel1.win32_1.0.0.202411081344/tools/bin/../lib/gcc/arm-none-eabi/13.3.1/../../../../arm-none-eabi/lib/thumb/v7e-m+dp/hard\libc_nano.a(libc_a-mprec.o)
 .rodata.__multadd.str1.1
                0x0800d7f1       0x11 D:/STM32/STM32CubeIDE_1.19.0/STM32CubeIDE/plugins/com.st.stm32cube.ide.mcu.externaltools.gnu-tools-for-stm32.13.3.rel1.win32_1.0.0.202411081344/tools/bin/../lib/gcc/arm-none-eabi/13.3.1/../../../../arm-none-eabi/lib/thumb/v7e-m+dp/hard\libc_nano.a(libc_a-mprec.o)
 *fill*         0x0800d7f1        0x3 
 .rodata.p05.0  0x0800d7f4        0xc D:/STM32/STM32CubeIDE_1.19.0/STM32CubeIDE/plugins/com.st.stm32cube.ide.mcu.externaltools.gnu-tools-for-stm32.13.3.rel1.win32_1.0.0.202411081344/tools/bin/../lib/gcc/arm-none-eabi/13.3.1/../../../../arm-none-eabi/lib/thumb/v7e-m+dp/hard\libc_nano.a(libc_a-mprec.o)
 .rodata.__mprec_bigtens
                0x0800d800       0x28 D:/STM32/STM32CubeIDE_1.19.0/STM32CubeIDE/plugins/com.st.stm32cube.ide.mcu.externaltools.gnu-tools-for-stm32.13.3.rel1.win32_1.0.0.202411081344/tools/bin/../lib/gcc/arm-none-eabi/13.3.1/../../../../arm-none-eabi/lib/thumb/v7e-m+dp/hard\libc_nano.a(libc_a-mprec.o)
                0x0800d800                __mprec_bigtens
 .rodata.__mprec_tens
                0x0800d828       0xc8 D:/STM32/STM32CubeIDE_1.19.0/STM32CubeIDE/plugins/com.st.stm32cube.ide.mcu.externaltools.gnu-tools-for-stm32.13.3.rel1.win32_1.0.0.202411081344/tools/bin/../lib/gcc/arm-none-eabi/13.3.1/../../../../arm-none-eabi/lib/thumb/v7e-m+dp/hard\libc_nano.a(libc_a-mprec.o)
                0x0800d828                __mprec_tens
 .rodata._vfprintf_r.str1.1
                0x0800d8f0       0x11 D:/STM32/STM32CubeIDE_1.19.0/STM32CubeIDE/plugins/com.st.stm32cube.ide.mcu.externaltools.gnu-tools-for-stm32.13.3.rel1.win32_1.0.0.202411081344/tools/bin/../lib/gcc/arm-none-eabi/13.3.1/../../../../arm-none-eabi/lib/thumb/v7e-m+dp/hard\libc_nano.a(libc_a-nano-vfprintf.o)
 .rodata._setlocale_r.str1.1
                0x0800d8f0        0x9 D:/STM32/STM32CubeIDE_1.19.0/STM32CubeIDE/plugins/com.st.stm32cube.ide.mcu.externaltools.gnu-tools-for-stm32.13.3.rel1.win32_1.0.0.202411081344/tools/bin/../lib/gcc/arm-none-eabi/13.3.1/../../../../arm-none-eabi/lib/thumb/v7e-m+dp/hard\libc_nano.a(libc_a-locale.o)
 .rodata.str1.1
                0x0800d8f0        0x2 D:/STM32/STM32CubeIDE_1.19.0/STM32CubeIDE/plugins/com.st.stm32cube.ide.mcu.externaltools.gnu-tools-for-stm32.13.3.rel1.win32_1.0.0.202411081344/tools/bin/../lib/gcc/arm-none-eabi/13.3.1/../../../../arm-none-eabi/lib/thumb/v7e-m+dp/hard\libc_nano.a(libc_a-locale.o)
 .rodata.__assert_func.str1.1
                0x0800d8f0       0x3d D:/STM32/STM32CubeIDE_1.19.0/STM32CubeIDE/plugins/com.st.stm32cube.ide.mcu.externaltools.gnu-tools-for-stm32.13.3.rel1.win32_1.0.0.202411081344/tools/bin/../lib/gcc/arm-none-eabi/13.3.1/../../../../arm-none-eabi/lib/thumb/v7e-m+dp/hard\libc_nano.a(libc_a-assert.o)
 .rodata._ctype_
                0x0800d8f0      0x101 D:/STM32/STM32CubeIDE_1.19.0/STM32CubeIDE/plugins/com.st.stm32cube.ide.mcu.externaltools.gnu-tools-for-stm32.13.3.rel1.win32_1.0.0.202411081344/tools/bin/../lib/gcc/arm-none-eabi/13.3.1/../../../../arm-none-eabi/lib/thumb/v7e-m+dp/hard\libc_nano.a(libc_a-ctype_.o)
                0x0800d8f0                _ctype_
 *fill*         0x0800d9f1        0x3 
 .rodata.__inv_pio4
                0x0800d9f4       0x60 D:/STM32/STM32CubeIDE_1.19.0/STM32CubeIDE/plugins/com.st.stm32cube.ide.mcu.externaltools.gnu-tools-for-stm32.13.3.rel1.win32_1.0.0.202411081344/tools/bin/../lib/gcc/arm-none-eabi/13.3.1/../../../../arm-none-eabi/lib/thumb/v7e-m+dp/hard\libm.a(libm_a-sincosf_data.o)
                0x0800d9f4                __inv_pio4
 *fill*         0x0800da54        0x4 
 .rodata.__sincosf_table
                0x0800da58       0xe0 D:/STM32/STM32CubeIDE_1.19.0/STM32CubeIDE/plugins/com.st.stm32cube.ide.mcu.externaltools.gnu-tools-for-stm32.13.3.rel1.win32_1.0.0.202411081344/tools/bin/../lib/gcc/arm-none-eabi/13.3.1/../../../../arm-none-eabi/lib/thumb/v7e-m+dp/hard\libm.a(libm_a-sincosf_data.o)
                0x0800da58                __sincosf_table
                0x0800db38                        . = ALIGN (0x4)

.ARM.extab      0x0800db38        0x0
                0x0800db38                        . = ALIGN (0x4)
 *(.ARM.extab* .gnu.linkonce.armextab.*)
                0x0800db38                        . = ALIGN (0x4)

.ARM            0x0800db38        0x8
                0x0800db38                        . = ALIGN (0x4)
                0x0800db38                        __exidx_start = .
 *(.ARM.exidx*)
 .ARM.exidx     0x0800db38        0x8 D:/STM32/STM32CubeIDE_1.19.0/STM32CubeIDE/plugins/com.st.stm32cube.ide.mcu.externaltools.gnu-tools-for-stm32.13.3.rel1.win32_1.0.0.202411081344/tools/bin/../lib/gcc/arm-none-eabi/13.3.1/../../../../arm-none-eabi/lib/thumb/v7e-m+dp/hard\libc_nano.a(libc_a-memchr.o)
 .ARM.exidx     0x0800db40        0x0 D:/STM32/STM32CubeIDE_1.19.0/STM32CubeIDE/plugins/com.st.stm32cube.ide.mcu.externaltools.gnu-tools-for-stm32.13.3.rel1.win32_1.0.0.202411081344/tools/bin/../lib/gcc/arm-none-eabi/13.3.1/../../../../arm-none-eabi/lib/thumb/v7e-m+dp/hard\libc_nano.a(libc_a-strlen.o)
                                  0x8 (size before relaxing)
 .ARM.exidx     0x0800db40        0x0 D:/STM32/STM32CubeIDE_1.19.0/STM32CubeIDE/plugins/com.st.stm32cube.ide.mcu.externaltools.gnu-tools-for-stm32.13.3.rel1.win32_1.0.0.202411081344/tools/bin/../lib/gcc/arm-none-eabi/13.3.1/thumb/v7e-m+dp/hard\libgcc.a(_udivmoddi4.o)
                                  0x8 (size before relaxing)
                0x0800db40                        __exidx_end = .
                0x0800db40                        . = ALIGN (0x4)

.preinit_array  0x0800db40        0x0
                0x0800db40                        . = ALIGN (0x4)
                0x0800db40                        PROVIDE (__preinit_array_start = .)
 *(.preinit_array*)
                0x0800db40                        PROVIDE (__preinit_array_end = .)
                0x0800db40                        . = ALIGN (0x4)

.init_array     0x0800db40        0x4
                0x0800db40                        . = ALIGN (0x4)
                0x0800db40                        PROVIDE (__init_array_start = .)
 *(SORT_BY_NAME(.init_array.*))
 *(.init_array*)
 .init_array    0x0800db40        0x4 D:/STM32/STM32CubeIDE_1.19.0/STM32CubeIDE/plugins/com.st.stm32cube.ide.mcu.externaltools.gnu-tools-for-stm32.13.3.rel1.win32_1.0.0.202411081344/tools/bin/../lib/gcc/arm-none-eabi/13.3.1/thumb/v7e-m+dp/hard/crtbegin.o
                0x0800db44                        PROVIDE (__init_array_end = .)
                0x0800db44                        . = ALIGN (0x4)

.fini_array     0x0800db44        0x4
                0x0800db44                        . = ALIGN (0x4)
                [!provide]                        PROVIDE (__fini_array_start = .)
 *(SORT_BY_NAME(.fini_array.*))
 *(.fini_array*)
 .fini_array    0x0800db44        0x4 D:/STM32/STM32CubeIDE_1.19.0/STM32CubeIDE/plugins/com.st.stm32cube.ide.mcu.externaltools.gnu-tools-for-stm32.13.3.rel1.win32_1.0.0.202411081344/tools/bin/../lib/gcc/arm-none-eabi/13.3.1/thumb/v7e-m+dp/hard/crtbegin.o
                [!provide]                        PROVIDE (__fini_array_end = .)
                0x0800db48                        . = ALIGN (0x4)
                0x0800db48                        _sidata = LOADADDR (.data)

.rel.dyn        0x0800db48        0x0
 .rel.iplt      0x0800db48        0x0 D:/STM32/STM32CubeIDE_1.19.0/STM32CubeIDE/plugins/com.st.stm32cube.ide.mcu.externaltools.gnu-tools-for-stm32.13.3.rel1.win32_1.0.0.202411081344/tools/bin/../lib/gcc/arm-none-eabi/13.3.1/thumb/v7e-m+dp/hard/crtbegin.o

.data           0x20000140      0x428 load address 0x0800db48
                0x20000140                        . = ALIGN (0x4)
                0x20000140                        _sdata = .
 *(.data)
 *(.data*)
 .data.data_ins
                0x20000140        0x4 ./AI/App/app_x-cube-ai.o
                0x20000140                data_ins
 .data.data_outs
                0x20000144        0x4 ./AI/App/app_x-cube-ai.o
                0x20000144                data_outs
 .data.data_activations
                0x20000148        0x4 ./AI/App/app_x-cube-ai.o
                0x20000148                data_activations
 .data.data_states
                0x2000014c        0x4 ./AI/App/app_x-cube-ai.o
                0x2000014c                data_states
 .data.__compound_literal.30
                0x20000150        0x8 ./AI/App/network.o
 .data.__compound_literal.31
                0x20000158       0x28 ./AI/App/network.o
 .data.__compound_literal.32
                0x20000180        0x8 ./AI/App/network.o
 .data.__compound_literal.33
                0x20000188       0x28 ./AI/App/network.o
 .data.__compound_literal.34
                0x200001b0        0x4 ./AI/App/network.o
 .data.__compound_literal.35
                0x200001b4       0x28 ./AI/App/network.o
 .data.__compound_literal.36
                0x200001dc        0x4 ./AI/App/network.o
 .data.__compound_literal.37
                0x200001e0        0x4 ./AI/App/network.o
 .data.__compound_literal.38
                0x200001e4        0x4 ./AI/App/network.o
 .data.__compound_literal.39
                0x200001e8        0x4 ./AI/App/network.o
 .data.__compound_literal.40
                0x200001ec        0x4 ./AI/App/network.o
 .data.__compound_literal.41
                0x200001f0        0x4 ./AI/App/network.o
 .data.__compound_literal.42
                0x200001f4        0x4 ./AI/App/network.o
 .data.__compound_literal.43
                0x200001f8        0x4 ./AI/App/network.o
 .data.__compound_literal.44
                0x200001fc        0x4 ./AI/App/network.o
 .data.__compound_literal.45
                0x20000200        0x4 ./AI/App/network.o
 .data.__compound_literal.46
                0x20000204      0x190 ./AI/App/network.o
 .data.SystemCoreClock
                0x20000394        0x4 ./Core/Src/system_stm32f7xx.o
                0x20000394                SystemCoreClock
 .data.uwTickPrio
                0x20000398        0x4 ./Drivers/STM32F7xx_HAL_Driver/Src/stm32f7xx_hal.o
                0x20000398                uwTickPrio
 .data.uwTickFreq
                0x2000039c        0x1 ./Drivers/STM32F7xx_HAL_Driver/Src/stm32f7xx_hal.o
                0x2000039c                uwTickFreq
 .data._ioWriteAllowed
                0x2000039d        0x1 ./Middlewares/ST/AI/Misc/Src/aiTestUtility.o
 *fill*         0x2000039e        0x2 
 .data.__sglue  0x200003a0        0xc D:/STM32/STM32CubeIDE_1.19.0/STM32CubeIDE/plugins/com.st.stm32cube.ide.mcu.externaltools.gnu-tools-for-stm32.13.3.rel1.win32_1.0.0.202411081344/tools/bin/../lib/gcc/arm-none-eabi/13.3.1/../../../../arm-none-eabi/lib/thumb/v7e-m+dp/hard\libc_nano.a(libc_a-findfp.o)
                0x200003a0                __sglue
 .data._impure_ptr
                0x200003ac        0x4 D:/STM32/STM32CubeIDE_1.19.0/STM32CubeIDE/plugins/com.st.stm32cube.ide.mcu.externaltools.gnu-tools-for-stm32.13.3.rel1.win32_1.0.0.202411081344/tools/bin/../lib/gcc/arm-none-eabi/13.3.1/../../../../arm-none-eabi/lib/thumb/v7e-m+dp/hard\libc_nano.a(libc_a-impure.o)
                0x200003ac                _impure_ptr
 .data._impure_data
                0x200003b0       0x4c D:/STM32/STM32CubeIDE_1.19.0/STM32CubeIDE/plugins/com.st.stm32cube.ide.mcu.externaltools.gnu-tools-for-stm32.13.3.rel1.win32_1.0.0.202411081344/tools/bin/../lib/gcc/arm-none-eabi/13.3.1/../../../../arm-none-eabi/lib/thumb/v7e-m+dp/hard\libc_nano.a(libc_a-impure.o)
                0x200003b0                _impure_data
 .data.__global_locale
                0x200003fc      0x16c D:/STM32/STM32CubeIDE_1.19.0/STM32CubeIDE/plugins/com.st.stm32cube.ide.mcu.externaltools.gnu-tools-for-stm32.13.3.rel1.win32_1.0.0.202411081344/tools/bin/../lib/gcc/arm-none-eabi/13.3.1/../../../../arm-none-eabi/lib/thumb/v7e-m+dp/hard\libc_nano.a(libc_a-locale.o)
                0x200003fc                __global_locale
 *(.RamFunc)
 *(.RamFunc*)
                0x20000568                        . = ALIGN (0x4)
                0x20000568                        _edata = .

.igot.plt       0x20000568        0x0 load address 0x0800df70
 .igot.plt      0x20000568        0x0 D:/STM32/STM32CubeIDE_1.19.0/STM32CubeIDE/plugins/com.st.stm32cube.ide.mcu.externaltools.gnu-tools-for-stm32.13.3.rel1.win32_1.0.0.202411081344/tools/bin/../lib/gcc/arm-none-eabi/13.3.1/thumb/v7e-m+dp/hard/crtbegin.o
                0x20000568                        . = ALIGN (0x4)

.bss            0x20000580      0x2c0 load address 0x0800df70
                0x20000580                        _sbss = .
                0x20000580                        __bss_start__ = _sbss
 *(.bss)
 .bss           0x20000580       0x1c D:/STM32/STM32CubeIDE_1.19.0/STM32CubeIDE/plugins/com.st.stm32cube.ide.mcu.externaltools.gnu-tools-for-stm32.13.3.rel1.win32_1.0.0.202411081344/tools/bin/../lib/gcc/arm-none-eabi/13.3.1/thumb/v7e-m+dp/hard/crtbegin.o
 *(.bss*)
 *fill*         0x2000059c        0x4 
 .bss.data_in_1
                0x200005a0        0x4 ./AI/App/app_x-cube-ai.o
 *fill*         0x200005a4       0x1c 
 .bss.data_out_1
                0x200005c0        0x4 ./AI/App/app_x-cube-ai.o
 *fill*         0x200005c4        0x4 
 .bss.network_context
                0x200005c8       0x58 ./AI/App/app_x-cube-ai.o
                0x200005c8                network_context
 .bss.states_1  0x20000620        0x4 ./AI/App/app_x-cube-ai.o
 .bss._weights_addr
                0x20000624       0x2c ./AI/App/app_x-cube-ai.o
                0x20000624                _weights_addr
 .bss.gnetworks
                0x20000650        0x8 ./AI/App/app_x-cube-ai.o
 .bss.huart3    0x20000658       0x88 ./Core/Src/main.o
                0x20000658                huart3
 .bss.__sbrk_heap_end
                0x200006e0        0x4 ./Core/Src/sysmem.o
 .bss.uwTick    0x200006e4        0x4 ./Drivers/STM32F7xx_HAL_Driver/Src/stm32f7xx_hal.o
                0x200006e4                uwTick
 .bss.cyclesCount
                0x200006e8        0xc ./Middlewares/ST/AI/Misc/Src/aiTestUtility.o
                0x200006e8                cyclesCount
 .bss.__malloc_sbrk_start
                0x200006f4        0x4 D:/STM32/STM32CubeIDE_1.19.0/STM32CubeIDE/plugins/com.st.stm32cube.ide.mcu.externaltools.gnu-tools-for-stm32.13.3.rel1.win32_1.0.0.202411081344/tools/bin/../lib/gcc/arm-none-eabi/13.3.1/../../../../arm-none-eabi/lib/thumb/v7e-m+dp/hard\libc_nano.a(libc_a-mallocr.o)
                0x200006f4                __malloc_sbrk_start
 .bss.__malloc_free_list
                0x200006f8        0x4 D:/STM32/STM32CubeIDE_1.19.0/STM32CubeIDE/plugins/com.st.stm32cube.ide.mcu.externaltools.gnu-tools-for-stm32.13.3.rel1.win32_1.0.0.202411081344/tools/bin/../lib/gcc/arm-none-eabi/13.3.1/../../../../arm-none-eabi/lib/thumb/v7e-m+dp/hard\libc_nano.a(libc_a-mallocr.o)
                0x200006f8                __malloc_free_list
 .bss.__sf      0x200006fc      0x138 D:/STM32/STM32CubeIDE_1.19.0/STM32CubeIDE/plugins/com.st.stm32cube.ide.mcu.externaltools.gnu-tools-for-stm32.13.3.rel1.win32_1.0.0.202411081344/tools/bin/../lib/gcc/arm-none-eabi/13.3.1/../../../../arm-none-eabi/lib/thumb/v7e-m+dp/hard\libc_nano.a(libc_a-findfp.o)
                0x200006fc                __sf
 .bss.__stdio_exit_handler
                0x20000834        0x4 D:/STM32/STM32CubeIDE_1.19.0/STM32CubeIDE/plugins/com.st.stm32cube.ide.mcu.externaltools.gnu-tools-for-stm32.13.3.rel1.win32_1.0.0.202411081344/tools/bin/../lib/gcc/arm-none-eabi/13.3.1/../../../../arm-none-eabi/lib/thumb/v7e-m+dp/hard\libc_nano.a(libc_a-findfp.o)
                0x20000834                __stdio_exit_handler
 .bss.errno     0x20000838        0x4 D:/STM32/STM32CubeIDE_1.19.0/STM32CubeIDE/plugins/com.st.stm32cube.ide.mcu.externaltools.gnu-tools-for-stm32.13.3.rel1.win32_1.0.0.202411081344/tools/bin/../lib/gcc/arm-none-eabi/13.3.1/../../../../arm-none-eabi/lib/thumb/v7e-m+dp/hard\libc_nano.a(libc_a-reent.o)
                0x20000838                errno
 .bss.__lock___malloc_recursive_mutex
                0x2000083c        0x1 D:/STM32/STM32CubeIDE_1.19.0/STM32CubeIDE/plugins/com.st.stm32cube.ide.mcu.externaltools.gnu-tools-for-stm32.13.3.rel1.win32_1.0.0.202411081344/tools/bin/../lib/gcc/arm-none-eabi/13.3.1/../../../../arm-none-eabi/lib/thumb/v7e-m+dp/hard\libc_nano.a(libc_a-lock.o)
                0x2000083c                __lock___malloc_recursive_mutex
 .bss.__lock___sfp_recursive_mutex
                0x2000083d        0x1 D:/STM32/STM32CubeIDE_1.19.0/STM32CubeIDE/plugins/com.st.stm32cube.ide.mcu.externaltools.gnu-tools-for-stm32.13.3.rel1.win32_1.0.0.202411081344/tools/bin/../lib/gcc/arm-none-eabi/13.3.1/../../../../arm-none-eabi/lib/thumb/v7e-m+dp/hard\libc_nano.a(libc_a-lock.o)
                0x2000083d                __lock___sfp_recursive_mutex
 *(COMMON)
                0x20000840                        . = ALIGN (0x4)
 *fill*         0x2000083e        0x2 
                0x20000840                        _ebss = .
                0x20000840                        __bss_end__ = _ebss

._user_heap_stack
                0x20000840     0x2800 load address 0x0800df70
                0x20000840                        . = ALIGN (0x8)
                [!provide]                        PROVIDE (end = .)
                0x20000840                        PROVIDE (_end = .)
                0x20001040                        . = (. + _Min_Heap_Size)
 *fill*         0x20000840      0x800 
                0x20003040                        . = (. + _Min_Stack_Size)
 *fill*         0x20001040     0x2000 
                0x20003040                        . = ALIGN (0x8)

/DISCARD/
 libc.a(*)
 libm.a(*)
 libgcc.a(*)

.ARM.attributes
                0x00000000       0x2e
 *(.ARM.attributes)
 .ARM.attributes
                0x00000000       0x20 D:/STM32/STM32CubeIDE_1.19.0/STM32CubeIDE/plugins/com.st.stm32cube.ide.mcu.externaltools.gnu-tools-for-stm32.13.3.rel1.win32_1.0.0.202411081344/tools/bin/../lib/gcc/arm-none-eabi/13.3.1/thumb/v7e-m+dp/hard/crti.o
 .ARM.attributes
                0x00000020       0x32 D:/STM32/STM32CubeIDE_1.19.0/STM32CubeIDE/plugins/com.st.stm32cube.ide.mcu.externaltools.gnu-tools-for-stm32.13.3.rel1.win32_1.0.0.202411081344/tools/bin/../lib/gcc/arm-none-eabi/13.3.1/thumb/v7e-m+dp/hard/crtbegin.o
 .ARM.attributes
                0x00000052       0x32 ./AI/App/app_x-cube-ai.o
 .ARM.attributes
                0x00000084       0x32 ./AI/App/network.o
 .ARM.attributes
                0x000000b6       0x32 ./AI/App/network_data.o
 .ARM.attributes
                0x000000e8       0x32 ./Core/Src/main.o
 .ARM.attributes
                0x0000011a       0x32 ./Core/Src/stm32f7xx_hal_msp.o
 .ARM.attributes
                0x0000014c       0x32 ./Core/Src/stm32f7xx_it.o
 .ARM.attributes
                0x0000017e       0x32 ./Core/Src/syscalls.o
 .ARM.attributes
                0x000001b0       0x32 ./Core/Src/sysmem.o
 .ARM.attributes
                0x000001e2       0x32 ./Core/Src/system_stm32f7xx.o
 .ARM.attributes
                0x00000214       0x21 ./Core/Startup/startup_stm32f767zitx.o
 .ARM.attributes
                0x00000235       0x32 ./Drivers/STM32F7xx_HAL_Driver/Src/stm32f7xx_hal.o
 .ARM.attributes
                0x00000267       0x32 ./Drivers/STM32F7xx_HAL_Driver/Src/stm32f7xx_hal_cortex.o
 .ARM.attributes
                0x00000299       0x32 ./Drivers/STM32F7xx_HAL_Driver/Src/stm32f7xx_hal_gpio.o
 .ARM.attributes
                0x000002cb       0x32 ./Drivers/STM32F7xx_HAL_Driver/Src/stm32f7xx_hal_pwr_ex.o
 .ARM.attributes
                0x000002fd       0x32 ./Drivers/STM32F7xx_HAL_Driver/Src/stm32f7xx_hal_rcc.o
 .ARM.attributes
                0x0000032f       0x32 ./Drivers/STM32F7xx_HAL_Driver/Src/stm32f7xx_hal_rcc_ex.o
 .ARM.attributes
                0x00000361       0x32 ./Drivers/STM32F7xx_HAL_Driver/Src/stm32f7xx_hal_uart.o
 .ARM.attributes
                0x00000393       0x32 ./Middlewares/ST/AI/Misc/Src/aiTestUtility.o
 .ARM.attributes
                0x000003c5       0x32 ./Middlewares/ST/AI/Misc/Src/ai_device_adaptor.o
 .ARM.attributes
                0x000003f7       0x32 ./Middlewares/ST/AI/Misc/Src/lc_print.o
 .ARM.attributes
                0x00000429       0x32 ./Middlewares/ST/AI/Validation/Src/aiValidation_ST_AI.o
 .ARM.attributes
                0x0000045b       0x30 ../Middlewares/ST/AI/Lib/NetworkRuntime1200_CM7_GCC.a\NetworkRuntime1200_CM7_GCC.a(lite_dense_if32.o)
 .ARM.attributes
                0x0000048b       0x30 ../Middlewares/ST/AI/Lib/NetworkRuntime1200_CM7_GCC.a\NetworkRuntime1200_CM7_GCC.a(lite_nl_generic_float.o)
 .ARM.attributes
                0x000004bb       0x32 D:/STM32/STM32CubeIDE_1.19.0/STM32CubeIDE/plugins/com.st.stm32cube.ide.mcu.externaltools.gnu-tools-for-stm32.13.3.rel1.win32_1.0.0.202411081344/tools/bin/../lib/gcc/arm-none-eabi/13.3.1/../../../../arm-none-eabi/lib/thumb/v7e-m+dp/hard\libc_nano.a(libc_a-malloc.o)
 .ARM.attributes