../Core/Src/main.c:75:1:__io_putchar	16	static
../Core/Src/main.c:115:5:classify	0	static
../Core/Src/main.c:134:10:getCurrentMicros	24	static
../Core/Src/main.c:173:16:create_neural_net	8	static
../Core/Src/main.c:182:7:neural_net_add_layer	16	static
../Core/Src/main.c:190:7:neural_net_add_neuron	32	static
../Core/Src/main.c:204:9:_activation_func	8	static
../Core/Src/main.c:208:9:_neuron_evaluate	8	static
../Core/Src/main.c:223:11:neural_net_run	32	static
../Core/Src/main.c:283:17:new_linked_list	8	static
../Core/Src/main.c:296:7:linked_list_append	16	static
../Core/Src/main.c:315:8:linked_list_remove	16	static
../Core/Src/main.c:364:7:linked_list_start_iterator	0	static
../Core/Src/main.c:368:8:linked_list_get_next	0	static
../Core/Src/main.c:380:6:linked_list_length	0	static
../Core/Src/main.c:387:8:linked_list_get_last	0	static
../Core/Src/main.c:681:6:SystemClock_Config	96	static,ignoring_inline_asm
../Core/Src/main.c:400:5:main	608	static,ignoring_inline_asm
../Core/Src/main.c:932:6:Error_Handler	0	static,ignoring_inline_asm
