../AI/App/app_x-cube-ai.c:163:33:_stai_mnetwork_handle	0	static
../AI/App/app_x-cube-ai.c:154:16:_stai_mnetwork_is_valid.constprop	8	static
../AI/App/app_x-cube-ai.c:84:6:STM32CubeAI_Studio_AI_Init	8	static
../AI/App/app_x-cube-ai.c:92:6:STM32CubeAI_Studio_AI_Process	0	static
../AI/App/app_x-cube-ai.c:97:6:STM32CubeAI_Studio_AI_Deinit	0	static
../AI/App/app_x-cube-ai.c:185:13:stai_mnetwork_find	8	static
../AI/App/app_x-cube-ai.c:202:18:stai_mnetwork_init	32	static
../AI/App/app_x-cube-ai.c:241:18:stai_mnetwork_set_activations	8	static
../AI/App/app_x-cube-ai.c:254:18:stai_mnetwork_set_states	8	static
../AI/App/app_x-cube-ai.c:268:18:stai_mnetwork_set_weights	24	static
../AI/App/app_x-cube-ai.c:283:18:stai_mnetwork_set_inputs	8	static
../AI/App/app_x-cube-ai.c:296:18:stai_mnetwork_set_outputs	8	static
../AI/App/app_x-cube-ai.c:309:18:stai_mnetwork_set_callback	8	static
../AI/App/app_x-cube-ai.c:322:29:stai_mnetwork_get_details	8	static
../AI/App/app_x-cube-ai.c:334:18:stai_mnetwork_get_activations	16	static
../AI/App/app_x-cube-ai.c:348:18:stai_mnetwork_get_states	16	static
../AI/App/app_x-cube-ai.c:362:18:stai_mnetwork_get_weights	16	static
../AI/App/app_x-cube-ai.c:376:11:stai_mnetwork_get_weights_ext	8	static
../AI/App/app_x-cube-ai.c:388:18:stai_mnetwork_get_inputs	16	static
../AI/App/app_x-cube-ai.c:402:18:stai_mnetwork_get_outputs	16	static
../AI/App/app_x-cube-ai.c:417:18:stai_mnetwork_deinit	8	static
../AI/App/app_x-cube-ai.c:433:18:stai_mnetwork_get_info	8	static
../AI/App/app_x-cube-ai.c:446:18:stai_mnetwork_get_error	8	static
../AI/App/app_x-cube-ai.c:459:18:stai_mnetwork_run	8	static
